Archive member included to satisfy reference by file (symbol)

/usr/lib/gcc/arm-none-eabi/9.2.1/../../../arm-none-eabi/lib/thumb/v7e-m+fp/hard/libc_nano.a(lib_a-atexit.o)
                              /usr/lib/gcc/arm-none-eabi/9.2.1/../../../arm-none-eabi/lib/thumb/v7e-m+fp/hard/crt0.o (atexit)
/usr/lib/gcc/arm-none-eabi/9.2.1/../../../arm-none-eabi/lib/thumb/v7e-m+fp/hard/libc_nano.a(lib_a-ctype_.o)
                              _build/nrf52840_xxaa/nrf_log_str_formatter.c.o (_ctype_)
/usr/lib/gcc/arm-none-eabi/9.2.1/../../../arm-none-eabi/lib/thumb/v7e-m+fp/hard/libc_nano.a(lib_a-exit.o)
                              /usr/lib/gcc/arm-none-eabi/9.2.1/../../../arm-none-eabi/lib/thumb/v7e-m+fp/hard/crt0.o (exit)
/usr/lib/gcc/arm-none-eabi/9.2.1/../../../arm-none-eabi/lib/thumb/v7e-m+fp/hard/libc_nano.a(lib_a-fini.o)
                              /usr/lib/gcc/arm-none-eabi/9.2.1/../../../arm-none-eabi/lib/thumb/v7e-m+fp/hard/crt0.o (__libc_fini_array)
/usr/lib/gcc/arm-none-eabi/9.2.1/../../../arm-none-eabi/lib/thumb/v7e-m+fp/hard/libc_nano.a(lib_a-impure.o)
                              /usr/lib/gcc/arm-none-eabi/9.2.1/../../../arm-none-eabi/lib/thumb/v7e-m+fp/hard/libc_nano.a(lib_a-exit.o) (_global_impure_ptr)
/usr/lib/gcc/arm-none-eabi/9.2.1/../../../arm-none-eabi/lib/thumb/v7e-m+fp/hard/libc_nano.a(lib_a-init.o)
                              /usr/lib/gcc/arm-none-eabi/9.2.1/../../../arm-none-eabi/lib/thumb/v7e-m+fp/hard/crt0.o (__libc_init_array)
/usr/lib/gcc/arm-none-eabi/9.2.1/../../../arm-none-eabi/lib/thumb/v7e-m+fp/hard/libc_nano.a(lib_a-memcpy.o)
                              _build/nrf52840_xxaa/nrf_log_frontend.c.o (memcpy)
/usr/lib/gcc/arm-none-eabi/9.2.1/../../../arm-none-eabi/lib/thumb/v7e-m+fp/hard/libc_nano.a(lib_a-memset.o)
                              /usr/lib/gcc/arm-none-eabi/9.2.1/../../../arm-none-eabi/lib/thumb/v7e-m+fp/hard/crt0.o (memset)
/usr/lib/gcc/arm-none-eabi/9.2.1/../../../arm-none-eabi/lib/thumb/v7e-m+fp/hard/libc_nano.a(lib_a-snprintf.o)
                              _build/nrf52840_xxaa/app_usbd_serial_num.c.o (snprintf)
/usr/lib/gcc/arm-none-eabi/9.2.1/../../../arm-none-eabi/lib/thumb/v7e-m+fp/hard/libc_nano.a(lib_a-strlen.o)
                              _build/nrf52840_xxaa/nrf_log_frontend.c.o (strlen)
/usr/lib/gcc/arm-none-eabi/9.2.1/../../../arm-none-eabi/lib/thumb/v7e-m+fp/hard/libc_nano.a(lib_a-strncmp.o)
                              _build/nrf52840_xxaa/nrf_log_frontend.c.o (strncmp)
/usr/lib/gcc/arm-none-eabi/9.2.1/../../../arm-none-eabi/lib/thumb/v7e-m+fp/hard/libc_nano.a(lib_a-__atexit.o)
                              /usr/lib/gcc/arm-none-eabi/9.2.1/../../../arm-none-eabi/lib/thumb/v7e-m+fp/hard/libc_nano.a(lib_a-atexit.o) (__register_exitproc)
/usr/lib/gcc/arm-none-eabi/9.2.1/../../../arm-none-eabi/lib/thumb/v7e-m+fp/hard/libc_nano.a(lib_a-__call_atexit.o)
                              /usr/lib/gcc/arm-none-eabi/9.2.1/../../../arm-none-eabi/lib/thumb/v7e-m+fp/hard/libc_nano.a(lib_a-__atexit.o) (__call_exitprocs)
/usr/lib/gcc/arm-none-eabi/9.2.1/../../../arm-none-eabi/lib/thumb/v7e-m+fp/hard/libc_nano.a(lib_a-nano-svfprintf.o)
                              /usr/lib/gcc/arm-none-eabi/9.2.1/../../../arm-none-eabi/lib/thumb/v7e-m+fp/hard/libc_nano.a(lib_a-snprintf.o) (_svfprintf_r)
/usr/lib/gcc/arm-none-eabi/9.2.1/../../../arm-none-eabi/lib/thumb/v7e-m+fp/hard/libc_nano.a(lib_a-nano-vfprintf_i.o)
                              /usr/lib/gcc/arm-none-eabi/9.2.1/../../../arm-none-eabi/lib/thumb/v7e-m+fp/hard/libc_nano.a(lib_a-nano-svfprintf.o) (_printf_i)
/usr/lib/gcc/arm-none-eabi/9.2.1/../../../arm-none-eabi/lib/thumb/v7e-m+fp/hard/libc_nano.a(lib_a-memchr.o)
                              /usr/lib/gcc/arm-none-eabi/9.2.1/../../../arm-none-eabi/lib/thumb/v7e-m+fp/hard/libc_nano.a(lib_a-nano-svfprintf.o) (memchr)
/usr/lib/gcc/arm-none-eabi/9.2.1/../../../arm-none-eabi/lib/thumb/v7e-m+fp/hard/libc_nano.a(lib_a-memmove.o)
                              /usr/lib/gcc/arm-none-eabi/9.2.1/../../../arm-none-eabi/lib/thumb/v7e-m+fp/hard/libc_nano.a(lib_a-nano-svfprintf.o) (memmove)
/usr/lib/gcc/arm-none-eabi/9.2.1/../../../arm-none-eabi/lib/thumb/v7e-m+fp/hard/libc_nano.a(lib_a-nano-freer.o)
                              /usr/lib/gcc/arm-none-eabi/9.2.1/../../../arm-none-eabi/lib/thumb/v7e-m+fp/hard/libc_nano.a(lib_a-nano-svfprintf.o) (_free_r)
/usr/lib/gcc/arm-none-eabi/9.2.1/../../../arm-none-eabi/lib/thumb/v7e-m+fp/hard/libc_nano.a(lib_a-nano-mallocr.o)
                              /usr/lib/gcc/arm-none-eabi/9.2.1/../../../arm-none-eabi/lib/thumb/v7e-m+fp/hard/libc_nano.a(lib_a-nano-svfprintf.o) (_malloc_r)
/usr/lib/gcc/arm-none-eabi/9.2.1/../../../arm-none-eabi/lib/thumb/v7e-m+fp/hard/libc_nano.a(lib_a-nano-reallocr.o)
                              /usr/lib/gcc/arm-none-eabi/9.2.1/../../../arm-none-eabi/lib/thumb/v7e-m+fp/hard/libc_nano.a(lib_a-nano-svfprintf.o) (_realloc_r)
[...]
Memory Configuration

Name             Origin             Length             Attributes
FLASH            0x000000000001c000 0x0000000000064000 xr
RAM              0x0000000020001198 0x000000000001ee68 xrw
*default*        0x0000000000000000 0xffffffffffffffff

Linker script and memory map


.text           0x000000000001c000     0xb434
 *(.isr_vector)
 .isr_vector    0x000000000001c000      0x200 _build/nrf52840_xxaa/gcc_startup_nrf52840.S.o
                0x000000000001c000                __isr_vector
 *(.text*)
 .text          0x000000000001c200       0x88 /usr/lib/gcc/arm-none-eabi/9.2.1/thumb/v7e-m+fp/hard/crtbegin.o
 .text          0x000000000001c288       0x70 /usr/lib/gcc/arm-none-eabi/9.2.1/../../../arm-none-eabi/lib/thumb/v7e-m+fp/hard/crt0.o
                0x000000000001c288                _stack_init
                0x000000000001c290                _mainCRTStartup
                0x000000000001c290                _start
 .text          0x000000000001c2f8       0x3c _build/nrf52840_xxaa/gcc_startup_nrf52840.S.o
                0x000000000001c2f8                Reset_Handler
                0x000000000001c320                NMI_Handler
                0x000000000001c322                HardFault_Handler
                0x000000000001c324                MemoryManagement_Handler
                0x000000000001c326                BusFault_Handler
                0x000000000001c328                UsageFault_Handler
                0x000000000001c32a                SVC_Handler
                0x000000000001c32c                DebugMon_Handler
                0x000000000001c32e                PendSV_Handler
                0x000000000001c330                SysTick_Handler
                0x000000000001c332                TIMER2_IRQHandler
                0x000000000001c332                RTC0_IRQHandler
                0x000000000001c332                SWI0_EGU0_IRQHandler
                0x000000000001c332                SWI2_EGU2_IRQHandler
                0x000000000001c332                PWM1_IRQHandler
                0x000000000001c332                RADIO_IRQHandler
                0x000000000001c332                PDM_IRQHandler
                0x000000000001c332                TEMP_IRQHandler
                0x000000000001c332                QDEC_IRQHandler
                0x000000000001c332                TIMER3_IRQHandler
                0x000000000001c332                PWM3_IRQHandler
                0x000000000001c332                FPU_IRQHandler
                0x000000000001c332                SPIM0_SPIS0_TWIM0_TWIS0_SPI0_TWI0_IRQHandler
                0x000000000001c332                UARTE0_UART0_IRQHandler
                0x000000000001c332                TIMER4_IRQHandler
                0x000000000001c332                CRYPTOCELL_IRQHandler
                0x000000000001c332                I2S_IRQHandler
                0x000000000001c332                SWI4_EGU4_IRQHandler
                0x000000000001c332                TIMER0_IRQHandler
                0x000000000001c332                UARTE1_IRQHandler
                0x000000000001c332                TIMER1_IRQHandler
                0x000000000001c332                SPIM3_IRQHandler
                0x000000000001c332                PWM2_IRQHandler
                0x000000000001c332                ECB_IRQHandler
                0x000000000001c332                SPIM1_SPIS1_TWIM1_TWIS1_SPI1_TWI1_IRQHandler
                0x000000000001c332                Default_Handler
                0x000000000001c332                SAADC_IRQHandler
                0x000000000001c332                CCM_AAR_IRQHandler
                0x000000000001c332                WDT_IRQHandler
                0x000000000001c332                SWI5_EGU5_IRQHandler
                0x000000000001c332                RNG_IRQHandler
                0x000000000001c332                RTC2_IRQHandler
                0x000000000001c332                SWI3_EGU3_IRQHandler
                0x000000000001c332                SWI1_EGU1_IRQHandler
                0x000000000001c332                SPIM2_SPIS2_SPI2_IRQHandler
                0x000000000001c332                NFCT_IRQHandler
                0x000000000001c332                MWU_IRQHandler
                0x000000000001c332                QSPI_IRQHandler
                0x000000000001c332                COMP_LPCOMP_IRQHandler
 .text.nrf_log_init
                0x000000000001c334       0xa0 _build/nrf52840_xxaa/nrf_log_frontend.c.o
                0x000000000001c334                nrf_log_init
 .text.nrf_log_module_name_get
                0x000000000001c3d4       0x48 _build/nrf52840_xxaa/nrf_log_frontend.c.o
                0x000000000001c3d4                nrf_log_module_name_get
 .text.nrf_log_color_id_get
                0x000000000001c41c       0x2c _build/nrf52840_xxaa/nrf_log_frontend.c.o
                0x000000000001c41c                nrf_log_color_id_get
 .text.log_pending_hook
                0x000000000001c448        0x4 _build/nrf52840_xxaa/nrf_log_frontend.c.o
                0x000000000001c448                log_pending_hook
 .text.nrf_log_frontend_dequeue
                0x000000000001c44c      0x284 _build/nrf52840_xxaa/nrf_log_frontend.c.o
                0x000000000001c44c                nrf_log_frontend_dequeue
 .text.nrf_log_frontend_std_0
                0x000000000001c6d0      0x184 _build/nrf52840_xxaa/nrf_log_frontend.c.o
                0x000000000001c6d0                nrf_log_frontend_std_0
 .text.nrf_log_frontend_std_1
                0x000000000001c854      0x194 _build/nrf52840_xxaa/nrf_log_frontend.c.o
                0x000000000001c854                nrf_log_frontend_std_1
 .text.nrf_log_backend_add
                0x000000000001c9e8       0xdc _build/nrf52840_xxaa/nrf_log_frontend.c.o
                0x000000000001c9e8                nrf_log_backend_add
 .text.nrf_log_panic
                0x000000000001cac4       0x28 _build/nrf52840_xxaa/nrf_log_frontend.c.o
                0x000000000001cac4                nrf_log_panic
 .text.prefix_process
                0x000000000001caec       0x80 _build/nrf52840_xxaa/nrf_log_str_formatter.c.o
 .text.nrf_log_std_entry_process
                0x000000000001cb6c       0xf0 _build/nrf52840_xxaa/nrf_log_str_formatter.c.o
                0x000000000001cb6c                nrf_log_std_entry_process
 .text.nrf_log_hexdump_entry_process
                0x000000000001cc5c       0xfc _build/nrf52840_xxaa/nrf_log_str_formatter.c.o
                0x000000000001cc5c                nrf_log_hexdump_entry_process
 .text.app_error_handler_bare
                0x000000000001cd58       0x20 _build/nrf52840_xxaa/app_error.c.o
                0x000000000001cd58                app_error_handler_bare
 .text.app_error_fault_handler
                0x000000000001cd78       0x94 _build/nrf52840_xxaa/app_error_weak.c.o
                0x000000000001cd78                app_error_fault_handler
 .text.app_util_critical_region_enter
                0x000000000001ce0c       0x10 _build/nrf52840_xxaa/app_util_platform.c.o
                0x000000000001ce0c                app_util_critical_region_enter
 .text.app_util_critical_region_exit
                0x000000000001ce1c       0x14 _build/nrf52840_xxaa/app_util_platform.c.o
                0x000000000001ce1c                app_util_critical_region_exit
 .text.nrf_atomic_u32_fetch_store
                0x000000000001ce30       0x1c _build/nrf52840_xxaa/nrf_atomic.c.o
                0x000000000001ce30                nrf_atomic_u32_fetch_store
 .text.nrf_atomic_u32_add
                0x000000000001ce4c       0x1c _build/nrf52840_xxaa/nrf_atomic.c.o
                0x000000000001ce4c                nrf_atomic_u32_add
 .text.nrf_atomic_u32_sub
                0x000000000001ce68       0x1c _build/nrf52840_xxaa/nrf_atomic.c.o
                0x000000000001ce68                nrf_atomic_u32_sub
 .text.nrf_atomic_u32_sub_hs
                0x000000000001ce84       0x20 _build/nrf52840_xxaa/nrf_atomic.c.o
                0x000000000001ce84                nrf_atomic_u32_sub_hs
 .text.nrf_atomic_flag_set
                0x000000000001cea4       0x20 _build/nrf52840_xxaa/nrf_atomic.c.o
                0x000000000001cea4                nrf_atomic_flag_set
 .text.nrf_atomic_flag_clear_fetch
                0x000000000001cec4       0x20 _build/nrf52840_xxaa/nrf_atomic.c.o
                0x000000000001cec4                nrf_atomic_flag_clear_fetch
 .text.nrf_balloc_init
                0x000000000001cee4       0x38 _build/nrf52840_xxaa/nrf_balloc.c.o
                0x000000000001cee4                nrf_balloc_init
 .text.nrf_balloc_alloc
                0x000000000001cf1c       0x4c _build/nrf52840_xxaa/nrf_balloc.c.o
                0x000000000001cf1c                nrf_balloc_alloc
 .text.nrf_balloc_free
                0x000000000001cf68       0x2c _build/nrf52840_xxaa/nrf_balloc.c.o
                0x000000000001cf68                nrf_balloc_free
 .text.nrf_fprintf_buffer_flush
                0x000000000001cf94       0x18 _build/nrf52840_xxaa/nrf_fprintf.c.o
                0x000000000001cf94                nrf_fprintf_buffer_flush
 .text.nrf_fprintf
                0x000000000001cfac       0x20 _build/nrf52840_xxaa/nrf_fprintf.c.o
                0x000000000001cfac                nrf_fprintf
 .text.unsigned_print
                0x000000000001cfcc      0x14c _build/nrf52840_xxaa/nrf_fprintf_format.c.o
 .text.nrf_fprintf_fmt
                0x000000000001d118      0x5cc _build/nrf52840_xxaa/nrf_fprintf_format.c.o
                0x000000000001d118                nrf_fprintf_fmt
 .text.nrf_memobj_pool_init
                0x000000000001d6e4        0x4 _build/nrf52840_xxaa/nrf_memobj.c.o
                0x000000000001d6e4                nrf_memobj_pool_init
 .text.nrf_memobj_alloc
                0x000000000001d6e8       0x94 _build/nrf52840_xxaa/nrf_memobj.c.o
                0x000000000001d6e8                nrf_memobj_alloc
 .text.nrf_memobj_get
                0x000000000001d77c        0x8 _build/nrf52840_xxaa/nrf_memobj.c.o
                0x000000000001d77c                nrf_memobj_get
 .text.nrf_memobj_put
                0x000000000001d784       0x58 _build/nrf52840_xxaa/nrf_memobj.c.o
                0x000000000001d784                nrf_memobj_put
 .text.nrf_memobj_write
                0x000000000001d7dc       0x68 _build/nrf52840_xxaa/nrf_memobj.c.o
                0x000000000001d7dc                nrf_memobj_write
 .text.nrf_memobj_read
                0x000000000001d844       0x68 _build/nrf52840_xxaa/nrf_memobj.c.o
                0x000000000001d844                nrf_memobj_read
 .text.nrf_ringbuf_init
                0x000000000001d8ac       0x1c _build/nrf52840_xxaa/nrf_ringbuf.c.o
                0x000000000001d8ac                nrf_ringbuf_init
 .text.nrfx_atomic_u32_fetch_and
                0x000000000001d8c8       0x1c _build/nrf52840_xxaa/nrfx_atomic.c.o
                0x000000000001d8c8                nrfx_atomic_u32_fetch_and
 .text.usb_ev_handler
                0x000000000001d8e4      0x148 _build/nrf52840_xxaa/main.c.o
 .text.logs_init
                0x000000000001da2c       0x24 _build/nrf52840_xxaa/main.c.o
                0x000000000001da2c                logs_init
 .text.startup.main
                0x000000000001da50       0x8c _build/nrf52840_xxaa/main.c.o
                0x000000000001da50                main
 .text.SystemInit
                0x000000000001dadc      0x254 _build/nrf52840_xxaa/system_nrf52840.c.o
                0x000000000001dadc                SystemInit
 .text.hsv2rgb  0x000000000001dd30      0x168 _build/nrf52840_xxaa/hsv.c.o
                0x000000000001dd30                hsv2rgb
 .text.debounce_handler
                0x000000000001de98       0x30 _build/nrf52840_xxaa/click_manager.c.o
                0x000000000001de98                debounce_handler
 .text.double_click_handler
                0x000000000001dec8       0x58 _build/nrf52840_xxaa/click_manager.c.o
                0x000000000001dec8                double_click_handler
 .text.gpio_handler
                0x000000000001df20       0x44 _build/nrf52840_xxaa/click_manager.c.o
                0x000000000001df20                gpio_handler
 .text.timers_init
                0x000000000001df64       0x80 _build/nrf52840_xxaa/click_manager.c.o
                0x000000000001df64                timers_init
 .text.configure_leds
                0x000000000001dfe4       0x44 _build/nrf52840_xxaa/my_leds.c.o
                0x000000000001dfe4                configure_leds
 .text.save_data_to_nvm
                0x000000000001e028       0x2c _build/nrf52840_xxaa/nvmc.c.o
                0x000000000001e028                save_data_to_nvm
 .text.read_data_from_nvm
                0x000000000001e054       0x5c _build/nrf52840_xxaa/nvmc.c.o
                0x000000000001e054                read_data_from_nvm
 .text.pwm_handler
                0x000000000001e0b0      0x12c _build/nrf52840_xxaa/set_color.c.o
                0x000000000001e0b0                pwm_handler
 .text.set_mode
                0x000000000001e1dc       0xb4 _build/nrf52840_xxaa/set_color.c.o
                0x000000000001e1dc                set_mode
 .text.configure_button
                0x000000000001e290       0x20 _build/nrf52840_xxaa/my_button.c.o
                0x000000000001e290                configure_button
 .text.button_pressed
                0x000000000001e2b0       0x10 _build/nrf52840_xxaa/my_button.c.o
                0x000000000001e2b0                button_pressed
 .text.nrfx_gpiote_init
                0x000000000001e2c0       0xb0 _build/nrf52840_xxaa/nrfx_gpiote.c.o
                0x000000000001e2c0                nrfx_gpiote_init
 .text.nrfx_gpiote_in_init
                0x000000000001e370      0x1e4 _build/nrf52840_xxaa/nrfx_gpiote.c.o
                0x000000000001e370                nrfx_gpiote_in_init
 .text.nrfx_gpiote_in_event_enable
                0x000000000001e554       0xd8 _build/nrf52840_xxaa/nrfx_gpiote.c.o
                0x000000000001e554                nrfx_gpiote_in_event_enable
 .text.nrfx_gpiote_in_is_set
                0x000000000001e62c       0x20 _build/nrf52840_xxaa/nrfx_gpiote.c.o
                0x000000000001e62c                nrfx_gpiote_in_is_set
 .text.GPIOTE_IRQHandler
                0x000000000001e64c      0x500 _build/nrf52840_xxaa/nrfx_gpiote.c.o
                0x000000000001e64c                GPIOTE_IRQHandler
 .text.compare_func
                0x000000000001eb4c       0x18 _build/nrf52840_xxaa/app_timer2.c.o
 .text.rtc_irq  0x000000000001eb64      0x394 _build/nrf52840_xxaa/app_timer2.c.o
 .text.app_timer_init
                0x000000000001eef8       0x70 _build/nrf52840_xxaa/app_timer2.c.o
                0x000000000001eef8                app_timer_init
 .text.app_timer_create
                0x000000000001ef68       0x2c _build/nrf52840_xxaa/app_timer2.c.o
                0x000000000001ef68                app_timer_create
 .text.app_timer_start
                0x000000000001ef94       0xb4 _build/nrf52840_xxaa/app_timer2.c.o
                0x000000000001ef94                app_timer_start
 .text.app_timer_stop
                0x000000000001f048       0x70 _build/nrf52840_xxaa/app_timer2.c.o
                0x000000000001f048                app_timer_stop
 .text.drv_rtc_init
                0x000000000001f0b8       0xdc _build/nrf52840_xxaa/drv_rtc.c.o
                0x000000000001f0b8                drv_rtc_init
 .text.drv_rtc_start
                0x000000000001f194        0x8 _build/nrf52840_xxaa/drv_rtc.c.o
                0x000000000001f194                drv_rtc_start
 .text.drv_rtc_stop
                0x000000000001f19c        0x8 _build/nrf52840_xxaa/drv_rtc.c.o
                0x000000000001f19c                drv_rtc_stop
 .text.drv_rtc_compare_set
                0x000000000001f1a4       0x4c _build/nrf52840_xxaa/drv_rtc.c.o
                0x000000000001f1a4                drv_rtc_compare_set
 .text.drv_rtc_windowed_compare_set
                0x000000000001f1f0       0xf8 _build/nrf52840_xxaa/drv_rtc.c.o
                0x000000000001f1f0                drv_rtc_windowed_compare_set
 .text.drv_rtc_overflow_enable
                0x000000000001f2e8       0x14 _build/nrf52840_xxaa/drv_rtc.c.o
                0x000000000001f2e8                drv_rtc_overflow_enable
 .text.drv_rtc_overflow_pending
                0x000000000001f2fc       0x20 _build/nrf52840_xxaa/drv_rtc.c.o
                0x000000000001f2fc                drv_rtc_overflow_pending
 .text.drv_rtc_compare_disable
                0x000000000001f31c       0x18 _build/nrf52840_xxaa/drv_rtc.c.o
                0x000000000001f31c                drv_rtc_compare_disable
 .text.drv_rtc_compare_pending
                0x000000000001f334       0x20 _build/nrf52840_xxaa/drv_rtc.c.o
                0x000000000001f334                drv_rtc_compare_pending
 .text.drv_rtc_counter_get
                0x000000000001f354        0x8 _build/nrf52840_xxaa/drv_rtc.c.o
                0x000000000001f354                drv_rtc_counter_get
 .text.drv_rtc_irq_trigger
                0x000000000001f35c       0x24 _build/nrf52840_xxaa/drv_rtc.c.o
                0x000000000001f35c                drv_rtc_irq_trigger
 .text.RTC1_IRQHandler
                0x000000000001f380       0x14 _build/nrf52840_xxaa/drv_rtc.c.o
                0x000000000001f380                RTC1_IRQHandler
 .text.nrf_sortlist_add
                0x000000000001f394       0x28 _build/nrf52840_xxaa/nrf_sortlist.c.o
                0x000000000001f394                nrf_sortlist_add
 .text.nrf_sortlist_pop
                0x000000000001f3bc        0xc _build/nrf52840_xxaa/nrf_sortlist.c.o
                0x000000000001f3bc                nrf_sortlist_pop
 .text.nrf_sortlist_peek
                0x000000000001f3c8        0x8 _build/nrf52840_xxaa/nrf_sortlist.c.o
                0x000000000001f3c8                nrf_sortlist_peek
 .text.nrf_sortlist_remove
                0x000000000001f3d0       0x1c _build/nrf52840_xxaa/nrf_sortlist.c.o
                0x000000000001f3d0                nrf_sortlist_remove
 .text.nrf_atfifo_init
                0x000000000001f3ec       0x30 _build/nrf52840_xxaa/nrf_atfifo.c.o
                0x000000000001f3ec                nrf_atfifo_init
 .text.nrf_atfifo_item_alloc
                0x000000000001f41c       0x5c _build/nrf52840_xxaa/nrf_atfifo.c.o
                0x000000000001f41c                nrf_atfifo_item_alloc
 .text.nrf_atfifo_item_put
                0x000000000001f478       0x20 _build/nrf52840_xxaa/nrf_atfifo.c.o
                0x000000000001f478                nrf_atfifo_item_put
 .text.nrf_atfifo_item_get
                0x000000000001f498       0x60 _build/nrf52840_xxaa/nrf_atfifo.c.o
                0x000000000001f498                nrf_atfifo_item_get
 .text.nrf_atfifo_item_free
                0x000000000001f4f8       0x20 _build/nrf52840_xxaa/nrf_atfifo.c.o
                0x000000000001f4f8                nrf_atfifo_item_free
 .text.nrf_log_default_backends_init
                0x000000000001f518       0x20 _build/nrf52840_xxaa/nrf_log_default_backends.c.o
                0x000000000001f518                nrf_log_default_backends_init
 .text.log_backend_usb_cdc_acm_ev_handler
                0x000000000001f538       0x2c _build/nrf52840_xxaa/nrf_log_backend_usb.c.o
 .text.log_backend_usb_flush
                0x000000000001f564        0x4 _build/nrf52840_xxaa/nrf_log_backend_usb.c.o
 .text.log_backend_usb_panic_set
                0x000000000001f568       0x18 _build/nrf52840_xxaa/nrf_log_backend_usb.c.o
 .text.log_backend_usb_put
                0x000000000001f580       0x2c _build/nrf52840_xxaa/nrf_log_backend_usb.c.o
 .text.log_backend_usbd_user_ev_handler
                0x000000000001f5ac       0x48 _build/nrf52840_xxaa/nrf_log_backend_usb.c.o
 .text.usb_serial_tx
                0x000000000001f5f4       0x64 _build/nrf52840_xxaa/nrf_log_backend_usb.c.o
 .text.log_backend_usb_init
                0x000000000001f658       0x8c _build/nrf52840_xxaa/nrf_log_backend_usb.c.o
                0x000000000001f658                log_backend_usb_init
 .text.log_backend_usb_process
                0x000000000001f6e4       0x18 _build/nrf52840_xxaa/nrf_log_backend_usb.c.o
                0x000000000001f6e4                log_backend_usb_process
 .text.app_usbd_hfclk_ready
                0x000000000001f6fc       0x64 _build/nrf52840_xxaa/app_usbd.c.o
 .text.app_usbd_event_handler
                0x000000000001f760       0xdc _build/nrf52840_xxaa/app_usbd.c.o
 .text.app_usbd_power_event_handler
                0x000000000001f83c       0xe0 _build/nrf52840_xxaa/app_usbd.c.o
 .text.app_usbd_class_descriptor_find
                0x000000000001f91c       0xb8 _build/nrf52840_xxaa/app_usbd.c.o
                0x000000000001f91c                app_usbd_class_descriptor_find
 .text.app_usbd_init
                0x000000000001f9d4      0x150 _build/nrf52840_xxaa/app_usbd.c.o
                0x000000000001f9d4                app_usbd_init
 .text.app_usbd_power_events_enable
                0x000000000001fb24       0x30 _build/nrf52840_xxaa/app_usbd.c.o
                0x000000000001fb24                app_usbd_power_events_enable
 .text.app_usbd_enable
                0x000000000001fb54        0x4 _build/nrf52840_xxaa/app_usbd.c.o
                0x000000000001fb54                app_usbd_enable
 .text.app_usbd_disable
                0x000000000001fb58        0x4 _build/nrf52840_xxaa/app_usbd.c.o
                0x000000000001fb58                app_usbd_disable
 .text.app_usbd_start
                0x000000000001fb5c       0x7c _build/nrf52840_xxaa/app_usbd.c.o
                0x000000000001fb5c                app_usbd_start
 .text.app_usbd_stop
                0x000000000001fbd8       0x64 _build/nrf52840_xxaa/app_usbd.c.o
                0x000000000001fbd8                app_usbd_stop
 .text.app_usbd_class_append
                0x000000000001fc3c      0x11c _build/nrf52840_xxaa/app_usbd.c.o
                0x000000000001fc3c                app_usbd_class_append
 .text.app_usbd_class_remove
                0x000000000001fd58      0x12c _build/nrf52840_xxaa/app_usbd.c.o
                0x000000000001fd58                app_usbd_class_remove
 .text.app_usbd_class_rwu_enabled_check
                0x000000000001fe84       0x10 _build/nrf52840_xxaa/app_usbd.c.o
                0x000000000001fe84                app_usbd_class_rwu_enabled_check
 .text.app_usbd_ep_enable
                0x000000000001fe94       0x28 _build/nrf52840_xxaa/app_usbd.c.o
                0x000000000001fe94                app_usbd_ep_enable
 .text.app_usbd_ep_disable
                0x000000000001febc        0x4 _build/nrf52840_xxaa/app_usbd.c.o
                0x000000000001febc                app_usbd_ep_disable
 .text.app_usbd_class_first_get
                0x000000000001fec0        0xc _build/nrf52840_xxaa/app_usbd.c.o
                0x000000000001fec0                app_usbd_class_first_get
 .text.app_usbd_iface_find
                0x000000000001fecc       0x40 _build/nrf52840_xxaa/app_usbd.c.o
                0x000000000001fecc                app_usbd_iface_find
 .text.app_usbd_iface_call
                0x000000000001ff0c        0x8 _build/nrf52840_xxaa/app_usbd.c.o
                0x000000000001ff0c                app_usbd_iface_call
 .text.app_usbd_ep_call
                0x000000000001ff14       0x2c _build/nrf52840_xxaa/app_usbd.c.o
                0x000000000001ff14                app_usbd_ep_call
 .text.app_usbd_all_until_served_call
                0x000000000001ff40       0x2c _build/nrf52840_xxaa/app_usbd.c.o
                0x000000000001ff40                app_usbd_all_until_served_call
 .text.app_usbd_ep_transfer
                0x000000000001ff6c       0x28 _build/nrf52840_xxaa/app_usbd.c.o
                0x000000000001ff6c                app_usbd_ep_transfer
 .text.app_usbd_ep_handled_transfer
                0x000000000001ff94       0x28 _build/nrf52840_xxaa/app_usbd.c.o
                0x000000000001ff94                app_usbd_ep_handled_transfer
 .text.app_usbd_iface_select
                0x000000000001ffbc       0x80 _build/nrf52840_xxaa/app_usbd.c.o
                0x000000000001ffbc                app_usbd_iface_select
 .text.app_usbd_iface_selection_get
                0x000000000002003c        0xc _build/nrf52840_xxaa/app_usbd.c.o
                0x000000000002003c                app_usbd_iface_selection_get
 .text.app_usbd_all_iface_select_0
                0x0000000000020048       0xb8 _build/nrf52840_xxaa/app_usbd.c.o
                0x0000000000020048                app_usbd_all_iface_select_0
 .text.app_usbd_all_iface_deselect
                0x0000000000020100       0x84 _build/nrf52840_xxaa/app_usbd.c.o
                0x0000000000020100                app_usbd_all_iface_deselect
 .text.app_usbd_event_execute
                0x0000000000020184      0x60c _build/nrf52840_xxaa/app_usbd.c.o
                0x0000000000020184                app_usbd_event_execute
 .text.app_usbd_event_queue_process
                0x0000000000020790       0xb8 _build/nrf52840_xxaa/app_usbd.c.o
                0x0000000000020790                app_usbd_event_queue_process
 .text.clock_irq_handler
                0x0000000000020848       0x44 _build/nrf52840_xxaa/nrf_drv_clock.c.o
 .text.nrf_drv_clock_init_check
                0x000000000002088c        0xc _build/nrf52840_xxaa/nrf_drv_clock.c.o
                0x000000000002088c                nrf_drv_clock_init_check
 .text.nrf_drv_clock_init
                0x0000000000020898       0x44 _build/nrf52840_xxaa/nrf_drv_clock.c.o
                0x0000000000020898                nrf_drv_clock_init
 .text.nrf_drv_clock_lfclk_request
                0x00000000000208dc       0x5c _build/nrf52840_xxaa/nrf_drv_clock.c.o
                0x00000000000208dc                nrf_drv_clock_lfclk_request
 .text.nrf_drv_clock_lfclk_is_running
                0x0000000000020938       0x10 _build/nrf52840_xxaa/nrf_drv_clock.c.o
                0x0000000000020938                nrf_drv_clock_lfclk_is_running
 .text.nrf_drv_clock_hfclk_request
                0x0000000000020948       0x5c _build/nrf52840_xxaa/nrf_drv_clock.c.o
                0x0000000000020948                nrf_drv_clock_hfclk_request
 .text.nrf_drv_clock_hfclk_release
                0x00000000000209a4       0x34 _build/nrf52840_xxaa/nrf_drv_clock.c.o
                0x00000000000209a4                nrf_drv_clock_hfclk_release
 .text.nrfx_usbd_consumer
                0x00000000000209d8       0x38 _build/nrf52840_xxaa/nrfx_usbd.c.o
                0x00000000000209d8                nrfx_usbd_consumer
 .text.nrfx_usbd_feeder_ram
                0x0000000000020a10       0x28 _build/nrf52840_xxaa/nrfx_usbd.c.o
                0x0000000000020a10                nrfx_usbd_feeder_ram
 .text.nrfx_usbd_feeder_ram_zlp
                0x0000000000020a38       0x28 _build/nrf52840_xxaa/nrfx_usbd.c.o
                0x0000000000020a38                nrfx_usbd_feeder_ram_zlp
 .text.ev_usbreset_handler
                0x0000000000020a60       0x34 _build/nrf52840_xxaa/nrfx_usbd.c.o
 .text.ev_started_handler
                0x0000000000020a94        0x4 _build/nrf52840_xxaa/nrfx_usbd.c.o
 .text.ev_sof_handler
                0x0000000000020a98       0x48 _build/nrf52840_xxaa/nrfx_usbd.c.o
 .text.nrfx_usbd_feeder_flash
                0x0000000000020ae0       0x38 _build/nrf52840_xxaa/nrfx_usbd.c.o
                0x0000000000020ae0                nrfx_usbd_feeder_flash
 .text.nrfx_usbd_feeder_flash_zlp
                0x0000000000020b18       0x40 _build/nrf52840_xxaa/nrfx_usbd.c.o
                0x0000000000020b18                nrfx_usbd_feeder_flash_zlp
 .text.ev_dma_epout0_handler
                0x0000000000020b58       0x80 _build/nrf52840_xxaa/nrfx_usbd.c.o
 .text.ev_usbevent_handler
                0x0000000000020bd8       0xb0 _build/nrf52840_xxaa/nrfx_usbd.c.o
 .text.ev_setup_data_handler
                0x0000000000020c88      0x124 _build/nrf52840_xxaa/nrfx_usbd.c.o
 .text.usbd_dmareq_process.part.0
                0x0000000000020dac      0x23c _build/nrf52840_xxaa/nrfx_usbd.c.o
 .text.ev_dma_epout5_handler
                0x0000000000020fe8       0x7c _build/nrf52840_xxaa/nrfx_usbd.c.o
 .text.ev_dma_epout8_handler
                0x0000000000021064       0x68 _build/nrf52840_xxaa/nrfx_usbd.c.o
 .text.ev_dma_epin8_handler
                0x00000000000210cc       0x7c _build/nrf52840_xxaa/nrfx_usbd.c.o
 .text.ev_dma_epin0_handler
                0x0000000000021148       0x44 _build/nrf52840_xxaa/nrfx_usbd.c.o
 .text.ev_dma_epin7_handler
                0x000000000002118c       0x44 _build/nrf52840_xxaa/nrfx_usbd.c.o
 .text.ev_dma_epin1_handler
                0x00000000000211d0       0x44 _build/nrf52840_xxaa/nrfx_usbd.c.o
 .text.ev_dma_epin2_handler
                0x0000000000021214       0x44 _build/nrf52840_xxaa/nrfx_usbd.c.o
 .text.ev_dma_epin3_handler
                0x0000000000021258       0x44 _build/nrf52840_xxaa/nrfx_usbd.c.o
 .text.ev_dma_epin4_handler
                0x000000000002129c       0x44 _build/nrf52840_xxaa/nrfx_usbd.c.o
 .text.ev_dma_epin5_handler
                0x00000000000212e0       0x44 _build/nrf52840_xxaa/nrfx_usbd.c.o
 .text.ev_dma_epin6_handler
                0x0000000000021324       0x44 _build/nrf52840_xxaa/nrfx_usbd.c.o
 .text.ev_dma_epout1_handler
                0x0000000000021368       0x78 _build/nrf52840_xxaa/nrfx_usbd.c.o
 .text.ev_dma_epout6_handler
                0x00000000000213e0       0x78 _build/nrf52840_xxaa/nrfx_usbd.c.o
 .text.ev_dma_epout7_handler
                0x0000000000021458       0x7c _build/nrf52840_xxaa/nrfx_usbd.c.o
 .text.ev_dma_epout2_handler
                0x00000000000214d4       0x7c _build/nrf52840_xxaa/nrfx_usbd.c.o
 .text.ev_dma_epout3_handler
                0x0000000000021550       0x7c _build/nrf52840_xxaa/nrfx_usbd.c.o
 .text.ev_dma_epout4_handler
                0x00000000000215cc       0x7c _build/nrf52840_xxaa/nrfx_usbd.c.o
 .text.ev_epdata_handler
                0x0000000000021648      0x178 _build/nrf52840_xxaa/nrfx_usbd.c.o
 .text.ev_setup_handler
                0x00000000000217c0      0x1c4 _build/nrf52840_xxaa/nrfx_usbd.c.o
 .text.nrfx_usbd_ep_abort
                0x0000000000021984      0x138 _build/nrf52840_xxaa/nrfx_usbd.c.o
                0x0000000000021984                nrfx_usbd_ep_abort
 .text.USBD_IRQHandler
                0x0000000000021abc       0xbc _build/nrf52840_xxaa/nrfx_usbd.c.o
                0x0000000000021abc                USBD_IRQHandler
 .text.nrfx_usbd_init
                0x0000000000021b78      0x128 _build/nrf52840_xxaa/nrfx_usbd.c.o
                0x0000000000021b78                nrfx_usbd_init
 .text.nrfx_usbd_uninit
                0x0000000000021ca0       0x14 _build/nrf52840_xxaa/nrfx_usbd.c.o
                0x0000000000021ca0                nrfx_usbd_uninit
 .text.nrfx_usbd_enable
                0x0000000000021cb4      0x254 _build/nrf52840_xxaa/nrfx_usbd.c.o
                0x0000000000021cb4                nrfx_usbd_enable
 .text.nrfx_usbd_disable
                0x0000000000021f08      0x228 _build/nrf52840_xxaa/nrfx_usbd.c.o
                0x0000000000021f08                nrfx_usbd_disable
 .text.nrfx_usbd_start
                0x0000000000022130       0x4c _build/nrf52840_xxaa/nrfx_usbd.c.o
                0x0000000000022130                nrfx_usbd_start
 .text.nrfx_usbd_stop
                0x000000000002217c      0x1e8 _build/nrf52840_xxaa/nrfx_usbd.c.o
                0x000000000002217c                nrfx_usbd_stop
 .text.nrfx_usbd_is_initialized
                0x0000000000022364       0x10 _build/nrf52840_xxaa/nrfx_usbd.c.o
                0x0000000000022364                nrfx_usbd_is_initialized
 .text.nrfx_usbd_is_enabled
                0x0000000000022374       0x14 _build/nrf52840_xxaa/nrfx_usbd.c.o
                0x0000000000022374                nrfx_usbd_is_enabled
 .text.nrfx_usbd_is_started
                0x0000000000022388       0x1c _build/nrf52840_xxaa/nrfx_usbd.c.o
                0x0000000000022388                nrfx_usbd_is_started
 .text.nrfx_usbd_suspend
                0x00000000000223a4      0x1e8 _build/nrf52840_xxaa/nrfx_usbd.c.o
                0x00000000000223a4                nrfx_usbd_suspend
 .text.nrfx_usbd_wakeup_req
                0x000000000002258c       0x70 _build/nrf52840_xxaa/nrfx_usbd.c.o
                0x000000000002258c                nrfx_usbd_wakeup_req
 .text.nrfx_usbd_suspend_irq_config
                0x00000000000225fc       0x14 _build/nrf52840_xxaa/nrfx_usbd.c.o
                0x00000000000225fc                nrfx_usbd_suspend_irq_config
 .text.nrfx_usbd_active_irq_config
                0x0000000000022610       0x14 _build/nrf52840_xxaa/nrfx_usbd.c.o
                0x0000000000022610                nrfx_usbd_active_irq_config
 .text.nrfx_usbd_force_bus_wakeup
                0x0000000000022624        0xc _build/nrf52840_xxaa/nrfx_usbd.c.o
                0x0000000000022624                nrfx_usbd_force_bus_wakeup
 .text.nrfx_usbd_ep_max_packet_size_get
                0x0000000000022630       0x20 _build/nrf52840_xxaa/nrfx_usbd.c.o
                0x0000000000022630                nrfx_usbd_ep_max_packet_size_get
 .text.nrfx_usbd_ep_enable_check
                0x0000000000022650       0x20 _build/nrf52840_xxaa/nrfx_usbd.c.o
                0x0000000000022650                nrfx_usbd_ep_enable_check
 .text.nrfx_usbd_ep_enable
                0x0000000000022670       0xd4 _build/nrf52840_xxaa/nrfx_usbd.c.o
                0x0000000000022670                nrfx_usbd_ep_enable
 .text.nrfx_usbd_ep_disable
                0x0000000000022744      0x198 _build/nrf52840_xxaa/nrfx_usbd.c.o
                0x0000000000022744                nrfx_usbd_ep_disable
 .text.nrfx_usbd_ep_transfer
                0x00000000000228dc      0x124 _build/nrf52840_xxaa/nrfx_usbd.c.o
                0x00000000000228dc                nrfx_usbd_ep_transfer
 .text.nrfx_usbd_ep_handled_transfer
                0x0000000000022a00       0xb4 _build/nrf52840_xxaa/nrfx_usbd.c.o
                0x0000000000022a00                nrfx_usbd_ep_handled_transfer
 .text.nrfx_usbd_feeder_buffer_get
                0x0000000000022ab4        0x8 _build/nrf52840_xxaa/nrfx_usbd.c.o
                0x0000000000022ab4                nrfx_usbd_feeder_buffer_get
 .text.nrfx_usbd_ep_stall
                0x0000000000022abc       0x18 _build/nrf52840_xxaa/nrfx_usbd.c.o
                0x0000000000022abc                nrfx_usbd_ep_stall
 .text.nrfx_usbd_ep_stall_clear
                0x0000000000022ad4       0x70 _build/nrf52840_xxaa/nrfx_usbd.c.o
                0x0000000000022ad4                nrfx_usbd_ep_stall_clear
 .text.nrfx_usbd_ep_stall_check
                0x0000000000022b44       0x44 _build/nrf52840_xxaa/nrfx_usbd.c.o
                0x0000000000022b44                nrfx_usbd_ep_stall_check
 .text.nrfx_usbd_ep_dtoggle_clear
                0x0000000000022b88       0x20 _build/nrf52840_xxaa/nrfx_usbd.c.o
                0x0000000000022b88                nrfx_usbd_ep_dtoggle_clear
 .text.nrfx_usbd_setup_get
                0x0000000000022ba8       0x4c _build/nrf52840_xxaa/nrfx_usbd.c.o
                0x0000000000022ba8                nrfx_usbd_setup_get
 .text.nrfx_usbd_setup_data_clear
                0x0000000000022bf4       0x14 _build/nrf52840_xxaa/nrfx_usbd.c.o
                0x0000000000022bf4                nrfx_usbd_setup_data_clear
 .text.nrfx_usbd_setup_clear
                0x0000000000022c08       0x14 _build/nrf52840_xxaa/nrfx_usbd.c.o
                0x0000000000022c08                nrfx_usbd_setup_clear
 .text.nrfx_usbd_setup_stall
                0x0000000000022c1c       0x14 _build/nrf52840_xxaa/nrfx_usbd.c.o
                0x0000000000022c1c                nrfx_usbd_setup_stall
 .text.nrfx_usbd_last_setup_dir_get
                0x0000000000022c30        0xc _build/nrf52840_xxaa/nrfx_usbd.c.o
                0x0000000000022c30                nrfx_usbd_last_setup_dir_get
 .text.setup_data_handler_empty
                0x0000000000022c3c        0x4 _build/nrf52840_xxaa/app_usbd_core.c.o
 .text.usbd_descriptor_conf_feeder
                0x0000000000022c40      0x128 _build/nrf52840_xxaa/app_usbd_core.c.o
 .text.app_usbd_core_ep0_enable
                0x0000000000022d68       0x14 _build/nrf52840_xxaa/app_usbd_core.c.o
                0x0000000000022d68                app_usbd_core_ep0_enable
 .text.app_usbd_core_ep0_disable
                0x0000000000022d7c       0x14 _build/nrf52840_xxaa/app_usbd_core.c.o
                0x0000000000022d7c                app_usbd_core_ep0_disable
 .text.app_usbd_core_setup_rsp
                0x0000000000022d90       0x88 _build/nrf52840_xxaa/app_usbd_core.c.o
                0x0000000000022d90                app_usbd_core_setup_rsp
 .text.app_usbd_core_event_handler
                0x0000000000022e18      0x600 _build/nrf52840_xxaa/app_usbd_core.c.o
 .text.app_usbd_core_setup_data_handler_set
                0x0000000000023418       0x28 _build/nrf52840_xxaa/app_usbd_core.c.o
                0x0000000000023418                app_usbd_core_setup_data_handler_set
 .text.app_usbd_core_setup_transfer_buff_get
                0x0000000000023440       0x10 _build/nrf52840_xxaa/app_usbd_core.c.o
                0x0000000000023440                app_usbd_core_setup_transfer_buff_get
 .text.app_usbd_string_desc_get
                0x0000000000023450       0x80 _build/nrf52840_xxaa/app_usbd_string_desc.c.o
                0x0000000000023450                app_usbd_string_desc_get
 .text.nrfx_clock_init
                0x00000000000234d0       0x18 _build/nrf52840_xxaa/nrfx_clock.c.o
                0x00000000000234d0                nrfx_clock_init
 .text.nrfx_clock_enable
                0x00000000000234e8       0x2c _build/nrf52840_xxaa/nrfx_clock.c.o
                0x00000000000234e8                nrfx_clock_enable
 .text.nrfx_clock_lfclk_start
                0x0000000000023514       0x30 _build/nrf52840_xxaa/nrfx_clock.c.o
                0x0000000000023514                nrfx_clock_lfclk_start
 .text.nrfx_clock_hfclk_start
                0x0000000000023544       0x24 _build/nrf52840_xxaa/nrfx_clock.c.o
                0x0000000000023544                nrfx_clock_hfclk_start
 .text.nrfx_clock_hfclk_stop
                0x0000000000023568       0x48 _build/nrf52840_xxaa/nrfx_clock.c.o
                0x0000000000023568                nrfx_clock_hfclk_stop
 .text.nrfx_clock_irq_handler
                0x00000000000235b0       0x6c _build/nrf52840_xxaa/nrfx_clock.c.o
                0x00000000000235b0                nrfx_clock_irq_handler
 .text.nrf_log_backend_serial_put
                0x000000000002361c       0xd8 _build/nrf52840_xxaa/nrf_log_backend_serial.c.o
                0x000000000002361c                nrf_log_backend_serial_put
 .text.cdc_acm_feed_descriptors
                0x00000000000236f4      0xc34 _build/nrf52840_xxaa/app_usbd_cdc_acm.c.o
 .text.cdc_acm_req_out_data_cb
                0x0000000000024328       0x28 _build/nrf52840_xxaa/app_usbd_cdc_acm.c.o
 .text.cdc_acm_consumer
                0x0000000000024350       0x38 _build/nrf52840_xxaa/app_usbd_cdc_acm.c.o
 .text.cdc_acm_event_handler
                0x0000000000024388      0x34c _build/nrf52840_xxaa/app_usbd_cdc_acm.c.o
 .text.app_usbd_cdc_acm_write
                0x00000000000246d4       0x48 _build/nrf52840_xxaa/app_usbd_cdc_acm.c.o
                0x00000000000246d4                app_usbd_cdc_acm_write
 .text.app_usbd_cdc_acm_rx_size
                0x000000000002471c        0x8 _build/nrf52840_xxaa/app_usbd_cdc_acm.c.o
                0x000000000002471c                app_usbd_cdc_acm_rx_size
 .text.app_usbd_cdc_acm_read
                0x0000000000024724       0xb0 _build/nrf52840_xxaa/app_usbd_cdc_acm.c.o
                0x0000000000024724                app_usbd_cdc_acm_read
 .text.app_usbd_serial_num_generate
                0x00000000000247d4       0x50 _build/nrf52840_xxaa/app_usbd_serial_num.c.o
                0x00000000000247d4                app_usbd_serial_num_generate
 .text.nrf_drv_power_init
                0x0000000000024824       0x28 _build/nrf52840_xxaa/nrf_drv_power.c.o
                0x0000000000024824                nrf_drv_power_init
 .text.nrf_drv_power_usbevt_init
                0x000000000002484c       0x20 _build/nrf52840_xxaa/nrf_drv_power.c.o
                0x000000000002484c                nrf_drv_power_usbevt_init
 .text.nrfx_power_init
                0x000000000002486c       0x4c _build/nrf52840_xxaa/nrfx_power.c.o
                0x000000000002486c                nrfx_power_init
 .text.nrfx_power_usbevt_init
                0x00000000000248b8        0xc _build/nrf52840_xxaa/nrfx_power.c.o
                0x00000000000248b8                nrfx_power_usbevt_init
 .text.nrfx_power_usbevt_enable
                0x00000000000248c4       0x10 _build/nrf52840_xxaa/nrfx_power.c.o
                0x00000000000248c4                nrfx_power_usbevt_enable
 .text.nrfx_power_usbevt_disable
                0x00000000000248d4       0x10 _build/nrf52840_xxaa/nrfx_power.c.o
                0x00000000000248d4                nrfx_power_usbevt_disable
 .text.nrfx_power_usbevt_uninit
                0x00000000000248e4        0xc _build/nrf52840_xxaa/nrfx_power.c.o
                0x00000000000248e4                nrfx_power_usbevt_uninit
 .text.nrfx_power_irq_handler
                0x00000000000248f0       0xec _build/nrf52840_xxaa/nrfx_power.c.o
                0x00000000000248f0                nrfx_power_irq_handler
 .text.POWER_CLOCK_IRQHandler
                0x00000000000249dc       0x10 _build/nrf52840_xxaa/nrfx_power.c.o
                0x00000000000249dc                POWER_CLOCK_IRQHandler
 .text.nrfx_pwm_init
                0x00000000000249ec      0x2e0 _build/nrf52840_xxaa/nrfx_pwm.c.o
                0x00000000000249ec                nrfx_pwm_init
 .text.nrfx_pwm_simple_playback
                0x0000000000024ccc       0xfc _build/nrf52840_xxaa/nrfx_pwm.c.o
                0x0000000000024ccc                nrfx_pwm_simple_playback
 .text.PWM0_IRQHandler
                0x0000000000024dc8       0xbc _build/nrf52840_xxaa/nrfx_pwm.c.o
                0x0000000000024dc8                PWM0_IRQHandler
 .text.nrfx_nvmc_page_erase
                0x0000000000024e84       0x3c _build/nrf52840_xxaa/nrfx_nvmc.c.o
                0x0000000000024e84                nrfx_nvmc_page_erase
 .text.nrfx_nvmc_words_write
                0x0000000000024ec0       0x3c _build/nrf52840_xxaa/nrfx_nvmc.c.o
                0x0000000000024ec0                nrfx_nvmc_words_write
 .text          0x0000000000024efc        0xc /usr/lib/gcc/arm-none-eabi/9.2.1/../../../arm-none-eabi/lib/thumb/v7e-m+fp/hard/libc_nano.a(lib_a-atexit.o)
                0x0000000000024efc                atexit
 .text          0x0000000000024f08       0x28 /usr/lib/gcc/arm-none-eabi/9.2.1/../../../arm-none-eabi/lib/thumb/v7e-m+fp/hard/libc_nano.a(lib_a-exit.o)
                0x0000000000024f08                exit
 .text          0x0000000000024f30       0x34 /usr/lib/gcc/arm-none-eabi/9.2.1/../../../arm-none-eabi/lib/thumb/v7e-m+fp/hard/libc_nano.a(lib_a-fini.o)
                0x0000000000024f30                __libc_fini_array
 .text          0x0000000000024f64       0x48 /usr/lib/gcc/arm-none-eabi/9.2.1/../../../arm-none-eabi/lib/thumb/v7e-m+fp/hard/libc_nano.a(lib_a-init.o)
                0x0000000000024f64                __libc_init_array
 .text          0x0000000000024fac      0x134 /usr/lib/gcc/arm-none-eabi/9.2.1/../../../arm-none-eabi/lib/thumb/v7e-m+fp/hard/libc_nano.a(lib_a-memcpy.o)
                0x0000000000024fac                memcpy
 .text          0x00000000000250e0       0xa0 /usr/lib/gcc/arm-none-eabi/9.2.1/../../../arm-none-eabi/lib/thumb/v7e-m+fp/hard/libc_nano.a(lib_a-memset.o)
                0x00000000000250e0                memset
 .text          0x0000000000025180      0x110 /usr/lib/gcc/arm-none-eabi/9.2.1/../../../arm-none-eabi/lib/thumb/v7e-m+fp/hard/libc_nano.a(lib_a-snprintf.o)
                0x0000000000025180                _sniprintf_r
                0x0000000000025180                _snprintf_r
                0x0000000000025204                snprintf
                0x0000000000025204                sniprintf
 *fill*         0x0000000000025290       0x30 
 .text          0x00000000000252c0       0xdc /usr/lib/gcc/arm-none-eabi/9.2.1/../../../arm-none-eabi/lib/thumb/v7e-m+fp/hard/libc_nano.a(lib_a-strlen.o)
                0x00000000000252c0                strlen
 .text          0x000000000002539c       0xa4 /usr/lib/gcc/arm-none-eabi/9.2.1/../../../arm-none-eabi/lib/thumb/v7e-m+fp/hard/libc_nano.a(lib_a-strncmp.o)
                0x000000000002539c                strncmp
 .text          0x0000000000025440       0xa0 /usr/lib/gcc/arm-none-eabi/9.2.1/../../../arm-none-eabi/lib/thumb/v7e-m+fp/hard/libc_nano.a(lib_a-__atexit.o)
                0x0000000000025440                __register_exitproc
 .text          0x00000000000254e0       0x9c /usr/lib/gcc/arm-none-eabi/9.2.1/../../../arm-none-eabi/lib/thumb/v7e-m+fp/hard/libc_nano.a(lib_a-__call_atexit.o)
                0x00000000000254e0                __call_exitprocs
 .text          0x000000000002557c      0x42c /usr/lib/gcc/arm-none-eabi/9.2.1/../../../arm-none-eabi/lib/thumb/v7e-m+fp/hard/libc_nano.a(lib_a-nano-svfprintf.o)
                0x000000000002557c                __ssputs_r
                0x000000000002563c                __ssprint_r
                0x0000000000025734                _svfprintf_r
                0x0000000000025734                _svfiprintf_r
 .text          0x00000000000259a8      0x3c4 /usr/lib/gcc/arm-none-eabi/9.2.1/../../../arm-none-eabi/lib/thumb/v7e-m+fp/hard/libc_nano.a(lib_a-nano-vfprintf_i.o)
                0x00000000000259a8                _printf_common
                0x0000000000025ad4                _printf_i
 *fill*         0x0000000000025d6c        0x4 
 .text          0x0000000000025d70       0xa0 /usr/lib/gcc/arm-none-eabi/9.2.1/../../../arm-none-eabi/lib/thumb/v7e-m+fp/hard/libc_nano.a(lib_a-memchr.o)
                0x0000000000025d70                memchr
 .text          0x0000000000025e10       0xd0 /usr/lib/gcc/arm-none-eabi/9.2.1/../../../arm-none-eabi/lib/thumb/v7e-m+fp/hard/libc_nano.a(lib_a-memmove.o)
                0x0000000000025e10                memmove
 .text          0x0000000000025ee0       0xac /usr/lib/gcc/arm-none-eabi/9.2.1/../../../arm-none-eabi/lib/thumb/v7e-m+fp/hard/libc_nano.a(lib_a-nano-freer.o)
                0x0000000000025ee0                _free_r
 .text          0x0000000000025f8c       0xc8 /usr/lib/gcc/arm-none-eabi/9.2.1/../../../arm-none-eabi/lib/thumb/v7e-m+fp/hard/libc_nano.a(lib_a-nano-mallocr.o)
                0x0000000000025f8c                _malloc_r
 .text          0x0000000000026054       0x4c /usr/lib/gcc/arm-none-eabi/9.2.1/../../../arm-none-eabi/lib/thumb/v7e-m+fp/hard/libc_nano.a(lib_a-nano-reallocr.o)
                0x0000000000026054                _realloc_r
 .text          0x00000000000260a0       0x24 /usr/lib/gcc/arm-none-eabi/9.2.1/../../../arm-none-eabi/lib/thumb/v7e-m+fp/hard/libc_nano.a(lib_a-sbrkr.o)
                0x00000000000260a0                _sbrk_r
 .text          0x00000000000260c4        0x8 /usr/lib/gcc/arm-none-eabi/9.2.1/../../../arm-none-eabi/lib/thumb/v7e-m+fp/hard/libc_nano.a(lib_a-mlock.o)
                0x00000000000260c4                __malloc_lock
                0x00000000000260c8                __malloc_unlock
 .text          0x00000000000260cc       0x10 /usr/lib/gcc/arm-none-eabi/9.2.1/../../../arm-none-eabi/lib/thumb/v7e-m+fp/hard/libc_nano.a(lib_a-nano-msizer.o)
                0x00000000000260cc                _malloc_usable_size_r
 .text          0x00000000000260dc       0x1c /usr/lib/gcc/arm-none-eabi/9.2.1/../../../arm-none-eabi/lib/thumb/v7e-m+fp/hard/libnosys.a(sbrk.o)
                0x00000000000260dc                _sbrk
 .text          0x00000000000260f8        0x4 /usr/lib/gcc/arm-none-eabi/9.2.1/../../../arm-none-eabi/lib/thumb/v7e-m+fp/hard/libnosys.a(_exit.o)
                0x00000000000260f8                _exit
 .text          0x00000000000260fc       0x14 /usr/lib/gcc/arm-none-eabi/9.2.1/../../../arm-none-eabi/lib/thumb/v7e-m+fp/hard/libm.a(lib_a-s_fabs.o)
                0x00000000000260fc                fabs
 .text          0x0000000000026110       0x88 /usr/lib/gcc/arm-none-eabi/9.2.1/../../../arm-none-eabi/lib/thumb/v7e-m+fp/hard/libm.a(lib_a-w_fmod.o)
                0x0000000000026110                fmod
 .text          0x0000000000026198      0x26c /usr/lib/gcc/arm-none-eabi/9.2.1/../../../arm-none-eabi/lib/thumb/v7e-m+fp/hard/libm.a(lib_a-e_fmod.o)
                0x0000000000026198                __ieee754_fmod
 .text          0x0000000000026404      0x378 /usr/lib/gcc/arm-none-eabi/9.2.1/thumb/v7e-m+fp/hard/libgcc.a(_arm_addsubdf3.o)
                0x0000000000026404                __aeabi_drsub
                0x000000000002640c                __aeabi_dsub
                0x000000000002640c                __subdf3
                0x0000000000026410                __adddf3
                0x0000000000026410                __aeabi_dadd
                0x0000000000026688                __aeabi_ui2d
                0x0000000000026688                __floatunsidf
                0x00000000000266a8                __floatsidf
                0x00000000000266a8                __aeabi_i2d
                0x00000000000266cc                __extendsfdf2
                0x00000000000266cc                __aeabi_f2d
                0x0000000000026710                __aeabi_ul2d
                0x0000000000026710                __floatundidf
                0x0000000000026720                __floatdidf
                0x0000000000026720                __aeabi_l2d
 .text          0x000000000002677c      0x424 /usr/lib/gcc/arm-none-eabi/9.2.1/thumb/v7e-m+fp/hard/libgcc.a(_arm_muldivdf3.o)
                0x000000000002677c                __aeabi_dmul
                0x000000000002677c                __muldf3
                0x00000000000269d0                __aeabi_ddiv
                0x00000000000269d0                __divdf3
 .text          0x0000000000026ba0      0x110 /usr/lib/gcc/arm-none-eabi/9.2.1/thumb/v7e-m+fp/hard/libgcc.a(_arm_cmpdf2.o)
                0x0000000000026ba0                __gtdf2
                0x0000000000026ba0                __gedf2
                0x0000000000026ba8                __ltdf2
                0x0000000000026ba8                __ledf2
                0x0000000000026bb0                __cmpdf2
                0x0000000000026bb0                __eqdf2
                0x0000000000026bb0                __nedf2
                0x0000000000026c2c                __aeabi_cdrcmple
                0x0000000000026c3c                __aeabi_cdcmple
                0x0000000000026c3c                __aeabi_cdcmpeq
                0x0000000000026c4c                __aeabi_dcmpeq
                0x0000000000026c60                __aeabi_dcmplt
                0x0000000000026c74                __aeabi_dcmple
                0x0000000000026c88                __aeabi_dcmpge
                0x0000000000026c9c                __aeabi_dcmpgt
 .text          0x0000000000026cb0       0x2c /usr/lib/gcc/arm-none-eabi/9.2.1/thumb/v7e-m+fp/hard/libgcc.a(_arm_unorddf2.o)
                0x0000000000026cb0                __aeabi_dcmpun
                0x0000000000026cb0                __unorddf2
 .text          0x0000000000026cdc       0xa0 /usr/lib/gcc/arm-none-eabi/9.2.1/thumb/v7e-m+fp/hard/libgcc.a(_arm_truncdfsf2.o)
                0x0000000000026cdc                __aeabi_d2f
                0x0000000000026cdc                __truncdfsf2
 .text          0x0000000000026d7c        0xc /usr/lib/gcc/arm-none-eabi/9.2.1/../../../arm-none-eabi/lib/thumb/v7e-m+fp/hard/libg_nano.a(lib_a-errno.o)
                0x0000000000026d7c                __errno
 *(.init)
 .init          0x0000000000026d88        0x4 /usr/lib/gcc/arm-none-eabi/9.2.1/thumb/v7e-m+fp/hard/crti.o
                0x0000000000026d88                _init
 .init          0x0000000000026d8c        0x8 /usr/lib/gcc/arm-none-eabi/9.2.1/thumb/v7e-m+fp/hard/crtn.o
 *(.fini)
 .fini          0x0000000000026d94        0x4 /usr/lib/gcc/arm-none-eabi/9.2.1/thumb/v7e-m+fp/hard/crti.o
                0x0000000000026d94                _fini
 .fini          0x0000000000026d98        0x8 /usr/lib/gcc/arm-none-eabi/9.2.1/thumb/v7e-m+fp/hard/crtn.o
 *crtbegin.o(.ctors)
 *crtbegin?.o(.ctors)
 *(EXCLUDE_FILE(*crtend.o *crtend?.o) .ctors)
 *(SORT_BY_NAME(.ctors.*))
 *(.ctors)
 *crtbegin.o(.dtors)
 *crtbegin?.o(.dtors)
 *(EXCLUDE_FILE(*crtend.o *crtend?.o) .dtors)
 *(SORT_BY_NAME(.dtors.*))
 *(.dtors)
 *(.rodata*)
 .rodata.nrf_log_frontend_dequeue.str1.4
                0x0000000000026da0       0x11 _build/nrf52840_xxaa/nrf_log_frontend.c.o
 *fill*         0x0000000000026db1        0x3 
 .rodata.str1.4
                0x0000000000026db4       0x23 _build/nrf52840_xxaa/nrf_log_frontend.c.o
 *fill*         0x0000000000026dd7        0x1 
 .rodata.m_log_push_ringbuf
                0x0000000000026dd8        0xc _build/nrf52840_xxaa/nrf_log_frontend.c.o
 .rodata.prefix_process.str1.4
                0x0000000000026de4       0x36 _build/nrf52840_xxaa/nrf_log_str_formatter.c.o
 *fill*         0x0000000000026e1a        0x2 
 .rodata.nrf_log_std_entry_process.str1.4
                0x0000000000026e1c        0x3 _build/nrf52840_xxaa/nrf_log_str_formatter.c.o
 *fill*         0x0000000000026e1f        0x1 
 .rodata.nrf_log_hexdump_entry_process.str1.4
                0x0000000000026e20       0x13 _build/nrf52840_xxaa/nrf_log_str_formatter.c.o
                                         0x16 (size before relaxing)
 *fill*         0x0000000000026e33        0x1 
 .rodata.str1.4
                0x0000000000026e34       0x56 _build/nrf52840_xxaa/nrf_log_str_formatter.c.o
 *fill*         0x0000000000026e8a        0x2 
 .rodata.m_colors
                0x0000000000026e8c       0x24 _build/nrf52840_xxaa/nrf_log_str_formatter.c.o
 .rodata.severity_names
                0x0000000000026eb0       0x14 _build/nrf52840_xxaa/nrf_log_str_formatter.c.o
 .rodata.app_error_fault_handler.str1.4
                0x0000000000026ec4       0x19 _build/nrf52840_xxaa/app_error_weak.c.o
 *fill*         0x0000000000026edd        0x3 
 .rodata._aV2C.7887
                0x0000000000026ee0       0x10 _build/nrf52840_xxaa/nrf_fprintf_format.c.o
 .rodata.usb_ev_handler.str1.4
                0x0000000000026ef0       0x39 _build/nrf52840_xxaa/main.c.o
                                         0x3d (size before relaxing)
 *fill*         0x0000000000026f29        0x3 
 .rodata.leds   0x0000000000026f2c       0x10 _build/nrf52840_xxaa/main.c.o
 .rodata.usb_cdc_acm
                0x0000000000026f3c       0x24 _build/nrf52840_xxaa/main.c.o
                0x0000000000026f3c                usb_cdc_acm
 .rodata.CSWTCH.15
                0x0000000000026f60        0x6 _build/nrf52840_xxaa/system_nrf52840.c.o
 *fill*         0x0000000000026f66        0x2 
 .rodata.CSWTCH.6
                0x0000000000026f68        0x6 _build/nrf52840_xxaa/system_nrf52840.c.o
 *fill*         0x0000000000026f6e        0x2 
 .rodata.str1.4
                0x0000000000026f70       0x39 _build/nrf52840_xxaa/click_manager.c.o
 *fill*         0x0000000000026fa9        0x3 
 .rodata.debounce_timer
                0x0000000000026fac        0x4 _build/nrf52840_xxaa/click_manager.c.o
 .rodata.double_click_timer
                0x0000000000026fb0        0x4 _build/nrf52840_xxaa/click_manager.c.o
 .rodata        0x0000000000026fb4        0xc _build/nrf52840_xxaa/nvmc.c.o
 .rodata.set_mode.str1.4
                0x0000000000026fc0        0xe _build/nrf52840_xxaa/set_color.c.o
 *fill*         0x0000000000026fce        0x2 
 .rodata.str1.4
                0x0000000000026fd0        0x7 _build/nrf52840_xxaa/nrfx_gpiote.c.o
 *fill*         0x0000000000026fd7        0x1 
 .rodata.str1.4
                0x0000000000026fd8       0x1e _build/nrf52840_xxaa/app_timer2.c.o
 *fill*         0x0000000000026ff6        0x2 
 .rodata.m_app_timer_sortlist
                0x0000000000026ff8        0xc _build/nrf52840_xxaa/app_timer2.c.o
 .rodata.drv_rtc_init.str1.4
                0x0000000000027004       0x36 _build/nrf52840_xxaa/drv_rtc.c.o
 *fill*         0x000000000002703a        0x6 
 .rodata.delay_machine_code.8413
                0x0000000000027040        0x6 _build/nrf52840_xxaa/drv_rtc.c.o
 *fill*         0x0000000000027046        0x2 
 .rodata.str1.4
                0x0000000000027048        0x9 _build/nrf52840_xxaa/nrf_sortlist.c.o
 *fill*         0x0000000000027051        0x3 
 .rodata.str1.4
                0x0000000000027054       0x10 _build/nrf52840_xxaa/nrf_log_default_backends.c.o
 .rodata.gs_log_usb_cdc_acm
                0x0000000000027064       0x24 _build/nrf52840_xxaa/nrf_log_backend_usb.c.o
                0x0000000000027064                gs_log_usb_cdc_acm
 .rodata.gs_usbd_config
                0x0000000000027088        0xc _build/nrf52840_xxaa/nrf_log_backend_usb.c.o
 .rodata.log_backend_usb_api
                0x0000000000027094        0xc _build/nrf52840_xxaa/nrf_log_backend_usb.c.o
                0x0000000000027094                log_backend_usb_api
 .rodata.str1.4
                0x00000000000270a0       0x21 _build/nrf52840_xxaa/app_usbd.c.o
 *fill*         0x00000000000270c1        0x3 
 .rodata.CSWTCH.85
                0x00000000000270c4        0x7 _build/nrf52840_xxaa/app_usbd.c.o
 *fill*         0x00000000000270cb        0x1 
 .rodata.config.13869
                0x00000000000270cc        0x4 _build/nrf52840_xxaa/app_usbd.c.o
 .rodata.ev.13762
                0x00000000000270d0        0x4 _build/nrf52840_xxaa/app_usbd.c.o
 .rodata.ev.13765
                0x00000000000270d4        0x4 _build/nrf52840_xxaa/app_usbd.c.o
 .rodata.ev.13767
                0x00000000000270d8        0x4 _build/nrf52840_xxaa/app_usbd.c.o
 .rodata.event_setaddress.13750
                0x00000000000270dc        0x4 _build/nrf52840_xxaa/app_usbd.c.o
 .rodata.evt_data.13775
                0x00000000000270e0        0x1 _build/nrf52840_xxaa/app_usbd.c.o
 *fill*         0x00000000000270e1        0x3 
 .rodata.evt_data.13893
                0x00000000000270e4        0x1 _build/nrf52840_xxaa/app_usbd.c.o
 *fill*         0x00000000000270e5        0x3 
 .rodata.evt_data.13913
                0x00000000000270e8        0x1 _build/nrf52840_xxaa/app_usbd.c.o
 *fill*         0x00000000000270e9        0x3 
 .rodata.evt_data.13916
                0x00000000000270ec        0x1 _build/nrf52840_xxaa/app_usbd.c.o
 *fill*         0x00000000000270ed        0x3 
 .rodata.evt_data.13926
                0x00000000000270f0        0x1 _build/nrf52840_xxaa/app_usbd.c.o
 *fill*         0x00000000000270f1        0x3 
 .rodata.evt_data.13935
                0x00000000000270f4        0x1 _build/nrf52840_xxaa/app_usbd.c.o
 *fill*         0x00000000000270f5        0x3 
 .rodata.str1.4
                0x00000000000270f8        0x6 _build/nrf52840_xxaa/nrf_drv_clock.c.o
 *fill*         0x00000000000270fe        0x2 
 .rodata.str1.4
                0x0000000000027100        0x5 _build/nrf52840_xxaa/nrfx_usbd.c.o
 *fill*         0x0000000000027105        0x3 
 .rodata.CSWTCH.240
                0x0000000000027108        0x6 _build/nrf52840_xxaa/nrfx_usbd.c.o
 *fill*         0x000000000002710e        0x2 
 .rodata.epin_bitpos.12220
                0x0000000000027110        0x9 _build/nrf52840_xxaa/nrfx_usbd.c.o
 *fill*         0x0000000000027119        0x3 
 .rodata.epin_endev.12215
                0x000000000002711c       0x12 _build/nrf52840_xxaa/nrfx_usbd.c.o
 *fill*         0x000000000002712e        0x2 
 .rodata.epout_bitpos.12221
                0x0000000000027130        0x9 _build/nrf52840_xxaa/nrfx_usbd.c.o
 *fill*         0x0000000000027139        0x3 
 .rodata.epout_endev.12216
                0x000000000002713c       0x12 _build/nrf52840_xxaa/nrfx_usbd.c.o
 *fill*         0x000000000002714e        0x2 
 .rodata.m_isr  0x0000000000027150       0x64 _build/nrf52840_xxaa/nrfx_usbd.c.o
 .rodata.str1.4
                0x00000000000271b4        0xe _build/nrf52840_xxaa/app_usbd_core.c.o
 *fill*         0x00000000000271c2        0x2 
 .rodata.app_usbd_core_inst
                0x00000000000271c4       0x10 _build/nrf52840_xxaa/app_usbd_core.c.o
                0x00000000000271c4                app_usbd_core_inst
 .rodata.evt_data.12934
                0x00000000000271d4        0x1 _build/nrf52840_xxaa/app_usbd_core.c.o
 *fill*         0x00000000000271d5        0x3 
 .rodata.m_configuration_dsc
                0x00000000000271d8        0x9 _build/nrf52840_xxaa/app_usbd_core.c.o
 *fill*         0x00000000000271e1        0x3 
 .rodata.m_core_methods
                0x00000000000271e4       0x14 _build/nrf52840_xxaa/app_usbd_core.c.o
 .rodata.m_device_dsc
                0x00000000000271f8       0x12 _build/nrf52840_xxaa/app_usbd_core.c.o
 *fill*         0x000000000002720a        0x2 
 .rodata.m_setup_data_handler_empty_desc
                0x000000000002720c        0x8 _build/nrf52840_xxaa/app_usbd_core.c.o
 .rodata.usbd_descriptor_feeder_desc
                0x0000000000027214        0x8 _build/nrf52840_xxaa/app_usbd_core.c.o
 .rodata.__compound_literal.1
                0x000000000002721c        0x6 _build/nrf52840_xxaa/app_usbd_string_desc.c.o
 *fill*         0x0000000000027222        0x2 
 .rodata.__compound_literal.2
                0x0000000000027224       0x15 _build/nrf52840_xxaa/app_usbd_string_desc.c.o
 *fill*         0x0000000000027239        0x3 
 .rodata.__compound_literal.3
                0x000000000002723c       0x12 _build/nrf52840_xxaa/app_usbd_string_desc.c.o
 *fill*         0x000000000002724e        0x2 
 .rodata.__compound_literal.4
                0x0000000000027250        0xd _build/nrf52840_xxaa/app_usbd_string_desc.c.o
 *fill*         0x000000000002725d        0x3 
 .rodata.__compound_literal.5
                0x0000000000027260       0x16 _build/nrf52840_xxaa/app_usbd_string_desc.c.o
 *fill*         0x0000000000027276        0x2 
 .rodata.__compound_literal.6
                0x0000000000027278        0x7 _build/nrf52840_xxaa/app_usbd_string_desc.c.o
 *fill*         0x000000000002727f        0x1 
 .rodata.m_string_dsc
                0x0000000000027280       0x18 _build/nrf52840_xxaa/app_usbd_string_desc.c.o
 .rodata.m_string_translation
                0x0000000000027298        0xc _build/nrf52840_xxaa/app_usbd_string_desc.c.o
 .rodata.str1.4
                0x00000000000272a4        0x6 _build/nrf52840_xxaa/nrfx_clock.c.o
 *fill*         0x00000000000272aa        0x2 
 .rodata.str1.4
                0x00000000000272ac        0x8 _build/nrf52840_xxaa/app_usbd_cdc_acm.c.o
 .rodata.app_usbd_cdc_acm_class_methods
                0x00000000000272b4       0x14 _build/nrf52840_xxaa/app_usbd_cdc_acm.c.o
                0x00000000000272b4                app_usbd_cdc_acm_class_methods
 .rodata.app_usbd_serial_num_generate.str1.4
                0x00000000000272c8        0xb _build/nrf52840_xxaa/app_usbd_serial_num.c.o
 *fill*         0x00000000000272d3        0x1 
 .rodata.m_drv_power_config_default
                0x00000000000272d4        0x1 _build/nrf52840_xxaa/nrf_drv_power.c.o
 *fill*         0x00000000000272d5        0x3 
 .rodata.str1.4
                0x00000000000272d8        0x4 _build/nrf52840_xxaa/nrfx_pwm.c.o
 .rodata        0x00000000000272dc      0x101 /usr/lib/gcc/arm-none-eabi/9.2.1/../../../arm-none-eabi/lib/thumb/v7e-m+fp/hard/libc_nano.a(lib_a-ctype_.o)
                0x00000000000272dc                _ctype_
 *fill*         0x00000000000273dd        0x3 
 .rodata        0x00000000000273e0        0x4 /usr/lib/gcc/arm-none-eabi/9.2.1/../../../arm-none-eabi/lib/thumb/v7e-m+fp/hard/libc_nano.a(lib_a-impure.o)
                0x00000000000273e0                _global_impure_ptr
 .rodata.str1.4
                0x00000000000273e4       0x13 /usr/lib/gcc/arm-none-eabi/9.2.1/../../../arm-none-eabi/lib/thumb/v7e-m+fp/hard/libc_nano.a(lib_a-nano-svfprintf.o)
 *fill*         0x00000000000273f7        0x1 
 .rodata.str1.4
                0x00000000000273f8       0x25 /usr/lib/gcc/arm-none-eabi/9.2.1/../../../arm-none-eabi/lib/thumb/v7e-m+fp/hard/libc_nano.a(lib_a-nano-vfprintf_i.o)
 *fill*         0x000000000002741d        0x3 
 .rodata        0x0000000000027420       0x10 /usr/lib/gcc/arm-none-eabi/9.2.1/../../../arm-none-eabi/lib/thumb/v7e-m+fp/hard/libm.a(lib_a-e_fmod.o)
 *(.eh_frame*)
 .eh_frame      0x0000000000027430        0x0 /usr/lib/gcc/arm-none-eabi/9.2.1/thumb/v7e-m+fp/hard/crtbegin.o
 .eh_frame      0x0000000000027430        0x4 /usr/lib/gcc/arm-none-eabi/9.2.1/thumb/v7e-m+fp/hard/crtend.o

.glue_7         0x0000000000027434        0x0
 .glue_7        0x0000000000027434        0x0 linker stubs

.glue_7t        0x0000000000027434        0x0
 .glue_7t       0x0000000000027434        0x0 linker stubs

.vfp11_veneer   0x0000000000027434        0x0
 .vfp11_veneer  0x0000000000027434        0x0 linker stubs

.v4_bx          0x0000000000027434        0x0
 .v4_bx         0x0000000000027434        0x0 linker stubs

.iplt           0x0000000000027434        0x0
 .iplt          0x0000000000027434        0x0 /usr/lib/gcc/arm-none-eabi/9.2.1/thumb/v7e-m+fp/hard/crtbegin.o

.mem_section_dummy_rom

.log_const_data
                0x0000000000027434       0x80
                0x0000000000027434                PROVIDE (__start_log_const_data = .)
 *(SORT_BY_NAME(.log_const_data*))
 .log_const_data_CLOCK
                0x0000000000027434        0x8 _build/nrf52840_xxaa/nrfx_clock.c.o
                0x0000000000027434                m_nrf_log_CLOCK_logs_data_const
 .log_const_data_GPIOTE
                0x000000000002743c        0x8 _build/nrf52840_xxaa/nrfx_gpiote.c.o
                0x000000000002743c                m_nrf_log_GPIOTE_logs_data_const
 .log_const_data_PWM
                0x0000000000027444        0x8 _build/nrf52840_xxaa/nrfx_pwm.c.o
                0x0000000000027444                m_nrf_log_PWM_logs_data_const
 .log_const_data_USBD
                0x000000000002744c        0x8 _build/nrf52840_xxaa/nrfx_usbd.c.o
                0x000000000002744c                m_nrf_log_USBD_logs_data_const
 .log_const_data_app
                0x0000000000027454        0x8 _build/nrf52840_xxaa/nrf_log_frontend.c.o
                0x0000000000027454                m_nrf_log_app_logs_data_const
 .log_const_data_app_timer
                0x000000000002745c        0x8 _build/nrf52840_xxaa/app_timer2.c.o
                0x000000000002745c                m_nrf_log_app_timer_logs_data_const
 .log_const_data_app_timer_debounce_timer
                0x0000000000027464        0x8 _build/nrf52840_xxaa/click_manager.c.o
                0x0000000000027464                m_nrf_log_app_timer_debounce_timer_logs_data_const
 .log_const_data_app_timer_double_click_timer
                0x000000000002746c        0x8 _build/nrf52840_xxaa/click_manager.c.o
                0x000000000002746c                m_nrf_log_app_timer_double_click_timer_logs_data_const
 .log_const_data_app_usbd
                0x0000000000027474        0x8 _build/nrf52840_xxaa/app_usbd.c.o
                0x0000000000027474                m_nrf_log_app_usbd_logs_data_const
 .log_const_data_app_usbd_core
                0x000000000002747c        0x8 _build/nrf52840_xxaa/app_usbd_core.c.o
                0x000000000002747c                m_nrf_log_app_usbd_core_logs_data_const
 .log_const_data_atfifo_m_event_queue
                0x0000000000027484        0x8 _build/nrf52840_xxaa/app_usbd.c.o
                0x0000000000027484                m_nrf_log_atfifo_m_event_queue_logs_data_const
 .log_const_data_atfifo_m_req_fifo
                0x000000000002748c        0x8 _build/nrf52840_xxaa/app_timer2.c.o
                0x000000000002748c                m_nrf_log_atfifo_m_req_fifo_logs_data_const
 .log_const_data_balloc_log_mempool
                0x0000000000027494        0x8 _build/nrf52840_xxaa/nrf_log_frontend.c.o
                0x0000000000027494                m_nrf_log_balloc_log_mempool_logs_data_const
 .log_const_data_cdc_acm
                0x000000000002749c        0x8 _build/nrf52840_xxaa/app_usbd_cdc_acm.c.o
                0x000000000002749c                m_nrf_log_cdc_acm_logs_data_const
 .log_const_data_clock
                0x00000000000274a4        0x8 _build/nrf52840_xxaa/nrf_drv_clock.c.o
                0x00000000000274a4                m_nrf_log_clock_logs_data_const
 .log_const_data_sortlist
                0x00000000000274ac        0x8 _build/nrf52840_xxaa/nrf_sortlist.c.o
                0x00000000000274ac                m_nrf_log_sortlist_logs_data_const
                0x00000000000274b4                PROVIDE (__stop_log_const_data = .)

.log_backends   0x00000000000274b4       0x10
                [!provide]                        PROVIDE (__start_log_backends = .)
 *(SORT_BY_NAME(.log_backends*))
 .log_backends  0x00000000000274b4       0x10 _build/nrf52840_xxaa/nrf_log_default_backends.c.o
                [!provide]                        PROVIDE (__stop_log_backends = .)

.nrf_balloc     0x00000000000274c4       0x1c
                [!provide]                        PROVIDE (__start_nrf_balloc = .)
 *(.nrf_balloc)
 .nrf_balloc    0x00000000000274c4       0x1c _build/nrf52840_xxaa/nrf_log_frontend.c.o
                0x00000000000274c4                log_mempool
                [!provide]                        PROVIDE (__stop_nrf_balloc = .)

.ARM.extab
 *(.ARM.extab* .gnu.linkonce.armextab.*)
                0x00000000000274e0                __exidx_start = .

.ARM.exidx      0x00000000000274e0        0x8
 *(.ARM.exidx* .gnu.linkonce.armexidx.*)
 .ARM.exidx     0x00000000000274e0        0x8 /usr/lib/gcc/arm-none-eabi/9.2.1/../../../arm-none-eabi/lib/thumb/v7e-m+fp/hard/crt0.o
                                         0x10 (size before relaxing)
                0x00000000000274e8                __exidx_end = .

.rel.dyn        0x00000000000274e8        0x0
 .rel.iplt      0x00000000000274e8        0x0 /usr/lib/gcc/arm-none-eabi/9.2.1/thumb/v7e-m+fp/hard/crtbegin.o
                0x00000000000274e8                . = ALIGN (0x4)
                0x00000000000274e8                __etext = .

.data           0x0000000020001198      0x130 load address 0x00000000000274e8
                0x0000000020001198                __data_start__ = .
 *(vtable)
 *(.data*)
 .data.usb_cdc_acm_ep
                0x0000000020001198        0x1 _build/nrf52840_xxaa/main.c.o
 *fill*         0x0000000020001199        0x3 
 .data.SystemCoreClock
                0x000000002000119c        0x4 _build/nrf52840_xxaa/system_nrf52840.c.o
                0x000000002000119c                SystemCoreClock
 .data.pwm_config
                0x00000000200011a0        0xc _build/nrf52840_xxaa/pwm.c.o
                0x00000000200011a0                pwm_config
 .data.pwm_inst
                0x00000000200011ac        0x8 _build/nrf52840_xxaa/pwm.c.o
                0x00000000200011ac                pwm_inst
 .data.pwm_sequence
                0x00000000200011b4       0x10 _build/nrf52840_xxaa/pwm.c.o
                0x00000000200011b4                pwm_sequence
 *fill*         0x00000000200011c4        0x4 
 .data.debounce_timer_data
                0x00000000200011c8       0x20 _build/nrf52840_xxaa/click_manager.c.o
 .data.double_click_timer_data
                0x00000000200011e8       0x20 _build/nrf52840_xxaa/click_manager.c.o
 .data.high_value_yellow_led
                0x0000000020001208        0x4 _build/nrf52840_xxaa/set_color.c.o
                0x0000000020001208                high_value_yellow_led
 .data.hsv_color
                0x000000002000120c        0x4 _build/nrf52840_xxaa/set_color.c.o
                0x000000002000120c                hsv_color
 .data.is_increasing
                0x0000000020001210        0x1 _build/nrf52840_xxaa/set_color.c.o
 .data.saturation_increases
                0x0000000020001211        0x1 _build/nrf52840_xxaa/set_color.c.o
                0x0000000020001211                saturation_increases
 .data.value_increases
                0x0000000020001212        0x1 _build/nrf52840_xxaa/set_color.c.o
                0x0000000020001212                value_increases
 *fill*         0x0000000020001213        0x1 
 .data.m_req_fifo_inst
                0x0000000020001214       0x14 _build/nrf52840_xxaa/app_timer2.c.o
 .data.m_rtc_inst
                0x0000000020001228        0x8 _build/nrf52840_xxaa/app_timer2.c.o
 .data.log_backend_cb_usb_log_backend
                0x0000000020001230        0x8 _build/nrf52840_xxaa/nrf_log_default_backends.c.o
 .data.gs_log_usb_cdc_acm_ep
                0x0000000020001238        0x1 _build/nrf52840_xxaa/nrf_log_backend_usb.c.o
 *fill*         0x0000000020001239        0x3 
 .data.clock_handler_item.13808
                0x000000002000123c        0x8 _build/nrf52840_xxaa/app_usbd.c.o
 .data.m_event_queue_inst
                0x0000000020001244       0x14 _build/nrf52840_xxaa/app_usbd.c.o
 .data          0x0000000020001258       0x64 /usr/lib/gcc/arm-none-eabi/9.2.1/../../../arm-none-eabi/lib/thumb/v7e-m+fp/hard/libc_nano.a(lib_a-impure.o)
                0x0000000020001258                _impure_ptr
 .data          0x00000000200012bc        0x1 /usr/lib/gcc/arm-none-eabi/9.2.1/../../../arm-none-eabi/lib/thumb/v7e-m+fp/hard/libm.a(lib_a-s_lib_ver.o)
                0x00000000200012bc                __fdlib_version
                0x00000000200012c0                . = ALIGN (0x4)
 *fill*         0x00000000200012bd        0x3 
                0x00000000200012c0                PROVIDE (__preinit_array_start = .)
 *(.preinit_array)
                0x00000000200012c0                PROVIDE (__preinit_array_end = .)
                0x00000000200012c0                . = ALIGN (0x4)
                0x00000000200012c0                PROVIDE (__init_array_start = .)
 *(SORT_BY_NAME(.init_array.*))
 *(.init_array)
 .init_array    0x00000000200012c0        0x4 /usr/lib/gcc/arm-none-eabi/9.2.1/thumb/v7e-m+fp/hard/crtbegin.o
                0x00000000200012c4                PROVIDE (__init_array_end = .)
                0x00000000200012c4                . = ALIGN (0x4)
                0x00000000200012c4                PROVIDE (__fini_array_start = .)
 *(SORT_BY_NAME(.fini_array.*))
 *(.fini_array)
 .fini_array    0x00000000200012c4        0x4 /usr/lib/gcc/arm-none-eabi/9.2.1/thumb/v7e-m+fp/hard/crtbegin.o
                0x00000000200012c8                PROVIDE (__fini_array_end = .)
 *(.jcr*)
                0x00000000200012c8                . = ALIGN (0x4)
                0x00000000200012c8                __data_end__ = .
LOAD /usr/lib/gcc/arm-none-eabi/9.2.1/thumb/v7e-m+fp/hard/crti.o
LOAD /usr/lib/gcc/arm-none-eabi/9.2.1/thumb/v7e-m+fp/hard/crtbegin.o
LOAD /usr/lib/gcc/arm-none-eabi/9.2.1/../../../arm-none-eabi/lib/thumb/v7e-m+fp/hard/crt0.o
LOAD _build/nrf52840_xxaa/gcc_startup_nrf52840.S.o
LOAD _build/nrf52840_xxaa/nrf_log_frontend.c.o
LOAD _build/nrf52840_xxaa/nrf_log_str_formatter.c.o
LOAD _build/nrf52840_xxaa/boards.c.o
LOAD _build/nrf52840_xxaa/app_error.c.o
LOAD _build/nrf52840_xxaa/app_error_handler_gcc.c.o
LOAD _build/nrf52840_xxaa/app_error_weak.c.o
LOAD _build/nrf52840_xxaa/app_util_platform.c.o
LOAD _build/nrf52840_xxaa/nrf_assert.c.o
LOAD _build/nrf52840_xxaa/nrf_atomic.c.o
LOAD _build/nrf52840_xxaa/nrf_balloc.c.o
LOAD _build/nrf52840_xxaa/nrf_fprintf.c.o
LOAD _build/nrf52840_xxaa/nrf_fprintf_format.c.o
LOAD _build/nrf52840_xxaa/nrf_memobj.c.o
LOAD _build/nrf52840_xxaa/nrf_ringbuf.c.o
LOAD _build/nrf52840_xxaa/nrf_strerror.c.o
LOAD _build/nrf52840_xxaa/nrfx_atomic.c.o
LOAD _build/nrf52840_xxaa/main.c.o
LOAD _build/nrf52840_xxaa/system_nrf52840.c.o
LOAD _build/nrf52840_xxaa/hsv.c.o
LOAD _build/nrf52840_xxaa/my_blink.c.o
LOAD _build/nrf52840_xxaa/pwm.c.o
LOAD _build/nrf52840_xxaa/click_manager.c.o
LOAD _build/nrf52840_xxaa/my_leds.c.o
LOAD _build/nrf52840_xxaa/nvmc.c.o
LOAD _build/nrf52840_xxaa/set_color.c.o
LOAD _build/nrf52840_xxaa/states.c.o
LOAD _build/nrf52840_xxaa/my_button.c.o
LOAD _build/nrf52840_xxaa/nrfx_systick.c.o
LOAD _build/nrf52840_xxaa/nrfx_gpiote.c.o
LOAD _build/nrf52840_xxaa/app_timer2.c.o
LOAD _build/nrf52840_xxaa/drv_rtc.c.o
LOAD _build/nrf52840_xxaa/nrf_sortlist.c.o
LOAD _build/nrf52840_xxaa/nrf_atfifo.c.o
LOAD _build/nrf52840_xxaa/app_scheduler.c.o
LOAD _build/nrf52840_xxaa/nrf_log_default_backends.c.o
LOAD _build/nrf52840_xxaa/nrf_log_backend_usb.c.o
LOAD _build/nrf52840_xxaa/app_usbd.c.o
LOAD _build/nrf52840_xxaa/nrf_drv_clock.c.o
LOAD _build/nrf52840_xxaa/nrfx_usbd.c.o
LOAD _build/nrf52840_xxaa/app_usbd_core.c.o
LOAD _build/nrf52840_xxaa/app_usbd_string_desc.c.o
LOAD _build/nrf52840_xxaa/nrfx_clock.c.o
LOAD _build/nrf52840_xxaa/nrf_log_backend_serial.c.o
LOAD _build/nrf52840_xxaa/app_usbd_cdc_acm.c.o
LOAD _build/nrf52840_xxaa/app_usbd_serial_num.c.o
LOAD _build/nrf52840_xxaa/nrf_drv_power.c.o
LOAD _build/nrf52840_xxaa/nrfx_power.c.o
LOAD _build/nrf52840_xxaa/nrfx_pwm.c.o
LOAD _build/nrf52840_xxaa/nrfx_nvmc.c.o
LOAD /usr/lib/gcc/arm-none-eabi/9.2.1/../../../arm-none-eabi/lib/thumb/v7e-m+fp/hard/libc_nano.a
LOAD /usr/lib/gcc/arm-none-eabi/9.2.1/../../../arm-none-eabi/lib/thumb/v7e-m+fp/hard/libnosys.a
LOAD /usr/lib/gcc/arm-none-eabi/9.2.1/../../../arm-none-eabi/lib/thumb/v7e-m+fp/hard/libm.a
START GROUP
LOAD /usr/lib/gcc/arm-none-eabi/9.2.1/thumb/v7e-m+fp/hard/libgcc.a
LOAD /usr/lib/gcc/arm-none-eabi/9.2.1/../../../arm-none-eabi/lib/thumb/v7e-m+fp/hard/libg_nano.a
LOAD /usr/lib/gcc/arm-none-eabi/9.2.1/../../../arm-none-eabi/lib/thumb/v7e-m+fp/hard/libc_nano.a
END GROUP
START GROUP
LOAD /usr/lib/gcc/arm-none-eabi/9.2.1/thumb/v7e-m+fp/hard/libgcc.a
LOAD /usr/lib/gcc/arm-none-eabi/9.2.1/../../../arm-none-eabi/lib/thumb/v7e-m+fp/hard/libc_nano.a
END GROUP
LOAD /usr/lib/gcc/arm-none-eabi/9.2.1/thumb/v7e-m+fp/hard/crtend.o
LOAD /usr/lib/gcc/arm-none-eabi/9.2.1/thumb/v7e-m+fp/hard/crtn.o
START GROUP
LOAD /usr/lib/gcc/arm-none-eabi/9.2.1/thumb/v7e-m+fp/hard/libgcc.a
LOAD /usr/lib/gcc/arm-none-eabi/9.2.1/../../../arm-none-eabi/lib/thumb/v7e-m+fp/hard/libc.a
LOAD /usr/lib/gcc/arm-none-eabi/9.2.1/../../../arm-none-eabi/lib/thumb/v7e-m+fp/hard/libnosys.a
END GROUP

.tm_clone_table
                0x00000000200012c8        0x0 load address 0x0000000000027618
 .tm_clone_table
                0x00000000200012c8        0x0 /usr/lib/gcc/arm-none-eabi/9.2.1/thumb/v7e-m+fp/hard/crtbegin.o
 .tm_clone_table
                0x00000000200012c8        0x0 /usr/lib/gcc/arm-none-eabi/9.2.1/thumb/v7e-m+fp/hard/crtend.o

.igot.plt       0x00000000200012c8        0x0 load address 0x0000000000027618
 .igot.plt      0x00000000200012c8        0x0 /usr/lib/gcc/arm-none-eabi/9.2.1/thumb/v7e-m+fp/hard/crtbegin.o
                0x00000000200012c8                . = ALIGN (0x4)

.mem_section_dummy_ram

.log_dynamic_data
                0x00000000200012c8       0x40 load address 0x0000000000027618
                0x00000000200012c8                PROVIDE (__start_log_dynamic_data = .)
 *(SORT_BY_NAME(.log_dynamic_data*))
 .log_dynamic_data_CLOCK
                0x00000000200012c8        0x4 _build/nrf52840_xxaa/nrfx_clock.c.o
                0x00000000200012c8                m_nrf_log_CLOCK_logs_data_dynamic
 .log_dynamic_data_GPIOTE
                0x00000000200012cc        0x4 _build/nrf52840_xxaa/nrfx_gpiote.c.o
                0x00000000200012cc                m_nrf_log_GPIOTE_logs_data_dynamic
 .log_dynamic_data_PWM
                0x00000000200012d0        0x4 _build/nrf52840_xxaa/nrfx_pwm.c.o
                0x00000000200012d0                m_nrf_log_PWM_logs_data_dynamic
 .log_dynamic_data_USBD
                0x00000000200012d4        0x4 _build/nrf52840_xxaa/nrfx_usbd.c.o
                0x00000000200012d4                m_nrf_log_USBD_logs_data_dynamic
 .log_dynamic_data_app
                0x00000000200012d8        0x4 _build/nrf52840_xxaa/nrf_log_frontend.c.o
                0x00000000200012d8                m_nrf_log_app_logs_data_dynamic
 .log_dynamic_data_app_timer
                0x00000000200012dc        0x4 _build/nrf52840_xxaa/app_timer2.c.o
                0x00000000200012dc                m_nrf_log_app_timer_logs_data_dynamic
 .log_dynamic_data_app_timer_debounce_timer
                0x00000000200012e0        0x4 _build/nrf52840_xxaa/click_manager.c.o
                0x00000000200012e0                m_nrf_log_app_timer_debounce_timer_logs_data_dynamic
 .log_dynamic_data_app_timer_double_click_timer
                0x00000000200012e4        0x4 _build/nrf52840_xxaa/click_manager.c.o
                0x00000000200012e4                m_nrf_log_app_timer_double_click_timer_logs_data_dynamic
 .log_dynamic_data_app_usbd
                0x00000000200012e8        0x4 _build/nrf52840_xxaa/app_usbd.c.o
                0x00000000200012e8                m_nrf_log_app_usbd_logs_data_dynamic
 .log_dynamic_data_app_usbd_core
                0x00000000200012ec        0x4 _build/nrf52840_xxaa/app_usbd_core.c.o
                0x00000000200012ec                m_nrf_log_app_usbd_core_logs_data_dynamic
 .log_dynamic_data_atfifo_m_event_queue
                0x00000000200012f0        0x4 _build/nrf52840_xxaa/app_usbd.c.o
                0x00000000200012f0                m_nrf_log_atfifo_m_event_queue_logs_data_dynamic
 .log_dynamic_data_atfifo_m_req_fifo
                0x00000000200012f4        0x4 _build/nrf52840_xxaa/app_timer2.c.o
                0x00000000200012f4                m_nrf_log_atfifo_m_req_fifo_logs_data_dynamic
 .log_dynamic_data_balloc_log_mempool
                0x00000000200012f8        0x4 _build/nrf52840_xxaa/nrf_log_frontend.c.o
                0x00000000200012f8                m_nrf_log_balloc_log_mempool_logs_data_dynamic
 .log_dynamic_data_cdc_acm
                0x00000000200012fc        0x4 _build/nrf52840_xxaa/app_usbd_cdc_acm.c.o
                0x00000000200012fc                m_nrf_log_cdc_acm_logs_data_dynamic
 .log_dynamic_data_clock
                0x0000000020001300        0x4 _build/nrf52840_xxaa/nrf_drv_clock.c.o
                0x0000000020001300                m_nrf_log_clock_logs_data_dynamic
 .log_dynamic_data_sortlist
                0x0000000020001304        0x4 _build/nrf52840_xxaa/nrf_sortlist.c.o
                0x0000000020001304                m_nrf_log_sortlist_logs_data_dynamic
                [!provide]                        PROVIDE (__stop_log_dynamic_data = .)

.log_filter_data
                0x0000000020001308       0x40 load address 0x0000000000027658
                0x0000000020001308                PROVIDE (__start_log_filter_data = .)
 *(SORT_BY_NAME(.log_filter_data*))
 .log_filter_data_CLOCK
                0x0000000020001308        0x4 _build/nrf52840_xxaa/nrfx_clock.c.o
                0x0000000020001308                m_nrf_log_CLOCK_logs_data_filter
 .log_filter_data_GPIOTE
                0x000000002000130c        0x4 _build/nrf52840_xxaa/nrfx_gpiote.c.o
                0x000000002000130c                m_nrf_log_GPIOTE_logs_data_filter
 .log_filter_data_PWM
                0x0000000020001310        0x4 _build/nrf52840_xxaa/nrfx_pwm.c.o
                0x0000000020001310                m_nrf_log_PWM_logs_data_filter
 .log_filter_data_USBD
                0x0000000020001314        0x4 _build/nrf52840_xxaa/nrfx_usbd.c.o
                0x0000000020001314                m_nrf_log_USBD_logs_data_filter
 .log_filter_data_app
                0x0000000020001318        0x4 _build/nrf52840_xxaa/nrf_log_frontend.c.o
                0x0000000020001318                m_nrf_log_app_logs_data_filter
 .log_filter_data_app_timer
                0x000000002000131c        0x4 _build/nrf52840_xxaa/app_timer2.c.o
                0x000000002000131c                m_nrf_log_app_timer_logs_data_filter
 .log_filter_data_app_timer_debounce_timer
                0x0000000020001320        0x4 _build/nrf52840_xxaa/click_manager.c.o
                0x0000000020001320                m_nrf_log_app_timer_debounce_timer_logs_data_filter
 .log_filter_data_app_timer_double_click_timer
                0x0000000020001324        0x4 _build/nrf52840_xxaa/click_manager.c.o
                0x0000000020001324                m_nrf_log_app_timer_double_click_timer_logs_data_filter
 .log_filter_data_app_usbd
                0x0000000020001328        0x4 _build/nrf52840_xxaa/app_usbd.c.o
                0x0000000020001328                m_nrf_log_app_usbd_logs_data_filter
 .log_filter_data_app_usbd_core
                0x000000002000132c        0x4 _build/nrf52840_xxaa/app_usbd_core.c.o
                0x000000002000132c                m_nrf_log_app_usbd_core_logs_data_filter
 .log_filter_data_atfifo_m_event_queue
                0x0000000020001330        0x4 _build/nrf52840_xxaa/app_usbd.c.o
                0x0000000020001330                m_nrf_log_atfifo_m_event_queue_logs_data_filter
 .log_filter_data_atfifo_m_req_fifo
                0x0000000020001334        0x4 _build/nrf52840_xxaa/app_timer2.c.o
                0x0000000020001334                m_nrf_log_atfifo_m_req_fifo_logs_data_filter
 .log_filter_data_balloc_log_mempool
                0x0000000020001338        0x4 _build/nrf52840_xxaa/nrf_log_frontend.c.o
                0x0000000020001338                m_nrf_log_balloc_log_mempool_logs_data_filter
 .log_filter_data_cdc_acm
                0x000000002000133c        0x4 _build/nrf52840_xxaa/app_usbd_cdc_acm.c.o
                0x000000002000133c                m_nrf_log_cdc_acm_logs_data_filter
 .log_filter_data_clock
                0x0000000020001340        0x4 _build/nrf52840_xxaa/nrf_drv_clock.c.o
                0x0000000020001340                m_nrf_log_clock_logs_data_filter
 .log_filter_data_sortlist
                0x0000000020001344        0x4 _build/nrf52840_xxaa/nrf_sortlist.c.o
                0x0000000020001344                m_nrf_log_sortlist_logs_data_filter
                [!provide]                        PROVIDE (__stop_log_filter_data = .)

.bss            0x0000000020001348      0xda8 load address 0x0000000000027698
                0x0000000020001348                . = ALIGN (0x4)
                0x0000000020001348                __bss_start__ = .
 *(.bss*)
 .bss           0x0000000020001348       0x1c /usr/lib/gcc/arm-none-eabi/9.2.1/thumb/v7e-m+fp/hard/crtbegin.o
 .bss.log_mempool_nrf_balloc_cb
                0x0000000020001364        0x8 _build/nrf52840_xxaa/nrf_log_frontend.c.o
 .bss.log_mempool_nrf_balloc_pool_mem
                0x000000002000136c       0xc0 _build/nrf52840_xxaa/nrf_log_frontend.c.o
 .bss.log_mempool_nrf_balloc_pool_stack
                0x000000002000142c        0x8 _build/nrf52840_xxaa/nrf_log_frontend.c.o
 .bss.m_log_data
                0x0000000020001434      0x420 _build/nrf52840_xxaa/nrf_log_frontend.c.o
 .bss.m_log_push_ringbuf_buf
                0x0000000020001854       0x80 _build/nrf52840_xxaa/nrf_log_frontend.c.o
 .bss.m_log_push_ringbuf_cb
                0x00000000200018d4       0x18 _build/nrf52840_xxaa/nrf_log_frontend.c.o
 .bss.m_in_critical_region
                0x00000000200018ec        0x4 _build/nrf52840_xxaa/app_util_platform.c.o
 .bss.commandLength
                0x00000000200018f0        0x4 _build/nrf52840_xxaa/main.c.o
                0x00000000200018f0                commandLength
 .bss.m_rx_buffer
                0x00000000200018f4        0x1 _build/nrf52840_xxaa/main.c.o
 *fill*         0x00000000200018f5        0x3 
 .bss.usb_cdc_acm_data
                0x00000000200018f8       0x88 _build/nrf52840_xxaa/main.c.o
 .bss.click_number
                0x0000000020001980        0x4 _build/nrf52840_xxaa/click_manager.c.o
                0x0000000020001980                click_number
 .bss.double_click_after_deounce
                0x0000000020001984        0x1 _build/nrf52840_xxaa/click_manager.c.o
                0x0000000020001984                double_click_after_deounce
 *fill*         0x0000000020001985        0x1 
 .bss.yellow_led_step
                0x0000000020001986        0x2 _build/nrf52840_xxaa/set_color.c.o
                0x0000000020001986                yellow_led_step
 .bss.mode      0x0000000020001988        0x1 _build/nrf52840_xxaa/states.c.o
                0x0000000020001988                mode
 *fill*         0x0000000020001989        0x7 
 .bss.m_cb      0x0000000020001990       0x6c _build/nrf52840_xxaa/nrfx_gpiote.c.o
 .bss.m_app_timer_sortlist_sortlist_cb
                0x00000000200019fc        0x4 _build/nrf52840_xxaa/app_timer2.c.o
 .bss.m_base_counter
                0x0000000020001a00        0x8 _build/nrf52840_xxaa/app_timer2.c.o
 .bss.m_global_active
                0x0000000020001a08        0x1 _build/nrf52840_xxaa/app_timer2.c.o
 *fill*         0x0000000020001a09        0x3 
 .bss.m_req_fifo_data
                0x0000000020001a0c       0x58 _build/nrf52840_xxaa/app_timer2.c.o
 *fill*         0x0000000020001a64        0x4 
 .bss.m_stamp64
                0x0000000020001a68        0x8 _build/nrf52840_xxaa/app_timer2.c.o
 .bss.mp_active_timer
                0x0000000020001a70        0x4 _build/nrf52840_xxaa/app_timer2.c.o
 .bss.m_cb      0x0000000020001a74        0x8 _build/nrf52840_xxaa/drv_rtc.c.o
 .bss.m_handlers
                0x0000000020001a7c        0x4 _build/nrf52840_xxaa/drv_rtc.c.o
 .bss.gs_initialized
                0x0000000020001a80        0x1 _build/nrf52840_xxaa/nrf_log_backend_usb.c.o
 *fill*         0x0000000020001a81        0x3 
 .bss.gs_log_usb_cdc_acm_data
                0x0000000020001a84       0x88 _build/nrf52840_xxaa/nrf_log_backend_usb.c.o
 .bss.gs_port_opened
                0x0000000020001b0c        0x1 _build/nrf52840_xxaa/nrf_log_backend_usb.c.o
 *fill*         0x0000000020001b0d        0x3 
 .bss.gs_string_buffer
                0x0000000020001b10       0x40 _build/nrf52840_xxaa/nrf_log_backend_usb.c.o
 .bss.gs_tx_done
                0x0000000020001b50        0x1 _build/nrf52840_xxaa/nrf_log_backend_usb.c.o
 *fill*         0x0000000020001b51        0x3 
 .bss.cx.13954  0x0000000020001b54        0x4 _build/nrf52840_xxaa/app_usbd.c.o
 .bss.m_current_conf
                0x0000000020001b58        0xc _build/nrf52840_xxaa/app_usbd.c.o
 .bss.m_epin_conf
                0x0000000020001b64       0x48 _build/nrf52840_xxaa/app_usbd.c.o
 .bss.m_epout_conf
                0x0000000020001bac       0x48 _build/nrf52840_xxaa/app_usbd.c.o
 .bss.m_event_frame
                0x0000000020001bf4        0x2 _build/nrf52840_xxaa/app_usbd.c.o
 *fill*         0x0000000020001bf6        0x2 
 .bss.m_event_queue_data
                0x0000000020001bf8      0x108 _build/nrf52840_xxaa/app_usbd.c.o
 .bss.m_p_first_cinst
                0x0000000020001d00        0x4 _build/nrf52840_xxaa/app_usbd.c.o
 .bss.m_p_first_sof_cinst
                0x0000000020001d04        0x4 _build/nrf52840_xxaa/app_usbd.c.o
 .bss.m_p_first_sof_interrupt_cinst
                0x0000000020001d08        0x4 _build/nrf52840_xxaa/app_usbd.c.o
 .bss.m_rwu_registered_counter
                0x0000000020001d0c        0x1 _build/nrf52840_xxaa/app_usbd.c.o
 *fill*         0x0000000020001d0d        0x3 
 .bss.m_sof_events_cnt
                0x0000000020001d10        0x4 _build/nrf52840_xxaa/app_usbd.c.o
 .bss.m_sustate
                0x0000000020001d14        0x1 _build/nrf52840_xxaa/app_usbd.c.o
 *fill*         0x0000000020001d15        0x3 
 .bss.p_event_item.13955
                0x0000000020001d18        0x4 _build/nrf52840_xxaa/app_usbd.c.o
 .bss.m_clock_cb
                0x0000000020001d1c       0x14 _build/nrf52840_xxaa/nrf_drv_clock.c.o
 .bss.m_bus_suspend
                0x0000000020001d30        0x1 _build/nrf52840_xxaa/nrfx_usbd.c.o
 .bss.m_dma_pending
                0x0000000020001d31        0x1 _build/nrf52840_xxaa/nrfx_usbd.c.o
 .bss.m_drv_state
                0x0000000020001d32        0x1 _build/nrf52840_xxaa/nrfx_usbd.c.o
 *fill*         0x0000000020001d33        0x1 
 .bss.m_ep_dma_waiting
                0x0000000020001d34        0x4 _build/nrf52840_xxaa/nrfx_usbd.c.o
 .bss.m_ep_ready
                0x0000000020001d38        0x4 _build/nrf52840_xxaa/nrfx_usbd.c.o
 .bss.m_ep_state
                0x0000000020001d3c      0x120 _build/nrf52840_xxaa/nrfx_usbd.c.o
 .bss.m_event_handler
                0x0000000020001e5c        0x4 _build/nrf52840_xxaa/nrfx_usbd.c.o
 .bss.m_last_setup_dir
                0x0000000020001e60        0x1 _build/nrf52840_xxaa/nrfx_usbd.c.o
 *fill*         0x0000000020001e61        0x3 
 .bss.m_tx_buffer
                0x0000000020001e64       0x40 _build/nrf52840_xxaa/nrfx_usbd.c.o
 .bss.app_usbd_core_inst_data
                0x0000000020001ea4        0xc _build/nrf52840_xxaa/app_usbd_core.c.o
 .bss.m_app_usbd_state
                0x0000000020001eb0        0x1 _build/nrf52840_xxaa/app_usbd_core.c.o
 *fill*         0x0000000020001eb1        0x3 
 .bss.m_descriptor_conf_feed_data
                0x0000000020001eb4       0x18 _build/nrf52840_xxaa/app_usbd_core.c.o
 .bss.m_device_features_state
                0x0000000020001ecc        0x1 _build/nrf52840_xxaa/app_usbd_core.c.o
 *fill*         0x0000000020001ecd        0x3 
 .bss.m_ep0_handler_desc
                0x0000000020001ed0        0x8 _build/nrf52840_xxaa/app_usbd_core.c.o
 .bss.m_rwu_pending
                0x0000000020001ed8        0x4 _build/nrf52840_xxaa/app_usbd_core.c.o
 .bss.m_setup_transfer_buff
                0x0000000020001edc       0x40 _build/nrf52840_xxaa/app_usbd_core.c.o
 .bss.m_clock_cb
                0x0000000020001f1c        0x8 _build/nrf52840_xxaa/nrfx_clock.c.o
 .bss.endpoints.13385
                0x0000000020001f24        0x1 _build/nrf52840_xxaa/app_usbd_cdc_acm.c.o
 .bss.i.13352   0x0000000020001f25        0x1 _build/nrf52840_xxaa/app_usbd_cdc_acm.c.o
 .bss.j.13386   0x0000000020001f26        0x1 _build/nrf52840_xxaa/app_usbd_cdc_acm.c.o
 *fill*         0x0000000020001f27        0x1 
 .bss.p_cur_iface.13355
                0x0000000020001f28        0x4 _build/nrf52840_xxaa/app_usbd_cdc_acm.c.o
 .bss.m_initialized
                0x0000000020001f2c        0x1 _build/nrf52840_xxaa/nrf_drv_power.c.o
 *fill*         0x0000000020001f2d        0x3 
 .bss.m_pofwarn_handler
                0x0000000020001f30        0x4 _build/nrf52840_xxaa/nrfx_power.c.o
 .bss.m_sleepevt_handler
                0x0000000020001f34        0x4 _build/nrf52840_xxaa/nrfx_power.c.o
 .bss.m_usbevt_handler
                0x0000000020001f38        0x4 _build/nrf52840_xxaa/nrfx_power.c.o
 .bss.m_cb      0x0000000020001f3c        0x8 _build/nrf52840_xxaa/nrfx_pwm.c.o