Archive member included to satisfy reference by file (symbol)

/usr/lib/gcc/arm-none-eabi/9.2.1/../../../arm-none-eabi/lib/thumb/v7e-m+fp/hard/libc_nano.a(lib_a-atexit.o)
                              /usr/lib/gcc/arm-none-eabi/9.2.1/../../../arm-none-eabi/lib/thumb/v7e-m+fp/hard/crt0.o (atexit)
/usr/lib/gcc/arm-none-eabi/9.2.1/../../../arm-none-eabi/lib/thumb/v7e-m+fp/hard/libc_nano.a(lib_a-ctype_.o)
                              _build/nrf52840_xxaa/nrf_log_str_formatter.c.o (_ctype_)
/usr/lib/gcc/arm-none-eabi/9.2.1/../../../arm-none-eabi/lib/thumb/v7e-m+fp/hard/libc_nano.a(lib_a-exit.o)
                              /usr/lib/gcc/arm-none-eabi/9.2.1/../../../arm-none-eabi/lib/thumb/v7e-m+fp/hard/crt0.o (exit)
/usr/lib/gcc/arm-none-eabi/9.2.1/../../../arm-none-eabi/lib/thumb/v7e-m+fp/hard/libc_nano.a(lib_a-fini.o)
                              /usr/lib/gcc/arm-none-eabi/9.2.1/../../../arm-none-eabi/lib/thumb/v7e-m+fp/hard/crt0.o (__libc_fini_array)
/usr/lib/gcc/arm-none-eabi/9.2.1/../../../arm-none-eabi/lib/thumb/v7e-m+fp/hard/libc_nano.a(lib_a-impure.o)
                              /usr/lib/gcc/arm-none-eabi/9.2.1/../../../arm-none-eabi/lib/thumb/v7e-m+fp/hard/libc_nano.a(lib_a-exit.o) (_global_impure_ptr)
/usr/lib/gcc/arm-none-eabi/9.2.1/../../../arm-none-eabi/lib/thumb/v7e-m+fp/hard/libc_nano.a(lib_a-init.o)
                              /usr/lib/gcc/arm-none-eabi/9.2.1/../../../arm-none-eabi/lib/thumb/v7e-m+fp/hard/crt0.o (__libc_init_array)
/usr/lib/gcc/arm-none-eabi/9.2.1/../../../arm-none-eabi/lib/thumb/v7e-m+fp/hard/libc_nano.a(lib_a-memcpy.o)
                              _build/nrf52840_xxaa/nrf_log_frontend.c.o (memcpy)
/usr/lib/gcc/arm-none-eabi/9.2.1/../../../arm-none-eabi/lib/thumb/v7e-m+fp/hard/libc_nano.a(lib_a-memset.o)
                              /usr/lib/gcc/arm-none-eabi/9.2.1/../../../arm-none-eabi/lib/thumb/v7e-m+fp/hard/crt0.o (memset)
/usr/lib/gcc/arm-none-eabi/9.2.1/../../../arm-none-eabi/lib/thumb/v7e-m+fp/hard/libc_nano.a(lib_a-snprintf.o)
                              _build/nrf52840_xxaa/app_usbd_serial_num.c.o (snprintf)
/usr/lib/gcc/arm-none-eabi/9.2.1/../../../arm-none-eabi/lib/thumb/v7e-m+fp/hard/libc_nano.a(lib_a-sscanf.o)
                              _build/nrf52840_xxaa/main.c.o (sscanf)
/usr/lib/gcc/arm-none-eabi/9.2.1/../../../arm-none-eabi/lib/thumb/v7e-m+fp/hard/libc_nano.a(lib_a-stdio.o)
                              /usr/lib/gcc/arm-none-eabi/9.2.1/../../../arm-none-eabi/lib/thumb/v7e-m+fp/hard/libc_nano.a(lib_a-sscanf.o) (__seofread)
/usr/lib/gcc/arm-none-eabi/9.2.1/../../../arm-none-eabi/lib/thumb/v7e-m+fp/hard/libc_nano.a(lib_a-strlen.o)
                              _build/nrf52840_xxaa/nrf_log_frontend.c.o (strlen)
/usr/lib/gcc/arm-none-eabi/9.2.1/../../../arm-none-eabi/lib/thumb/v7e-m+fp/hard/libc_nano.a(lib_a-strncmp.o)
                              _build/nrf52840_xxaa/nrf_log_frontend.c.o (strncmp)
/usr/lib/gcc/arm-none-eabi/9.2.1/../../../arm-none-eabi/lib/thumb/v7e-m+fp/hard/libc_nano.a(lib_a-writer.o)
                              /usr/lib/gcc/arm-none-eabi/9.2.1/../../../arm-none-eabi/lib/thumb/v7e-m+fp/hard/libc_nano.a(lib_a-stdio.o) (_write_r)
/usr/lib/gcc/arm-none-eabi/9.2.1/../../../arm-none-eabi/lib/thumb/v7e-m+fp/hard/libc_nano.a(lib_a-__atexit.o)
                              /usr/lib/gcc/arm-none-eabi/9.2.1/../../../arm-none-eabi/lib/thumb/v7e-m+fp/hard/libc_nano.a(lib_a-atexit.o) (__register_exitproc)
/usr/lib/gcc/arm-none-eabi/9.2.1/../../../arm-none-eabi/lib/thumb/v7e-m+fp/hard/libc_nano.a(lib_a-__call_atexit.o)
                              /usr/lib/gcc/arm-none-eabi/9.2.1/../../../arm-none-eabi/lib/thumb/v7e-m+fp/hard/libc_nano.a(lib_a-__atexit.o) (__call_exitprocs)
/usr/lib/gcc/arm-none-eabi/9.2.1/../../../arm-none-eabi/lib/thumb/v7e-m+fp/hard/libc_nano.a(lib_a-closer.o)
                              /usr/lib/gcc/arm-none-eabi/9.2.1/../../../arm-none-eabi/lib/thumb/v7e-m+fp/hard/libc_nano.a(lib_a-stdio.o) (_close_r)
/usr/lib/gcc/arm-none-eabi/9.2.1/../../../arm-none-eabi/lib/thumb/v7e-m+fp/hard/libc_nano.a(lib_a-lseekr.o)
                              /usr/lib/gcc/arm-none-eabi/9.2.1/../../../arm-none-eabi/lib/thumb/v7e-m+fp/hard/libc_nano.a(lib_a-stdio.o) (_lseek_r)
/usr/lib/gcc/arm-none-eabi/9.2.1/../../../arm-none-eabi/lib/thumb/v7e-m+fp/hard/libc_nano.a(lib_a-nano-svfprintf.o)
                              /usr/lib/gcc/arm-none-eabi/9.2.1/../../../arm-none-eabi/lib/thumb/v7e-m+fp/hard/libc_nano.a(lib_a-snprintf.o) (_svfprintf_r)
/usr/lib/gcc/arm-none-eabi/9.2.1/../../../arm-none-eabi/lib/thumb/v7e-m+fp/hard/libc_nano.a(lib_a-nano-svfscanf.o)
                              /usr/lib/gcc/arm-none-eabi/9.2.1/../../../arm-none-eabi/lib/thumb/v7e-m+fp/hard/libc_nano.a(lib_a-sscanf.o) (__ssvfscanf_r)
/usr/lib/gcc/arm-none-eabi/9.2.1/../../../arm-none-eabi/lib/thumb/v7e-m+fp/hard/libc_nano.a(lib_a-nano-vfprintf_i.o)
[...]
Memory Configuration

Name             Origin             Length             Attributes
FLASH            0x000000000001c000 0x0000000000064000 xr
RAM              0x0000000020001198 0x000000000001ee68 xrw
*default*        0x0000000000000000 0xffffffffffffffff

Linker script and memory map


.text           0x000000000001c000     0xcd84
 *(.isr_vector)
 .isr_vector    0x000000000001c000      0x200 _build/nrf52840_xxaa/gcc_startup_nrf52840.S.o
                0x000000000001c000                __isr_vector
 *(.text*)
 .text          0x000000000001c200       0x88 /usr/lib/gcc/arm-none-eabi/9.2.1/thumb/v7e-m+fp/hard/crtbegin.o
 .text          0x000000000001c288       0x70 /usr/lib/gcc/arm-none-eabi/9.2.1/../../../arm-none-eabi/lib/thumb/v7e-m+fp/hard/crt0.o
                0x000000000001c288                _stack_init
                0x000000000001c290                _mainCRTStartup
                0x000000000001c290                _start
 .text          0x000000000001c2f8       0x3c _build/nrf52840_xxaa/gcc_startup_nrf52840.S.o
                0x000000000001c2f8                Reset_Handler
                0x000000000001c320                NMI_Handler
                0x000000000001c322                HardFault_Handler
                0x000000000001c324                MemoryManagement_Handler
                0x000000000001c326                BusFault_Handler
                0x000000000001c328                UsageFault_Handler
                0x000000000001c32a                SVC_Handler
                0x000000000001c32c                DebugMon_Handler
                0x000000000001c32e                PendSV_Handler
                0x000000000001c330                SysTick_Handler
                0x000000000001c332                TIMER2_IRQHandler
                0x000000000001c332                RTC0_IRQHandler
                0x000000000001c332                SWI0_EGU0_IRQHandler
                0x000000000001c332                SWI2_EGU2_IRQHandler
                0x000000000001c332                PWM1_IRQHandler
                0x000000000001c332                RADIO_IRQHandler
                0x000000000001c332                PDM_IRQHandler
                0x000000000001c332                TEMP_IRQHandler
                0x000000000001c332                QDEC_IRQHandler
                0x000000000001c332                TIMER3_IRQHandler
                0x000000000001c332                PWM3_IRQHandler
                0x000000000001c332                FPU_IRQHandler
                0x000000000001c332                SPIM0_SPIS0_TWIM0_TWIS0_SPI0_TWI0_IRQHandler
                0x000000000001c332                UARTE0_UART0_IRQHandler
                0x000000000001c332                TIMER4_IRQHandler
                0x000000000001c332                CRYPTOCELL_IRQHandler
                0x000000000001c332                I2S_IRQHandler
                0x000000000001c332                SWI4_EGU4_IRQHandler
                0x000000000001c332                TIMER0_IRQHandler
                0x000000000001c332                UARTE1_IRQHandler
                0x000000000001c332                TIMER1_IRQHandler
                0x000000000001c332                SPIM3_IRQHandler
                0x000000000001c332                PWM2_IRQHandler
                0x000000000001c332                ECB_IRQHandler
                0x000000000001c332                SPIM1_SPIS1_TWIM1_TWIS1_SPI1_TWI1_IRQHandler
                0x000000000001c332                Default_Handler
                0x000000000001c332                SAADC_IRQHandler
                0x000000000001c332                CCM_AAR_IRQHandler
                0x000000000001c332                WDT_IRQHandler
                0x000000000001c332                SWI5_EGU5_IRQHandler
                0x000000000001c332                RNG_IRQHandler
                0x000000000001c332                RTC2_IRQHandler
                0x000000000001c332                SWI3_EGU3_IRQHandler
                0x000000000001c332                SWI1_EGU1_IRQHandler
                0x000000000001c332                SPIM2_SPIS2_SPI2_IRQHandler
                0x000000000001c332                NFCT_IRQHandler
                0x000000000001c332                MWU_IRQHandler
                0x000000000001c332                QSPI_IRQHandler
                0x000000000001c332                COMP_LPCOMP_IRQHandler
 .text.nrf_log_init
                0x000000000001c334       0xa0 _build/nrf52840_xxaa/nrf_log_frontend.c.o
                0x000000000001c334                nrf_log_init
 .text.nrf_log_module_name_get
                0x000000000001c3d4       0x48 _build/nrf52840_xxaa/nrf_log_frontend.c.o
                0x000000000001c3d4                nrf_log_module_name_get
 .text.nrf_log_color_id_get
                0x000000000001c41c       0x2c _build/nrf52840_xxaa/nrf_log_frontend.c.o
                0x000000000001c41c                nrf_log_color_id_get
 .text.log_pending_hook
                0x000000000001c448        0x4 _build/nrf52840_xxaa/nrf_log_frontend.c.o
                0x000000000001c448                log_pending_hook
 .text.nrf_log_frontend_dequeue
                0x000000000001c44c      0x284 _build/nrf52840_xxaa/nrf_log_frontend.c.o
                0x000000000001c44c                nrf_log_frontend_dequeue
 .text.nrf_log_frontend_std_0
                0x000000000001c6d0      0x184 _build/nrf52840_xxaa/nrf_log_frontend.c.o
                0x000000000001c6d0                nrf_log_frontend_std_0
 .text.nrf_log_frontend_std_1
                0x000000000001c854      0x194 _build/nrf52840_xxaa/nrf_log_frontend.c.o
                0x000000000001c854                nrf_log_frontend_std_1
 .text.nrf_log_backend_add
                0x000000000001c9e8       0xdc _build/nrf52840_xxaa/nrf_log_frontend.c.o
                0x000000000001c9e8                nrf_log_backend_add
 .text.nrf_log_panic
                0x000000000001cac4       0x28 _build/nrf52840_xxaa/nrf_log_frontend.c.o
                0x000000000001cac4                nrf_log_panic
 .text.prefix_process
                0x000000000001caec       0x80 _build/nrf52840_xxaa/nrf_log_str_formatter.c.o
 .text.nrf_log_std_entry_process
                0x000000000001cb6c       0xf0 _build/nrf52840_xxaa/nrf_log_str_formatter.c.o
                0x000000000001cb6c                nrf_log_std_entry_process
 .text.nrf_log_hexdump_entry_process
                0x000000000001cc5c       0xfc _build/nrf52840_xxaa/nrf_log_str_formatter.c.o
                0x000000000001cc5c                nrf_log_hexdump_entry_process
 .text.app_error_handler_bare
                0x000000000001cd58       0x20 _build/nrf52840_xxaa/app_error.c.o
                0x000000000001cd58                app_error_handler_bare
 .text.app_error_fault_handler
                0x000000000001cd78       0x94 _build/nrf52840_xxaa/app_error_weak.c.o
                0x000000000001cd78                app_error_fault_handler
 .text.app_util_critical_region_enter
                0x000000000001ce0c       0x10 _build/nrf52840_xxaa/app_util_platform.c.o
                0x000000000001ce0c                app_util_critical_region_enter
 .text.app_util_critical_region_exit
                0x000000000001ce1c       0x14 _build/nrf52840_xxaa/app_util_platform.c.o
                0x000000000001ce1c                app_util_critical_region_exit
 .text.nrf_atomic_u32_fetch_store
                0x000000000001ce30       0x1c _build/nrf52840_xxaa/nrf_atomic.c.o
                0x000000000001ce30                nrf_atomic_u32_fetch_store
 .text.nrf_atomic_u32_add
                0x000000000001ce4c       0x1c _build/nrf52840_xxaa/nrf_atomic.c.o
                0x000000000001ce4c                nrf_atomic_u32_add
 .text.nrf_atomic_u32_sub
                0x000000000001ce68       0x1c _build/nrf52840_xxaa/nrf_atomic.c.o
                0x000000000001ce68                nrf_atomic_u32_sub
 .text.nrf_atomic_u32_sub_hs
                0x000000000001ce84       0x20 _build/nrf52840_xxaa/nrf_atomic.c.o
                0x000000000001ce84                nrf_atomic_u32_sub_hs
 .text.nrf_atomic_flag_set
                0x000000000001cea4       0x20 _build/nrf52840_xxaa/nrf_atomic.c.o
                0x000000000001cea4                nrf_atomic_flag_set
 .text.nrf_atomic_flag_clear_fetch
                0x000000000001cec4       0x20 _build/nrf52840_xxaa/nrf_atomic.c.o
                0x000000000001cec4                nrf_atomic_flag_clear_fetch
 .text.nrf_balloc_init
                0x000000000001cee4       0x38 _build/nrf52840_xxaa/nrf_balloc.c.o
                0x000000000001cee4                nrf_balloc_init
 .text.nrf_balloc_alloc
                0x000000000001cf1c       0x4c _build/nrf52840_xxaa/nrf_balloc.c.o
                0x000000000001cf1c                nrf_balloc_alloc
 .text.nrf_balloc_free
                0x000000000001cf68       0x2c _build/nrf52840_xxaa/nrf_balloc.c.o
                0x000000000001cf68                nrf_balloc_free
 .text.nrf_fprintf_buffer_flush
                0x000000000001cf94       0x18 _build/nrf52840_xxaa/nrf_fprintf.c.o
                0x000000000001cf94                nrf_fprintf_buffer_flush
 .text.nrf_fprintf
                0x000000000001cfac       0x20 _build/nrf52840_xxaa/nrf_fprintf.c.o
                0x000000000001cfac                nrf_fprintf
 .text.unsigned_print
                0x000000000001cfcc      0x14c _build/nrf52840_xxaa/nrf_fprintf_format.c.o
 .text.nrf_fprintf_fmt
                0x000000000001d118      0x5cc _build/nrf52840_xxaa/nrf_fprintf_format.c.o
                0x000000000001d118                nrf_fprintf_fmt
 .text.nrf_memobj_pool_init
                0x000000000001d6e4        0x4 _build/nrf52840_xxaa/nrf_memobj.c.o
                0x000000000001d6e4                nrf_memobj_pool_init
 .text.nrf_memobj_alloc
                0x000000000001d6e8       0x94 _build/nrf52840_xxaa/nrf_memobj.c.o
                0x000000000001d6e8                nrf_memobj_alloc
 .text.nrf_memobj_get
                0x000000000001d77c        0x8 _build/nrf52840_xxaa/nrf_memobj.c.o
                0x000000000001d77c                nrf_memobj_get
 .text.nrf_memobj_put
                0x000000000001d784       0x58 _build/nrf52840_xxaa/nrf_memobj.c.o
                0x000000000001d784                nrf_memobj_put
 .text.nrf_memobj_write
                0x000000000001d7dc       0x68 _build/nrf52840_xxaa/nrf_memobj.c.o
                0x000000000001d7dc                nrf_memobj_write
 .text.nrf_memobj_read
                0x000000000001d844       0x68 _build/nrf52840_xxaa/nrf_memobj.c.o
                0x000000000001d844                nrf_memobj_read
 .text.nrf_ringbuf_init
                0x000000000001d8ac       0x1c _build/nrf52840_xxaa/nrf_ringbuf.c.o
                0x000000000001d8ac                nrf_ringbuf_init
 .text.nrfx_atomic_u32_fetch_and
                0x000000000001d8c8       0x1c _build/nrf52840_xxaa/nrfx_atomic.c.o
                0x000000000001d8c8                nrfx_atomic_u32_fetch_and
 .text.checkCommand
                0x000000000001d8e4      0x1f4 _build/nrf52840_xxaa/main.c.o
                0x000000000001d8e4                checkCommand
 .text.usb_ev_handler
                0x000000000001dad8      0x108 _build/nrf52840_xxaa/main.c.o
 .text.logs_init
                0x000000000001dbe0       0x24 _build/nrf52840_xxaa/main.c.o
                0x000000000001dbe0                logs_init
 .text.startup.main
                0x000000000001dc04       0x8c _build/nrf52840_xxaa/main.c.o
                0x000000000001dc04                main
 .text.SystemInit
                0x000000000001dc90      0x254 _build/nrf52840_xxaa/system_nrf52840.c.o
                0x000000000001dc90                SystemInit
 *fill*         0x000000000001dee4        0x4 
 .text.rgb2hsv  0x000000000001dee8      0x1bc _build/nrf52840_xxaa/hsv.c.o
                0x000000000001dee8                rgb2hsv
 *fill*         0x000000000001e0a4        0x4 
 .text.hsv2rgb  0x000000000001e0a8      0x168 _build/nrf52840_xxaa/hsv.c.o
                0x000000000001e0a8                hsv2rgb
 .text.debounce_handler
                0x000000000001e210       0x30 _build/nrf52840_xxaa/click_manager.c.o
                0x000000000001e210                debounce_handler
 .text.double_click_handler
                0x000000000001e240       0x58 _build/nrf52840_xxaa/click_manager.c.o
                0x000000000001e240                double_click_handler
 .text.gpio_handler
                0x000000000001e298       0x44 _build/nrf52840_xxaa/click_manager.c.o
                0x000000000001e298                gpio_handler
 .text.timers_init
                0x000000000001e2dc       0x80 _build/nrf52840_xxaa/click_manager.c.o
                0x000000000001e2dc                timers_init
 .text.configure_leds
                0x000000000001e35c       0x44 _build/nrf52840_xxaa/my_leds.c.o
                0x000000000001e35c                configure_leds
 .text.save_data_to_nvm
                0x000000000001e3a0       0x2c _build/nrf52840_xxaa/nvmc.c.o
                0x000000000001e3a0                save_data_to_nvm
 .text.read_data_from_nvm
                0x000000000001e3cc       0x5c _build/nrf52840_xxaa/nvmc.c.o
                0x000000000001e3cc                read_data_from_nvm
 .text.pwm_handler
                0x000000000001e428      0x12c _build/nrf52840_xxaa/set_color.c.o
                0x000000000001e428                pwm_handler
 .text.set_mode
                0x000000000001e554       0xb4 _build/nrf52840_xxaa/set_color.c.o
                0x000000000001e554                set_mode
 .text.configure_button
                0x000000000001e608       0x20 _build/nrf52840_xxaa/my_button.c.o
                0x000000000001e608                configure_button
 .text.button_pressed
                0x000000000001e628       0x10 _build/nrf52840_xxaa/my_button.c.o
                0x000000000001e628                button_pressed
 .text.nrfx_gpiote_init
                0x000000000001e638       0xb0 _build/nrf52840_xxaa/nrfx_gpiote.c.o
                0x000000000001e638                nrfx_gpiote_init
 .text.nrfx_gpiote_in_init
                0x000000000001e6e8      0x1e4 _build/nrf52840_xxaa/nrfx_gpiote.c.o
                0x000000000001e6e8                nrfx_gpiote_in_init
 .text.nrfx_gpiote_in_event_enable
                0x000000000001e8cc       0xd8 _build/nrf52840_xxaa/nrfx_gpiote.c.o
                0x000000000001e8cc                nrfx_gpiote_in_event_enable
 .text.nrfx_gpiote_in_is_set
                0x000000000001e9a4       0x20 _build/nrf52840_xxaa/nrfx_gpiote.c.o
                0x000000000001e9a4                nrfx_gpiote_in_is_set
 .text.GPIOTE_IRQHandler
                0x000000000001e9c4      0x500 _build/nrf52840_xxaa/nrfx_gpiote.c.o
                0x000000000001e9c4                GPIOTE_IRQHandler
 .text.compare_func
                0x000000000001eec4       0x18 _build/nrf52840_xxaa/app_timer2.c.o
 .text.rtc_irq  0x000000000001eedc      0x394 _build/nrf52840_xxaa/app_timer2.c.o
 .text.app_timer_init
                0x000000000001f270       0x70 _build/nrf52840_xxaa/app_timer2.c.o
                0x000000000001f270                app_timer_init
 .text.app_timer_create
                0x000000000001f2e0       0x2c _build/nrf52840_xxaa/app_timer2.c.o
                0x000000000001f2e0                app_timer_create
 .text.app_timer_start
                0x000000000001f30c       0xb4 _build/nrf52840_xxaa/app_timer2.c.o
                0x000000000001f30c                app_timer_start
 .text.app_timer_stop
                0x000000000001f3c0       0x70 _build/nrf52840_xxaa/app_timer2.c.o
                0x000000000001f3c0                app_timer_stop
 .text.drv_rtc_init
                0x000000000001f430       0xdc _build/nrf52840_xxaa/drv_rtc.c.o
                0x000000000001f430                drv_rtc_init
 .text.drv_rtc_start
                0x000000000001f50c        0x8 _build/nrf52840_xxaa/drv_rtc.c.o
                0x000000000001f50c                drv_rtc_start
 .text.drv_rtc_stop
                0x000000000001f514        0x8 _build/nrf52840_xxaa/drv_rtc.c.o
                0x000000000001f514                drv_rtc_stop
 .text.drv_rtc_compare_set
                0x000000000001f51c       0x4c _build/nrf52840_xxaa/drv_rtc.c.o
                0x000000000001f51c                drv_rtc_compare_set
 .text.drv_rtc_windowed_compare_set
                0x000000000001f568       0xf8 _build/nrf52840_xxaa/drv_rtc.c.o
                0x000000000001f568                drv_rtc_windowed_compare_set
 .text.drv_rtc_overflow_enable
                0x000000000001f660       0x14 _build/nrf52840_xxaa/drv_rtc.c.o
                0x000000000001f660                drv_rtc_overflow_enable
 .text.drv_rtc_overflow_pending
                0x000000000001f674       0x20 _build/nrf52840_xxaa/drv_rtc.c.o
                0x000000000001f674                drv_rtc_overflow_pending
 .text.drv_rtc_compare_disable
                0x000000000001f694       0x18 _build/nrf52840_xxaa/drv_rtc.c.o
                0x000000000001f694                drv_rtc_compare_disable
 .text.drv_rtc_compare_pending
                0x000000000001f6ac       0x20 _build/nrf52840_xxaa/drv_rtc.c.o
                0x000000000001f6ac                drv_rtc_compare_pending
 .text.drv_rtc_counter_get
                0x000000000001f6cc        0x8 _build/nrf52840_xxaa/drv_rtc.c.o
                0x000000000001f6cc                drv_rtc_counter_get
 .text.drv_rtc_irq_trigger
                0x000000000001f6d4       0x24 _build/nrf52840_xxaa/drv_rtc.c.o
                0x000000000001f6d4                drv_rtc_irq_trigger
 .text.RTC1_IRQHandler
                0x000000000001f6f8       0x14 _build/nrf52840_xxaa/drv_rtc.c.o
                0x000000000001f6f8                RTC1_IRQHandler
 .text.nrf_sortlist_add
                0x000000000001f70c       0x28 _build/nrf52840_xxaa/nrf_sortlist.c.o
                0x000000000001f70c                nrf_sortlist_add
 .text.nrf_sortlist_pop
                0x000000000001f734        0xc _build/nrf52840_xxaa/nrf_sortlist.c.o
                0x000000000001f734                nrf_sortlist_pop
 .text.nrf_sortlist_peek
                0x000000000001f740        0x8 _build/nrf52840_xxaa/nrf_sortlist.c.o
                0x000000000001f740                nrf_sortlist_peek
 .text.nrf_sortlist_remove
                0x000000000001f748       0x1c _build/nrf52840_xxaa/nrf_sortlist.c.o
                0x000000000001f748                nrf_sortlist_remove
 .text.nrf_atfifo_init
                0x000000000001f764       0x30 _build/nrf52840_xxaa/nrf_atfifo.c.o
                0x000000000001f764                nrf_atfifo_init
 .text.nrf_atfifo_item_alloc
                0x000000000001f794       0x5c _build/nrf52840_xxaa/nrf_atfifo.c.o
                0x000000000001f794                nrf_atfifo_item_alloc
 .text.nrf_atfifo_item_put
                0x000000000001f7f0       0x20 _build/nrf52840_xxaa/nrf_atfifo.c.o
                0x000000000001f7f0                nrf_atfifo_item_put
 .text.nrf_atfifo_item_get
                0x000000000001f810       0x60 _build/nrf52840_xxaa/nrf_atfifo.c.o
                0x000000000001f810                nrf_atfifo_item_get
 .text.nrf_atfifo_item_free
                0x000000000001f870       0x20 _build/nrf52840_xxaa/nrf_atfifo.c.o
                0x000000000001f870                nrf_atfifo_item_free
 .text.nrf_log_default_backends_init
                0x000000000001f890       0x20 _build/nrf52840_xxaa/nrf_log_default_backends.c.o
                0x000000000001f890                nrf_log_default_backends_init
 .text.log_backend_usb_cdc_acm_ev_handler
                0x000000000001f8b0       0x2c _build/nrf52840_xxaa/nrf_log_backend_usb.c.o
 .text.log_backend_usb_flush
                0x000000000001f8dc        0x4 _build/nrf52840_xxaa/nrf_log_backend_usb.c.o
 .text.log_backend_usb_panic_set
                0x000000000001f8e0       0x18 _build/nrf52840_xxaa/nrf_log_backend_usb.c.o
 .text.log_backend_usb_put
                0x000000000001f8f8       0x2c _build/nrf52840_xxaa/nrf_log_backend_usb.c.o
 .text.log_backend_usbd_user_ev_handler
                0x000000000001f924       0x48 _build/nrf52840_xxaa/nrf_log_backend_usb.c.o
 .text.usb_serial_tx
                0x000000000001f96c       0x64 _build/nrf52840_xxaa/nrf_log_backend_usb.c.o
 .text.log_backend_usb_init
                0x000000000001f9d0       0x8c _build/nrf52840_xxaa/nrf_log_backend_usb.c.o
                0x000000000001f9d0                log_backend_usb_init
 .text.log_backend_usb_process
                0x000000000001fa5c       0x18 _build/nrf52840_xxaa/nrf_log_backend_usb.c.o
                0x000000000001fa5c                log_backend_usb_process
 .text.app_usbd_hfclk_ready
                0x000000000001fa74       0x64 _build/nrf52840_xxaa/app_usbd.c.o
 .text.app_usbd_event_handler
                0x000000000001fad8       0xdc _build/nrf52840_xxaa/app_usbd.c.o
 .text.app_usbd_power_event_handler
                0x000000000001fbb4       0xe0 _build/nrf52840_xxaa/app_usbd.c.o
 .text.app_usbd_class_descriptor_find
                0x000000000001fc94       0xb8 _build/nrf52840_xxaa/app_usbd.c.o
                0x000000000001fc94                app_usbd_class_descriptor_find
 .text.app_usbd_init
                0x000000000001fd4c      0x150 _build/nrf52840_xxaa/app_usbd.c.o
                0x000000000001fd4c                app_usbd_init
 .text.app_usbd_power_events_enable
                0x000000000001fe9c       0x30 _build/nrf52840_xxaa/app_usbd.c.o
                0x000000000001fe9c                app_usbd_power_events_enable
 .text.app_usbd_enable
                0x000000000001fecc        0x4 _build/nrf52840_xxaa/app_usbd.c.o
                0x000000000001fecc                app_usbd_enable
 .text.app_usbd_disable
                0x000000000001fed0        0x4 _build/nrf52840_xxaa/app_usbd.c.o
                0x000000000001fed0                app_usbd_disable
 .text.app_usbd_start
                0x000000000001fed4       0x7c _build/nrf52840_xxaa/app_usbd.c.o
                0x000000000001fed4                app_usbd_start
 .text.app_usbd_stop
                0x000000000001ff50       0x64 _build/nrf52840_xxaa/app_usbd.c.o
                0x000000000001ff50                app_usbd_stop
 .text.app_usbd_class_append
                0x000000000001ffb4      0x11c _build/nrf52840_xxaa/app_usbd.c.o
                0x000000000001ffb4                app_usbd_class_append
 .text.app_usbd_class_remove
                0x00000000000200d0      0x12c _build/nrf52840_xxaa/app_usbd.c.o
                0x00000000000200d0                app_usbd_class_remove
 .text.app_usbd_class_rwu_enabled_check
                0x00000000000201fc       0x10 _build/nrf52840_xxaa/app_usbd.c.o
                0x00000000000201fc                app_usbd_class_rwu_enabled_check
 .text.app_usbd_ep_enable
                0x000000000002020c       0x28 _build/nrf52840_xxaa/app_usbd.c.o
                0x000000000002020c                app_usbd_ep_enable
 .text.app_usbd_ep_disable
                0x0000000000020234        0x4 _build/nrf52840_xxaa/app_usbd.c.o
                0x0000000000020234                app_usbd_ep_disable
 .text.app_usbd_class_first_get
                0x0000000000020238        0xc _build/nrf52840_xxaa/app_usbd.c.o
                0x0000000000020238                app_usbd_class_first_get
 .text.app_usbd_iface_find
                0x0000000000020244       0x40 _build/nrf52840_xxaa/app_usbd.c.o
                0x0000000000020244                app_usbd_iface_find
 .text.app_usbd_iface_call
                0x0000000000020284        0x8 _build/nrf52840_xxaa/app_usbd.c.o
                0x0000000000020284                app_usbd_iface_call
 .text.app_usbd_ep_call
                0x000000000002028c       0x2c _build/nrf52840_xxaa/app_usbd.c.o
                0x000000000002028c                app_usbd_ep_call
 .text.app_usbd_all_until_served_call
                0x00000000000202b8       0x2c _build/nrf52840_xxaa/app_usbd.c.o
                0x00000000000202b8                app_usbd_all_until_served_call
 .text.app_usbd_ep_transfer
                0x00000000000202e4       0x28 _build/nrf52840_xxaa/app_usbd.c.o
                0x00000000000202e4                app_usbd_ep_transfer
 .text.app_usbd_ep_handled_transfer
                0x000000000002030c       0x28 _build/nrf52840_xxaa/app_usbd.c.o
                0x000000000002030c                app_usbd_ep_handled_transfer
 .text.app_usbd_iface_select
                0x0000000000020334       0x80 _build/nrf52840_xxaa/app_usbd.c.o
                0x0000000000020334                app_usbd_iface_select
 .text.app_usbd_iface_selection_get
                0x00000000000203b4        0xc _build/nrf52840_xxaa/app_usbd.c.o
                0x00000000000203b4                app_usbd_iface_selection_get
 .text.app_usbd_all_iface_select_0
                0x00000000000203c0       0xb8 _build/nrf52840_xxaa/app_usbd.c.o
                0x00000000000203c0                app_usbd_all_iface_select_0
 .text.app_usbd_all_iface_deselect
                0x0000000000020478       0x84 _build/nrf52840_xxaa/app_usbd.c.o
                0x0000000000020478                app_usbd_all_iface_deselect
 .text.app_usbd_event_execute
                0x00000000000204fc      0x60c _build/nrf52840_xxaa/app_usbd.c.o
                0x00000000000204fc                app_usbd_event_execute
 .text.app_usbd_event_queue_process
                0x0000000000020b08       0xb8 _build/nrf52840_xxaa/app_usbd.c.o
                0x0000000000020b08                app_usbd_event_queue_process
 .text.clock_irq_handler
                0x0000000000020bc0       0x44 _build/nrf52840_xxaa/nrf_drv_clock.c.o
 .text.nrf_drv_clock_init_check
                0x0000000000020c04        0xc _build/nrf52840_xxaa/nrf_drv_clock.c.o
                0x0000000000020c04                nrf_drv_clock_init_check
 .text.nrf_drv_clock_init
                0x0000000000020c10       0x44 _build/nrf52840_xxaa/nrf_drv_clock.c.o
                0x0000000000020c10                nrf_drv_clock_init
 .text.nrf_drv_clock_lfclk_request
                0x0000000000020c54       0x5c _build/nrf52840_xxaa/nrf_drv_clock.c.o
                0x0000000000020c54                nrf_drv_clock_lfclk_request
 .text.nrf_drv_clock_lfclk_is_running
                0x0000000000020cb0       0x10 _build/nrf52840_xxaa/nrf_drv_clock.c.o
                0x0000000000020cb0                nrf_drv_clock_lfclk_is_running
 .text.nrf_drv_clock_hfclk_request
                0x0000000000020cc0       0x5c _build/nrf52840_xxaa/nrf_drv_clock.c.o
                0x0000000000020cc0                nrf_drv_clock_hfclk_request
 .text.nrf_drv_clock_hfclk_release
                0x0000000000020d1c       0x34 _build/nrf52840_xxaa/nrf_drv_clock.c.o
                0x0000000000020d1c                nrf_drv_clock_hfclk_release
 .text.nrfx_usbd_consumer
                0x0000000000020d50       0x38 _build/nrf52840_xxaa/nrfx_usbd.c.o
                0x0000000000020d50                nrfx_usbd_consumer
 .text.nrfx_usbd_feeder_ram
                0x0000000000020d88       0x28 _build/nrf52840_xxaa/nrfx_usbd.c.o
                0x0000000000020d88                nrfx_usbd_feeder_ram
 .text.nrfx_usbd_feeder_ram_zlp
                0x0000000000020db0       0x28 _build/nrf52840_xxaa/nrfx_usbd.c.o
                0x0000000000020db0                nrfx_usbd_feeder_ram_zlp
 .text.ev_usbreset_handler
                0x0000000000020dd8       0x34 _build/nrf52840_xxaa/nrfx_usbd.c.o
 .text.ev_started_handler
                0x0000000000020e0c        0x4 _build/nrf52840_xxaa/nrfx_usbd.c.o
 .text.ev_sof_handler
                0x0000000000020e10       0x48 _build/nrf52840_xxaa/nrfx_usbd.c.o
 .text.nrfx_usbd_feeder_flash
                0x0000000000020e58       0x38 _build/nrf52840_xxaa/nrfx_usbd.c.o
                0x0000000000020e58                nrfx_usbd_feeder_flash
 .text.nrfx_usbd_feeder_flash_zlp
                0x0000000000020e90       0x40 _build/nrf52840_xxaa/nrfx_usbd.c.o
                0x0000000000020e90                nrfx_usbd_feeder_flash_zlp
 .text.ev_dma_epout0_handler
                0x0000000000020ed0       0x80 _build/nrf52840_xxaa/nrfx_usbd.c.o
 .text.ev_usbevent_handler
                0x0000000000020f50       0xb0 _build/nrf52840_xxaa/nrfx_usbd.c.o
 .text.ev_setup_data_handler
                0x0000000000021000      0x124 _build/nrf52840_xxaa/nrfx_usbd.c.o
 .text.usbd_dmareq_process.part.0
                0x0000000000021124      0x23c _build/nrf52840_xxaa/nrfx_usbd.c.o
 .text.ev_dma_epout5_handler
                0x0000000000021360       0x7c _build/nrf52840_xxaa/nrfx_usbd.c.o
 .text.ev_dma_epout8_handler
                0x00000000000213dc       0x68 _build/nrf52840_xxaa/nrfx_usbd.c.o
 .text.ev_dma_epin8_handler
                0x0000000000021444       0x7c _build/nrf52840_xxaa/nrfx_usbd.c.o
 .text.ev_dma_epin0_handler
                0x00000000000214c0       0x44 _build/nrf52840_xxaa/nrfx_usbd.c.o
 .text.ev_dma_epin7_handler
                0x0000000000021504       0x44 _build/nrf52840_xxaa/nrfx_usbd.c.o
 .text.ev_dma_epin1_handler
                0x0000000000021548       0x44 _build/nrf52840_xxaa/nrfx_usbd.c.o
 .text.ev_dma_epin2_handler
                0x000000000002158c       0x44 _build/nrf52840_xxaa/nrfx_usbd.c.o
 .text.ev_dma_epin3_handler
                0x00000000000215d0       0x44 _build/nrf52840_xxaa/nrfx_usbd.c.o
 .text.ev_dma_epin4_handler
                0x0000000000021614       0x44 _build/nrf52840_xxaa/nrfx_usbd.c.o
 .text.ev_dma_epin5_handler
                0x0000000000021658       0x44 _build/nrf52840_xxaa/nrfx_usbd.c.o
 .text.ev_dma_epin6_handler
                0x000000000002169c       0x44 _build/nrf52840_xxaa/nrfx_usbd.c.o
 .text.ev_dma_epout1_handler
                0x00000000000216e0       0x78 _build/nrf52840_xxaa/nrfx_usbd.c.o
 .text.ev_dma_epout6_handler
                0x0000000000021758       0x78 _build/nrf52840_xxaa/nrfx_usbd.c.o
 .text.ev_dma_epout7_handler
                0x00000000000217d0       0x7c _build/nrf52840_xxaa/nrfx_usbd.c.o
 .text.ev_dma_epout2_handler
                0x000000000002184c       0x7c _build/nrf52840_xxaa/nrfx_usbd.c.o
 .text.ev_dma_epout3_handler
                0x00000000000218c8       0x7c _build/nrf52840_xxaa/nrfx_usbd.c.o
 .text.ev_dma_epout4_handler
                0x0000000000021944       0x7c _build/nrf52840_xxaa/nrfx_usbd.c.o
 .text.ev_epdata_handler
                0x00000000000219c0      0x178 _build/nrf52840_xxaa/nrfx_usbd.c.o
 .text.ev_setup_handler
                0x0000000000021b38      0x1c4 _build/nrf52840_xxaa/nrfx_usbd.c.o
 .text.nrfx_usbd_ep_abort
                0x0000000000021cfc      0x138 _build/nrf52840_xxaa/nrfx_usbd.c.o
                0x0000000000021cfc                nrfx_usbd_ep_abort
 .text.USBD_IRQHandler
                0x0000000000021e34       0xbc _build/nrf52840_xxaa/nrfx_usbd.c.o
                0x0000000000021e34                USBD_IRQHandler
 .text.nrfx_usbd_init
                0x0000000000021ef0      0x128 _build/nrf52840_xxaa/nrfx_usbd.c.o
                0x0000000000021ef0                nrfx_usbd_init
 .text.nrfx_usbd_uninit
                0x0000000000022018       0x14 _build/nrf52840_xxaa/nrfx_usbd.c.o
                0x0000000000022018                nrfx_usbd_uninit
 .text.nrfx_usbd_enable
                0x000000000002202c      0x254 _build/nrf52840_xxaa/nrfx_usbd.c.o
                0x000000000002202c                nrfx_usbd_enable
 .text.nrfx_usbd_disable
                0x0000000000022280      0x228 _build/nrf52840_xxaa/nrfx_usbd.c.o
                0x0000000000022280                nrfx_usbd_disable
 .text.nrfx_usbd_start
                0x00000000000224a8       0x4c _build/nrf52840_xxaa/nrfx_usbd.c.o
                0x00000000000224a8                nrfx_usbd_start
 .text.nrfx_usbd_stop
                0x00000000000224f4      0x1e8 _build/nrf52840_xxaa/nrfx_usbd.c.o
                0x00000000000224f4                nrfx_usbd_stop
 .text.nrfx_usbd_is_initialized
                0x00000000000226dc       0x10 _build/nrf52840_xxaa/nrfx_usbd.c.o
                0x00000000000226dc                nrfx_usbd_is_initialized
 .text.nrfx_usbd_is_enabled
                0x00000000000226ec       0x14 _build/nrf52840_xxaa/nrfx_usbd.c.o
                0x00000000000226ec                nrfx_usbd_is_enabled
 .text.nrfx_usbd_is_started
                0x0000000000022700       0x1c _build/nrf52840_xxaa/nrfx_usbd.c.o
                0x0000000000022700                nrfx_usbd_is_started
 .text.nrfx_usbd_suspend
                0x000000000002271c      0x1e8 _build/nrf52840_xxaa/nrfx_usbd.c.o
                0x000000000002271c                nrfx_usbd_suspend
 .text.nrfx_usbd_wakeup_req
                0x0000000000022904       0x70 _build/nrf52840_xxaa/nrfx_usbd.c.o
                0x0000000000022904                nrfx_usbd_wakeup_req
 .text.nrfx_usbd_suspend_irq_config
                0x0000000000022974       0x14 _build/nrf52840_xxaa/nrfx_usbd.c.o
                0x0000000000022974                nrfx_usbd_suspend_irq_config
 .text.nrfx_usbd_active_irq_config
                0x0000000000022988       0x14 _build/nrf52840_xxaa/nrfx_usbd.c.o
                0x0000000000022988                nrfx_usbd_active_irq_config
 .text.nrfx_usbd_force_bus_wakeup
                0x000000000002299c        0xc _build/nrf52840_xxaa/nrfx_usbd.c.o
                0x000000000002299c                nrfx_usbd_force_bus_wakeup
 .text.nrfx_usbd_ep_max_packet_size_get
                0x00000000000229a8       0x20 _build/nrf52840_xxaa/nrfx_usbd.c.o
                0x00000000000229a8                nrfx_usbd_ep_max_packet_size_get
 .text.nrfx_usbd_ep_enable_check
                0x00000000000229c8       0x20 _build/nrf52840_xxaa/nrfx_usbd.c.o
                0x00000000000229c8                nrfx_usbd_ep_enable_check
 .text.nrfx_usbd_ep_enable
                0x00000000000229e8       0xd4 _build/nrf52840_xxaa/nrfx_usbd.c.o
                0x00000000000229e8                nrfx_usbd_ep_enable
 .text.nrfx_usbd_ep_disable
                0x0000000000022abc      0x198 _build/nrf52840_xxaa/nrfx_usbd.c.o
                0x0000000000022abc                nrfx_usbd_ep_disable
 .text.nrfx_usbd_ep_transfer
                0x0000000000022c54      0x124 _build/nrf52840_xxaa/nrfx_usbd.c.o
                0x0000000000022c54                nrfx_usbd_ep_transfer
 .text.nrfx_usbd_ep_handled_transfer
                0x0000000000022d78       0xb4 _build/nrf52840_xxaa/nrfx_usbd.c.o
                0x0000000000022d78                nrfx_usbd_ep_handled_transfer
 .text.nrfx_usbd_feeder_buffer_get
                0x0000000000022e2c        0x8 _build/nrf52840_xxaa/nrfx_usbd.c.o
                0x0000000000022e2c                nrfx_usbd_feeder_buffer_get
 .text.nrfx_usbd_ep_stall
                0x0000000000022e34       0x18 _build/nrf52840_xxaa/nrfx_usbd.c.o
                0x0000000000022e34                nrfx_usbd_ep_stall
 .text.nrfx_usbd_ep_stall_clear
                0x0000000000022e4c       0x70 _build/nrf52840_xxaa/nrfx_usbd.c.o
                0x0000000000022e4c                nrfx_usbd_ep_stall_clear
 .text.nrfx_usbd_ep_stall_check
                0x0000000000022ebc       0x44 _build/nrf52840_xxaa/nrfx_usbd.c.o
                0x0000000000022ebc                nrfx_usbd_ep_stall_check
 .text.nrfx_usbd_ep_dtoggle_clear
                0x0000000000022f00       0x20 _build/nrf52840_xxaa/nrfx_usbd.c.o
                0x0000000000022f00                nrfx_usbd_ep_dtoggle_clear
 .text.nrfx_usbd_setup_get
                0x0000000000022f20       0x4c _build/nrf52840_xxaa/nrfx_usbd.c.o
                0x0000000000022f20                nrfx_usbd_setup_get
 .text.nrfx_usbd_setup_data_clear
                0x0000000000022f6c       0x14 _build/nrf52840_xxaa/nrfx_usbd.c.o
                0x0000000000022f6c                nrfx_usbd_setup_data_clear
 .text.nrfx_usbd_setup_clear
                0x0000000000022f80       0x14 _build/nrf52840_xxaa/nrfx_usbd.c.o
                0x0000000000022f80                nrfx_usbd_setup_clear
 .text.nrfx_usbd_setup_stall
                0x0000000000022f94       0x14 _build/nrf52840_xxaa/nrfx_usbd.c.o
                0x0000000000022f94                nrfx_usbd_setup_stall
 .text.nrfx_usbd_last_setup_dir_get
                0x0000000000022fa8        0xc _build/nrf52840_xxaa/nrfx_usbd.c.o
                0x0000000000022fa8                nrfx_usbd_last_setup_dir_get
 .text.setup_data_handler_empty
                0x0000000000022fb4        0x4 _build/nrf52840_xxaa/app_usbd_core.c.o
 .text.usbd_descriptor_conf_feeder
                0x0000000000022fb8      0x128 _build/nrf52840_xxaa/app_usbd_core.c.o
 .text.app_usbd_core_ep0_enable
                0x00000000000230e0       0x14 _build/nrf52840_xxaa/app_usbd_core.c.o
                0x00000000000230e0                app_usbd_core_ep0_enable
 .text.app_usbd_core_ep0_disable
                0x00000000000230f4       0x14 _build/nrf52840_xxaa/app_usbd_core.c.o
                0x00000000000230f4                app_usbd_core_ep0_disable
 .text.app_usbd_core_setup_rsp
                0x0000000000023108       0x88 _build/nrf52840_xxaa/app_usbd_core.c.o
                0x0000000000023108                app_usbd_core_setup_rsp
 .text.app_usbd_core_event_handler
                0x0000000000023190      0x600 _build/nrf52840_xxaa/app_usbd_core.c.o
 .text.app_usbd_core_setup_data_handler_set
                0x0000000000023790       0x28 _build/nrf52840_xxaa/app_usbd_core.c.o
                0x0000000000023790                app_usbd_core_setup_data_handler_set
 .text.app_usbd_core_setup_transfer_buff_get
                0x00000000000237b8       0x10 _build/nrf52840_xxaa/app_usbd_core.c.o
                0x00000000000237b8                app_usbd_core_setup_transfer_buff_get
 .text.app_usbd_string_desc_get
                0x00000000000237c8       0x80 _build/nrf52840_xxaa/app_usbd_string_desc.c.o
                0x00000000000237c8                app_usbd_string_desc_get
 .text.nrfx_clock_init
                0x0000000000023848       0x18 _build/nrf52840_xxaa/nrfx_clock.c.o
                0x0000000000023848                nrfx_clock_init
 .text.nrfx_clock_enable
                0x0000000000023860       0x2c _build/nrf52840_xxaa/nrfx_clock.c.o
                0x0000000000023860                nrfx_clock_enable
 .text.nrfx_clock_lfclk_start
                0x000000000002388c       0x30 _build/nrf52840_xxaa/nrfx_clock.c.o
                0x000000000002388c                nrfx_clock_lfclk_start
 .text.nrfx_clock_hfclk_start
                0x00000000000238bc       0x24 _build/nrf52840_xxaa/nrfx_clock.c.o
                0x00000000000238bc                nrfx_clock_hfclk_start
 .text.nrfx_clock_hfclk_stop
                0x00000000000238e0       0x48 _build/nrf52840_xxaa/nrfx_clock.c.o
                0x00000000000238e0                nrfx_clock_hfclk_stop
 .text.nrfx_clock_irq_handler
                0x0000000000023928       0x6c _build/nrf52840_xxaa/nrfx_clock.c.o
                0x0000000000023928                nrfx_clock_irq_handler
 .text.nrf_log_backend_serial_put
                0x0000000000023994       0xd8 _build/nrf52840_xxaa/nrf_log_backend_serial.c.o
                0x0000000000023994                nrf_log_backend_serial_put
 .text.cdc_acm_feed_descriptors
                0x0000000000023a6c      0xc34 _build/nrf52840_xxaa/app_usbd_cdc_acm.c.o
 .text.cdc_acm_req_out_data_cb
                0x00000000000246a0       0x28 _build/nrf52840_xxaa/app_usbd_cdc_acm.c.o
 .text.cdc_acm_consumer
                0x00000000000246c8       0x38 _build/nrf52840_xxaa/app_usbd_cdc_acm.c.o
 .text.cdc_acm_event_handler
                0x0000000000024700      0x34c _build/nrf52840_xxaa/app_usbd_cdc_acm.c.o
 .text.app_usbd_cdc_acm_write
                0x0000000000024a4c       0x48 _build/nrf52840_xxaa/app_usbd_cdc_acm.c.o
                0x0000000000024a4c                app_usbd_cdc_acm_write
 .text.app_usbd_cdc_acm_rx_size
                0x0000000000024a94        0x8 _build/nrf52840_xxaa/app_usbd_cdc_acm.c.o
                0x0000000000024a94                app_usbd_cdc_acm_rx_size
 .text.app_usbd_cdc_acm_read
                0x0000000000024a9c       0xb0 _build/nrf52840_xxaa/app_usbd_cdc_acm.c.o
                0x0000000000024a9c                app_usbd_cdc_acm_read
 .text.app_usbd_serial_num_generate
                0x0000000000024b4c       0x50 _build/nrf52840_xxaa/app_usbd_serial_num.c.o
                0x0000000000024b4c                app_usbd_serial_num_generate
 .text.nrf_drv_power_init
                0x0000000000024b9c       0x28 _build/nrf52840_xxaa/nrf_drv_power.c.o
                0x0000000000024b9c                nrf_drv_power_init
 .text.nrf_drv_power_usbevt_init
                0x0000000000024bc4       0x20 _build/nrf52840_xxaa/nrf_drv_power.c.o
                0x0000000000024bc4                nrf_drv_power_usbevt_init
 .text.nrfx_power_init
                0x0000000000024be4       0x4c _build/nrf52840_xxaa/nrfx_power.c.o
                0x0000000000024be4                nrfx_power_init
 .text.nrfx_power_usbevt_init
                0x0000000000024c30        0xc _build/nrf52840_xxaa/nrfx_power.c.o
                0x0000000000024c30                nrfx_power_usbevt_init
 .text.nrfx_power_usbevt_enable
                0x0000000000024c3c       0x10 _build/nrf52840_xxaa/nrfx_power.c.o
                0x0000000000024c3c                nrfx_power_usbevt_enable
 .text.nrfx_power_usbevt_disable
                0x0000000000024c4c       0x10 _build/nrf52840_xxaa/nrfx_power.c.o
                0x0000000000024c4c                nrfx_power_usbevt_disable
 .text.nrfx_power_usbevt_uninit
                0x0000000000024c5c        0xc _build/nrf52840_xxaa/nrfx_power.c.o
                0x0000000000024c5c                nrfx_power_usbevt_uninit
 .text.nrfx_power_irq_handler
                0x0000000000024c68       0xec _build/nrf52840_xxaa/nrfx_power.c.o
                0x0000000000024c68                nrfx_power_irq_handler
 .text.POWER_CLOCK_IRQHandler
                0x0000000000024d54       0x10 _build/nrf52840_xxaa/nrfx_power.c.o
                0x0000000000024d54                POWER_CLOCK_IRQHandler
 .text.nrfx_pwm_init
                0x0000000000024d64      0x2e0 _build/nrf52840_xxaa/nrfx_pwm.c.o
                0x0000000000024d64                nrfx_pwm_init
 .text.nrfx_pwm_simple_playback
                0x0000000000025044       0xfc _build/nrf52840_xxaa/nrfx_pwm.c.o
                0x0000000000025044                nrfx_pwm_simple_playback
 .text.PWM0_IRQHandler
                0x0000000000025140       0xbc _build/nrf52840_xxaa/nrfx_pwm.c.o
                0x0000000000025140                PWM0_IRQHandler
 .text.nrfx_nvmc_page_erase
                0x00000000000251fc       0x3c _build/nrf52840_xxaa/nrfx_nvmc.c.o
                0x00000000000251fc                nrfx_nvmc_page_erase
 .text.nrfx_nvmc_words_write
                0x0000000000025238       0x3c _build/nrf52840_xxaa/nrfx_nvmc.c.o
                0x0000000000025238                nrfx_nvmc_words_write
 .text          0x0000000000025274        0xc /usr/lib/gcc/arm-none-eabi/9.2.1/../../../arm-none-eabi/lib/thumb/v7e-m+fp/hard/libc_nano.a(lib_a-atexit.o)
                0x0000000000025274                atexit
 .text          0x0000000000025280       0x28 /usr/lib/gcc/arm-none-eabi/9.2.1/../../../arm-none-eabi/lib/thumb/v7e-m+fp/hard/libc_nano.a(lib_a-exit.o)
                0x0000000000025280                exit
 .text          0x00000000000252a8       0x34 /usr/lib/gcc/arm-none-eabi/9.2.1/../../../arm-none-eabi/lib/thumb/v7e-m+fp/hard/libc_nano.a(lib_a-fini.o)
                0x00000000000252a8                __libc_fini_array
 .text          0x00000000000252dc       0x48 /usr/lib/gcc/arm-none-eabi/9.2.1/../../../arm-none-eabi/lib/thumb/v7e-m+fp/hard/libc_nano.a(lib_a-init.o)
                0x00000000000252dc                __libc_init_array
 .text          0x0000000000025324      0x134 /usr/lib/gcc/arm-none-eabi/9.2.1/../../../arm-none-eabi/lib/thumb/v7e-m+fp/hard/libc_nano.a(lib_a-memcpy.o)
                0x0000000000025324                memcpy
 .text          0x0000000000025458       0xa0 /usr/lib/gcc/arm-none-eabi/9.2.1/../../../arm-none-eabi/lib/thumb/v7e-m+fp/hard/libc_nano.a(lib_a-memset.o)
                0x0000000000025458                memset
 .text          0x00000000000254f8      0x110 /usr/lib/gcc/arm-none-eabi/9.2.1/../../../arm-none-eabi/lib/thumb/v7e-m+fp/hard/libc_nano.a(lib_a-snprintf.o)
                0x00000000000254f8                _sniprintf_r
                0x00000000000254f8                _snprintf_r
                0x000000000002557c                snprintf
                0x000000000002557c                sniprintf
 .text          0x0000000000025608       0xac /usr/lib/gcc/arm-none-eabi/9.2.1/../../../arm-none-eabi/lib/thumb/v7e-m+fp/hard/libc_nano.a(lib_a-sscanf.o)
                0x0000000000025608                sscanf
                0x0000000000025608                siscanf
                0x0000000000025660                _siscanf_r
                0x0000000000025660                _sscanf_r
 .text          0x00000000000256b4       0x90 /usr/lib/gcc/arm-none-eabi/9.2.1/../../../arm-none-eabi/lib/thumb/v7e-m+fp/hard/libc_nano.a(lib_a-stdio.o)
                0x00000000000256b4                __sread
                0x00000000000256d8                __seofread
                0x00000000000256dc                __swrite
                0x000000000002571c                __sseek
                0x000000000002573c                __sclose
 *fill*         0x0000000000025744       0x3c 
 .text          0x0000000000025780       0xdc /usr/lib/gcc/arm-none-eabi/9.2.1/../../../arm-none-eabi/lib/thumb/v7e-m+fp/hard/libc_nano.a(lib_a-strlen.o)
                0x0000000000025780                strlen
 .text          0x000000000002585c       0xa4 /usr/lib/gcc/arm-none-eabi/9.2.1/../../../arm-none-eabi/lib/thumb/v7e-m+fp/hard/libc_nano.a(lib_a-strncmp.o)
                0x000000000002585c                strncmp
 .text          0x0000000000025900       0x2c /usr/lib/gcc/arm-none-eabi/9.2.1/../../../arm-none-eabi/lib/thumb/v7e-m+fp/hard/libc_nano.a(lib_a-writer.o)
                0x0000000000025900                _write_r
 .text          0x000000000002592c       0xa0 /usr/lib/gcc/arm-none-eabi/9.2.1/../../../arm-none-eabi/lib/thumb/v7e-m+fp/hard/libc_nano.a(lib_a-__atexit.o)
                0x000000000002592c                __register_exitproc
 .text          0x00000000000259cc       0x9c /usr/lib/gcc/arm-none-eabi/9.2.1/../../../arm-none-eabi/lib/thumb/v7e-m+fp/hard/libc_nano.a(lib_a-__call_atexit.o)
                0x00000000000259cc                __call_exitprocs
 .text          0x0000000000025a68       0x24 /usr/lib/gcc/arm-none-eabi/9.2.1/../../../arm-none-eabi/lib/thumb/v7e-m+fp/hard/libc_nano.a(lib_a-closer.o)
                0x0000000000025a68                _close_r
 .text          0x0000000000025a8c       0x2c /usr/lib/gcc/arm-none-eabi/9.2.1/../../../arm-none-eabi/lib/thumb/v7e-m+fp/hard/libc_nano.a(lib_a-lseekr.o)
                0x0000000000025a8c                _lseek_r
 .text          0x0000000000025ab8      0x42c /usr/lib/gcc/arm-none-eabi/9.2.1/../../../arm-none-eabi/lib/thumb/v7e-m+fp/hard/libc_nano.a(lib_a-nano-svfprintf.o)
                0x0000000000025ab8                __ssputs_r
                0x0000000000025b78                __ssprint_r
                0x0000000000025c70                _svfprintf_r
                0x0000000000025c70                _svfiprintf_r
 .text          0x0000000000025ee4      0x430 /usr/lib/gcc/arm-none-eabi/9.2.1/../../../arm-none-eabi/lib/thumb/v7e-m+fp/hard/libc_nano.a(lib_a-nano-svfscanf.o)
                0x0000000000025ee4                _sungetc_r
                0x0000000000025f60                __ssrefill_r
                0x0000000000025f9c                __ssvfscanf_r
                0x0000000000025f9c                __ssvfiscanf_r
 .text          0x0000000000026314      0x3c4 /usr/lib/gcc/arm-none-eabi/9.2.1/../../../arm-none-eabi/lib/thumb/v7e-m+fp/hard/libc_nano.a(lib_a-nano-vfprintf_i.o)
                0x0000000000026314                _printf_common
                0x0000000000026440                _printf_i
 .text          0x00000000000266d8      0x2d8 /usr/lib/gcc/arm-none-eabi/9.2.1/../../../arm-none-eabi/lib/thumb/v7e-m+fp/hard/libc_nano.a(lib_a-nano-vfscanf_i.o)
                0x00000000000266d8                _scanf_chars
                0x0000000000026798                _scanf_i
 .text          0x00000000000269b0       0x2c /usr/lib/gcc/arm-none-eabi/9.2.1/../../../arm-none-eabi/lib/thumb/v7e-m+fp/hard/libc_nano.a(lib_a-readr.o)
                0x00000000000269b0                _read_r
 .text          0x00000000000269dc       0x70 /usr/lib/gcc/arm-none-eabi/9.2.1/../../../arm-none-eabi/lib/thumb/v7e-m+fp/hard/libc_nano.a(lib_a-sccl.o)
                0x00000000000269dc                __sccl
 .text          0x0000000000026a4c      0x168 /usr/lib/gcc/arm-none-eabi/9.2.1/../../../arm-none-eabi/lib/thumb/v7e-m+fp/hard/libc_nano.a(lib_a-strtol.o)
                0x0000000000026b80                _strtol_r
                0x0000000000026b84                strtol_l
                0x0000000000026b9c                strtol
 .text          0x0000000000026bb4      0x174 /usr/lib/gcc/arm-none-eabi/9.2.1/../../../arm-none-eabi/lib/thumb/v7e-m+fp/hard/libc_nano.a(lib_a-strtoul.o)
                0x0000000000026cf4                _strtoul_r
                0x0000000000026cf8                strtoul_l
                0x0000000000026d10                strtoul
 .text          0x0000000000026d28      0x174 /usr/lib/gcc/arm-none-eabi/9.2.1/../../../arm-none-eabi/lib/thumb/v7e-m+fp/hard/libc_nano.a(lib_a-ungetc.o)
                0x0000000000026d28                __submore
                0x0000000000026da0                _ungetc_r
                0x0000000000026e8c                ungetc
 .text          0x0000000000026e9c        0xc /usr/lib/gcc/arm-none-eabi/9.2.1/../../../arm-none-eabi/lib/thumb/v7e-m+fp/hard/libc_nano.a(lib_a-errno.o)
                0x0000000000026e9c                __errno
 .text          0x0000000000026ea8      0x1b0 /usr/lib/gcc/arm-none-eabi/9.2.1/../../../arm-none-eabi/lib/thumb/v7e-m+fp/hard/libc_nano.a(lib_a-fflush.o)
                0x0000000000026ea8                __sflush_r
                0x0000000000026fd4                _fflush_r
                0x0000000000027034                fflush
 .text          0x0000000000027058      0x210 /usr/lib/gcc/arm-none-eabi/9.2.1/../../../arm-none-eabi/lib/thumb/v7e-m+fp/hard/libc_nano.a(lib_a-findfp.o)
                0x000000000002705c                _cleanup_r
                0x000000000002706c                __sfmoreglue
                0x000000000002709c                __sfp
                0x0000000000027214                _cleanup
                0x0000000000027228                __sinit
                0x0000000000027230                __sfp_lock_acquire
                0x0000000000027234                __sfp_lock_release
                0x0000000000027238                __sinit_lock_acquire
                0x000000000002723c                __sinit_lock_release
                0x0000000000027240                __fp_lock_all
                0x0000000000027254                __fp_unlock_all
 .text          0x0000000000027268       0xa0 /usr/lib/gcc/arm-none-eabi/9.2.1/../../../arm-none-eabi/lib/thumb/v7e-m+fp/hard/libc_nano.a(lib_a-fwalk.o)
                0x0000000000027268                _fwalk
                0x00000000000272b4                _fwalk_reent
 *fill*         0x0000000000027308        0x8 
 .text          0x0000000000027310       0xa0 /usr/lib/gcc/arm-none-eabi/9.2.1/../../../arm-none-eabi/lib/thumb/v7e-m+fp/hard/libc_nano.a(lib_a-memchr.o)
                0x0000000000027310                memchr
 .text          0x00000000000273b0       0xd0 /usr/lib/gcc/arm-none-eabi/9.2.1/../../../arm-none-eabi/lib/thumb/v7e-m+fp/hard/libc_nano.a(lib_a-memmove.o)
                0x00000000000273b0                memmove
 .text          0x0000000000027480       0xac /usr/lib/gcc/arm-none-eabi/9.2.1/../../../arm-none-eabi/lib/thumb/v7e-m+fp/hard/libc_nano.a(lib_a-nano-freer.o)
                0x0000000000027480                _free_r
 .text          0x000000000002752c       0xc8 /usr/lib/gcc/arm-none-eabi/9.2.1/../../../arm-none-eabi/lib/thumb/v7e-m+fp/hard/libc_nano.a(lib_a-nano-mallocr.o)
                0x000000000002752c                _malloc_r
 .text          0x00000000000275f4       0x4c /usr/lib/gcc/arm-none-eabi/9.2.1/../../../arm-none-eabi/lib/thumb/v7e-m+fp/hard/libc_nano.a(lib_a-nano-reallocr.o)
                0x00000000000275f4                _realloc_r
 .text          0x0000000000027640       0x24 /usr/lib/gcc/arm-none-eabi/9.2.1/../../../arm-none-eabi/lib/thumb/v7e-m+fp/hard/libc_nano.a(lib_a-sbrkr.o)
                0x0000000000027640                _sbrk_r
 .text          0x0000000000027664        0x8 /usr/lib/gcc/arm-none-eabi/9.2.1/../../../arm-none-eabi/lib/thumb/v7e-m+fp/hard/libc_nano.a(lib_a-mlock.o)
                0x0000000000027664                __malloc_lock
                0x0000000000027668                __malloc_unlock
 .text          0x000000000002766c       0x10 /usr/lib/gcc/arm-none-eabi/9.2.1/../../../arm-none-eabi/lib/thumb/v7e-m+fp/hard/libc_nano.a(lib_a-nano-msizer.o)
                0x000000000002766c                _malloc_usable_size_r
 .text          0x000000000002767c       0x10 /usr/lib/gcc/arm-none-eabi/9.2.1/../../../arm-none-eabi/lib/thumb/v7e-m+fp/hard/libnosys.a(close.o)
                0x000000000002767c                _close
 .text          0x000000000002768c       0x10 /usr/lib/gcc/arm-none-eabi/9.2.1/../../../arm-none-eabi/lib/thumb/v7e-m+fp/hard/libnosys.a(lseek.o)
                0x000000000002768c                _lseek
 .text          0x000000000002769c       0x10 /usr/lib/gcc/arm-none-eabi/9.2.1/../../../arm-none-eabi/lib/thumb/v7e-m+fp/hard/libnosys.a(read.o)
                0x000000000002769c                _read
 .text          0x00000000000276ac       0x1c /usr/lib/gcc/arm-none-eabi/9.2.1/../../../arm-none-eabi/lib/thumb/v7e-m+fp/hard/libnosys.a(sbrk.o)
                0x00000000000276ac                _sbrk
 .text          0x00000000000276c8       0x10 /usr/lib/gcc/arm-none-eabi/9.2.1/../../../arm-none-eabi/lib/thumb/v7e-m+fp/hard/libnosys.a(write.o)
                0x00000000000276c8                _write
 .text          0x00000000000276d8        0x4 /usr/lib/gcc/arm-none-eabi/9.2.1/../../../arm-none-eabi/lib/thumb/v7e-m+fp/hard/libnosys.a(_exit.o)
                0x00000000000276d8                _exit
 .text          0x00000000000276dc       0x14 /usr/lib/gcc/arm-none-eabi/9.2.1/../../../arm-none-eabi/lib/thumb/v7e-m+fp/hard/libm.a(lib_a-s_fabs.o)
                0x00000000000276dc                fabs
 .text          0x00000000000276f0       0x58 /usr/lib/gcc/arm-none-eabi/9.2.1/../../../arm-none-eabi/lib/thumb/v7e-m+fp/hard/libm.a(lib_a-s_fmax.o)
                0x00000000000276f0                fmax
 .text          0x0000000000027748       0x58 /usr/lib/gcc/arm-none-eabi/9.2.1/../../../arm-none-eabi/lib/thumb/v7e-m+fp/hard/libm.a(lib_a-s_fmin.o)
                0x0000000000027748                fmin
 .text          0x00000000000277a0       0x78 /usr/lib/gcc/arm-none-eabi/9.2.1/../../../arm-none-eabi/lib/thumb/v7e-m+fp/hard/libm.a(lib_a-s_fpclassify.o)
                0x00000000000277a0                __fpclassifyd
 .text          0x0000000000027818       0x88 /usr/lib/gcc/arm-none-eabi/9.2.1/../../../arm-none-eabi/lib/thumb/v7e-m+fp/hard/libm.a(lib_a-w_fmod.o)
                0x0000000000027818                fmod
 .text          0x00000000000278a0      0x26c /usr/lib/gcc/arm-none-eabi/9.2.1/../../../arm-none-eabi/lib/thumb/v7e-m+fp/hard/libm.a(lib_a-e_fmod.o)
                0x00000000000278a0                __ieee754_fmod
 .text          0x0000000000027b0c      0x378 /usr/lib/gcc/arm-none-eabi/9.2.1/thumb/v7e-m+fp/hard/libgcc.a(_arm_addsubdf3.o)
                0x0000000000027b0c                __aeabi_drsub
                0x0000000000027b14                __aeabi_dsub
                0x0000000000027b14                __subdf3
                0x0000000000027b18                __adddf3
                0x0000000000027b18                __aeabi_dadd
                0x0000000000027d90                __aeabi_ui2d
                0x0000000000027d90                __floatunsidf
                0x0000000000027db0                __floatsidf
                0x0000000000027db0                __aeabi_i2d
                0x0000000000027dd4                __extendsfdf2
                0x0000000000027dd4                __aeabi_f2d
                0x0000000000027e18                __aeabi_ul2d
                0x0000000000027e18                __floatundidf
                0x0000000000027e28                __floatdidf
                0x0000000000027e28                __aeabi_l2d
 .text          0x0000000000027e84      0x424 /usr/lib/gcc/arm-none-eabi/9.2.1/thumb/v7e-m+fp/hard/libgcc.a(_arm_muldivdf3.o)
                0x0000000000027e84                __aeabi_dmul
                0x0000000000027e84                __muldf3
                0x00000000000280d8                __aeabi_ddiv
                0x00000000000280d8                __divdf3
 .text          0x00000000000282a8      0x110 /usr/lib/gcc/arm-none-eabi/9.2.1/thumb/v7e-m+fp/hard/libgcc.a(_arm_cmpdf2.o)
                0x00000000000282a8                __gtdf2
                0x00000000000282a8                __gedf2
                0x00000000000282b0                __ltdf2
                0x00000000000282b0                __ledf2
                0x00000000000282b8                __cmpdf2
                0x00000000000282b8                __eqdf2
                0x00000000000282b8                __nedf2
                0x0000000000028334                __aeabi_cdrcmple
                0x0000000000028344                __aeabi_cdcmple
                0x0000000000028344                __aeabi_cdcmpeq
                0x0000000000028354                __aeabi_dcmpeq
                0x0000000000028368                __aeabi_dcmplt
                0x000000000002837c                __aeabi_dcmple
                0x0000000000028390                __aeabi_dcmpge
                0x00000000000283a4                __aeabi_dcmpgt
 .text          0x00000000000283b8       0x2c /usr/lib/gcc/arm-none-eabi/9.2.1/thumb/v7e-m+fp/hard/libgcc.a(_arm_unorddf2.o)
                0x00000000000283b8                __aeabi_dcmpun
                0x00000000000283b8                __unorddf2
 .text          0x00000000000283e4       0xa0 /usr/lib/gcc/arm-none-eabi/9.2.1/thumb/v7e-m+fp/hard/libgcc.a(_arm_truncdfsf2.o)
                0x00000000000283e4                __aeabi_d2f
                0x00000000000283e4                __truncdfsf2
 *(.init)
 .init          0x0000000000028484        0x4 /usr/lib/gcc/arm-none-eabi/9.2.1/thumb/v7e-m+fp/hard/crti.o
                0x0000000000028484                _init
 .init          0x0000000000028488        0x8 /usr/lib/gcc/arm-none-eabi/9.2.1/thumb/v7e-m+fp/hard/crtn.o
 *(.fini)
 .fini          0x0000000000028490        0x4 /usr/lib/gcc/arm-none-eabi/9.2.1/thumb/v7e-m+fp/hard/crti.o
                0x0000000000028490                _fini
 .fini          0x0000000000028494        0x8 /usr/lib/gcc/arm-none-eabi/9.2.1/thumb/v7e-m+fp/hard/crtn.o
 *crtbegin.o(.ctors)
 *crtbegin?.o(.ctors)
 *(EXCLUDE_FILE(*crtend.o *crtend?.o) .ctors)
 *(SORT_BY_NAME(.ctors.*))
 *(.ctors)
 *crtbegin.o(.dtors)
 *crtbegin?.o(.dtors)
 *(EXCLUDE_FILE(*crtend.o *crtend?.o) .dtors)
 *(SORT_BY_NAME(.dtors.*))
 *(.dtors)
 *(.rodata*)
 .rodata.nrf_log_frontend_dequeue.str1.4
                0x000000000002849c       0x11 _build/nrf52840_xxaa/nrf_log_frontend.c.o
 *fill*         0x00000000000284ad        0x3 
 .rodata.str1.4
                0x00000000000284b0       0x23 _build/nrf52840_xxaa/nrf_log_frontend.c.o
 *fill*         0x00000000000284d3        0x1 
 .rodata.m_log_push_ringbuf
                0x00000000000284d4        0xc _build/nrf52840_xxaa/nrf_log_frontend.c.o
 .rodata.prefix_process.str1.4
                0x00000000000284e0       0x36 _build/nrf52840_xxaa/nrf_log_str_formatter.c.o
 .rodata.nrf_log_std_entry_process.str1.4
                0x0000000000028516       0x36 _build/nrf52840_xxaa/nrf_log_str_formatter.c.o
                                          0x3 (size before relaxing)
 *fill*         0x0000000000028516        0x2 
 .rodata.nrf_log_hexdump_entry_process.str1.4
                0x0000000000028518       0x13 _build/nrf52840_xxaa/nrf_log_str_formatter.c.o
                                         0x16 (size before relaxing)
 *fill*         0x000000000002852b        0x1 
 .rodata.str1.4
                0x000000000002852c       0x56 _build/nrf52840_xxaa/nrf_log_str_formatter.c.o
 *fill*         0x0000000000028582        0x2 
 .rodata.m_colors
                0x0000000000028584       0x24 _build/nrf52840_xxaa/nrf_log_str_formatter.c.o
 .rodata.severity_names
                0x00000000000285a8       0x14 _build/nrf52840_xxaa/nrf_log_str_formatter.c.o
 .rodata.app_error_fault_handler.str1.4
                0x00000000000285bc       0x19 _build/nrf52840_xxaa/app_error_weak.c.o
 *fill*         0x00000000000285d5        0x3 
 .rodata._aV2C.7887
                0x00000000000285d8       0x10 _build/nrf52840_xxaa/nrf_fprintf_format.c.o
 .rodata.checkCommand.str1.4
                0x00000000000285e8      0x1e7 _build/nrf52840_xxaa/main.c.o
 *fill*         0x00000000000287cf        0x1 
 .rodata.usb_ev_handler.str1.4
                0x00000000000287d0       0x14 _build/nrf52840_xxaa/main.c.o
                                         0x17 (size before relaxing)
 .rodata.leds   0x00000000000287e4       0x10 _build/nrf52840_xxaa/main.c.o
 .rodata.usb_cdc_acm
                0x00000000000287f4       0x24 _build/nrf52840_xxaa/main.c.o
                0x00000000000287f4                usb_cdc_acm
 .rodata.CSWTCH.15
                0x0000000000028818        0x6 _build/nrf52840_xxaa/system_nrf52840.c.o
 *fill*         0x000000000002881e        0x2 
 .rodata.CSWTCH.6
                0x0000000000028820        0x6 _build/nrf52840_xxaa/system_nrf52840.c.o
 *fill*         0x0000000000028826        0x2 
 .rodata.str1.4
                0x0000000000028828       0x39 _build/nrf52840_xxaa/click_manager.c.o
 *fill*         0x0000000000028861        0x3 
 .rodata.debounce_timer
                0x0000000000028864        0x4 _build/nrf52840_xxaa/click_manager.c.o
 .rodata.double_click_timer
                0x0000000000028868        0x4 _build/nrf52840_xxaa/click_manager.c.o
 .rodata        0x000000000002886c        0xc _build/nrf52840_xxaa/nvmc.c.o
 .rodata.set_mode.str1.4
                0x0000000000028878        0xe _build/nrf52840_xxaa/set_color.c.o
 *fill*         0x0000000000028886        0x2 
 .rodata.str1.4
                0x0000000000028888        0x7 _build/nrf52840_xxaa/nrfx_gpiote.c.o
 *fill*         0x000000000002888f        0x1 
 .rodata.str1.4
                0x0000000000028890       0x1e _build/nrf52840_xxaa/app_timer2.c.o
 *fill*         0x00000000000288ae        0x2 
 .rodata.m_app_timer_sortlist
                0x00000000000288b0        0xc _build/nrf52840_xxaa/app_timer2.c.o
 .rodata.drv_rtc_init.str1.4
                0x00000000000288bc       0x36 _build/nrf52840_xxaa/drv_rtc.c.o
 *fill*         0x00000000000288f2        0xe 
 .rodata.delay_machine_code.8413
                0x0000000000028900        0x6 _build/nrf52840_xxaa/drv_rtc.c.o
 *fill*         0x0000000000028906        0x2 
 .rodata.str1.4
                0x0000000000028908        0x9 _build/nrf52840_xxaa/nrf_sortlist.c.o
 *fill*         0x0000000000028911        0x3 
 .rodata.str1.4
                0x0000000000028914       0x10 _build/nrf52840_xxaa/nrf_log_default_backends.c.o
 .rodata.gs_log_usb_cdc_acm
                0x0000000000028924       0x24 _build/nrf52840_xxaa/nrf_log_backend_usb.c.o
                0x0000000000028924                gs_log_usb_cdc_acm
 .rodata.gs_usbd_config
                0x0000000000028948        0xc _build/nrf52840_xxaa/nrf_log_backend_usb.c.o
 .rodata.log_backend_usb_api
                0x0000000000028954        0xc _build/nrf52840_xxaa/nrf_log_backend_usb.c.o
                0x0000000000028954                log_backend_usb_api
 .rodata.str1.4
                0x0000000000028960       0x21 _build/nrf52840_xxaa/app_usbd.c.o
 *fill*         0x0000000000028981        0x3 
 .rodata.CSWTCH.85
                0x0000000000028984        0x7 _build/nrf52840_xxaa/app_usbd.c.o
 *fill*         0x000000000002898b        0x1 
 .rodata.config.13869
                0x000000000002898c        0x4 _build/nrf52840_xxaa/app_usbd.c.o
 .rodata.ev.13762
                0x0000000000028990        0x4 _build/nrf52840_xxaa/app_usbd.c.o
 .rodata.ev.13765
                0x0000000000028994        0x4 _build/nrf52840_xxaa/app_usbd.c.o
 .rodata.ev.13767
                0x0000000000028998        0x4 _build/nrf52840_xxaa/app_usbd.c.o
 .rodata.event_setaddress.13750
                0x000000000002899c        0x4 _build/nrf52840_xxaa/app_usbd.c.o
 .rodata.evt_data.13775
                0x00000000000289a0        0x1 _build/nrf52840_xxaa/app_usbd.c.o
 *fill*         0x00000000000289a1        0x3 
 .rodata.evt_data.13893
                0x00000000000289a4        0x1 _build/nrf52840_xxaa/app_usbd.c.o
 *fill*         0x00000000000289a5        0x3 
 .rodata.evt_data.13913
                0x00000000000289a8        0x1 _build/nrf52840_xxaa/app_usbd.c.o
 *fill*         0x00000000000289a9        0x3 
 .rodata.evt_data.13916
                0x00000000000289ac        0x1 _build/nrf52840_xxaa/app_usbd.c.o
 *fill*         0x00000000000289ad        0x3 
 .rodata.evt_data.13926
                0x00000000000289b0        0x1 _build/nrf52840_xxaa/app_usbd.c.o
 *fill*         0x00000000000289b1        0x3 
 .rodata.evt_data.13935
                0x00000000000289b4        0x1 _build/nrf52840_xxaa/app_usbd.c.o
 *fill*         0x00000000000289b5        0x3 
 .rodata.str1.4
                0x00000000000289b8        0x6 _build/nrf52840_xxaa/nrf_drv_clock.c.o
 *fill*         0x00000000000289be        0x2 
 .rodata.str1.4
                0x00000000000289c0        0x5 _build/nrf52840_xxaa/nrfx_usbd.c.o
 *fill*         0x00000000000289c5        0x3 
 .rodata.CSWTCH.240
                0x00000000000289c8        0x6 _build/nrf52840_xxaa/nrfx_usbd.c.o
 *fill*         0x00000000000289ce        0x2 
 .rodata.epin_bitpos.12220
                0x00000000000289d0        0x9 _build/nrf52840_xxaa/nrfx_usbd.c.o
 *fill*         0x00000000000289d9        0x3 
 .rodata.epin_endev.12215
                0x00000000000289dc       0x12 _build/nrf52840_xxaa/nrfx_usbd.c.o
 *fill*         0x00000000000289ee        0x2 
 .rodata.epout_bitpos.12221
                0x00000000000289f0        0x9 _build/nrf52840_xxaa/nrfx_usbd.c.o
 *fill*         0x00000000000289f9        0x3 
 .rodata.epout_endev.12216
                0x00000000000289fc       0x12 _build/nrf52840_xxaa/nrfx_usbd.c.o
 *fill*         0x0000000000028a0e        0x2 
 .rodata.m_isr  0x0000000000028a10       0x64 _build/nrf52840_xxaa/nrfx_usbd.c.o
 .rodata.str1.4
                0x0000000000028a74        0xe _build/nrf52840_xxaa/app_usbd_core.c.o
 *fill*         0x0000000000028a82        0x2 
 .rodata.app_usbd_core_inst
                0x0000000000028a84       0x10 _build/nrf52840_xxaa/app_usbd_core.c.o
                0x0000000000028a84                app_usbd_core_inst
 .rodata.evt_data.12934
                0x0000000000028a94        0x1 _build/nrf52840_xxaa/app_usbd_core.c.o
 *fill*         0x0000000000028a95        0x3 
 .rodata.m_configuration_dsc
                0x0000000000028a98        0x9 _build/nrf52840_xxaa/app_usbd_core.c.o
 *fill*         0x0000000000028aa1        0x3 
 .rodata.m_core_methods
                0x0000000000028aa4       0x14 _build/nrf52840_xxaa/app_usbd_core.c.o
 .rodata.m_device_dsc
                0x0000000000028ab8       0x12 _build/nrf52840_xxaa/app_usbd_core.c.o
 *fill*         0x0000000000028aca        0x2 
 .rodata.m_setup_data_handler_empty_desc
                0x0000000000028acc        0x8 _build/nrf52840_xxaa/app_usbd_core.c.o
 .rodata.usbd_descriptor_feeder_desc
                0x0000000000028ad4        0x8 _build/nrf52840_xxaa/app_usbd_core.c.o
 .rodata.__compound_literal.1
                0x0000000000028adc        0x6 _build/nrf52840_xxaa/app_usbd_string_desc.c.o
 *fill*         0x0000000000028ae2        0x2 
 .rodata.__compound_literal.2
                0x0000000000028ae4       0x15 _build/nrf52840_xxaa/app_usbd_string_desc.c.o
 *fill*         0x0000000000028af9        0x3 
 .rodata.__compound_literal.3
                0x0000000000028afc       0x12 _build/nrf52840_xxaa/app_usbd_string_desc.c.o
 *fill*         0x0000000000028b0e        0x2 
 .rodata.__compound_literal.4
                0x0000000000028b10        0xd _build/nrf52840_xxaa/app_usbd_string_desc.c.o
 *fill*         0x0000000000028b1d        0x3 
 .rodata.__compound_literal.5
                0x0000000000028b20       0x16 _build/nrf52840_xxaa/app_usbd_string_desc.c.o
 *fill*         0x0000000000028b36        0x2 
 .rodata.__compound_literal.6
                0x0000000000028b38        0x7 _build/nrf52840_xxaa/app_usbd_string_desc.c.o
 *fill*         0x0000000000028b3f        0x1 
 .rodata.m_string_dsc
                0x0000000000028b40       0x18 _build/nrf52840_xxaa/app_usbd_string_desc.c.o
 .rodata.m_string_translation
                0x0000000000028b58        0xc _build/nrf52840_xxaa/app_usbd_string_desc.c.o
 .rodata.str1.4
                0x0000000000028b64        0x6 _build/nrf52840_xxaa/nrfx_clock.c.o
 *fill*         0x0000000000028b6a        0x2 
 .rodata.str1.4
                0x0000000000028b6c        0x8 _build/nrf52840_xxaa/app_usbd_cdc_acm.c.o
 .rodata.app_usbd_cdc_acm_class_methods
                0x0000000000028b74       0x14 _build/nrf52840_xxaa/app_usbd_cdc_acm.c.o
                0x0000000000028b74                app_usbd_cdc_acm_class_methods
 .rodata.app_usbd_serial_num_generate.str1.4
                0x0000000000028b88        0xb _build/nrf52840_xxaa/app_usbd_serial_num.c.o
 *fill*         0x0000000000028b93        0x1 
 .rodata.m_drv_power_config_default
                0x0000000000028b94        0x1 _build/nrf52840_xxaa/nrf_drv_power.c.o
 *fill*         0x0000000000028b95        0x3 
 .rodata.str1.4
                0x0000000000028b98        0x4 _build/nrf52840_xxaa/nrfx_pwm.c.o
 .rodata        0x0000000000028b9c      0x101 /usr/lib/gcc/arm-none-eabi/9.2.1/../../../arm-none-eabi/lib/thumb/v7e-m+fp/hard/libc_nano.a(lib_a-ctype_.o)
                0x0000000000028b9c                _ctype_
 *fill*         0x0000000000028c9d        0x3 
 .rodata        0x0000000000028ca0        0x4 /usr/lib/gcc/arm-none-eabi/9.2.1/../../../arm-none-eabi/lib/thumb/v7e-m+fp/hard/libc_nano.a(lib_a-impure.o)
                0x0000000000028ca0                _global_impure_ptr
 .rodata.str1.4
                0x0000000000028ca4       0x13 /usr/lib/gcc/arm-none-eabi/9.2.1/../../../arm-none-eabi/lib/thumb/v7e-m+fp/hard/libc_nano.a(lib_a-nano-svfprintf.o)
 .rodata.str1.4
                0x0000000000028cb7        0x4 /usr/lib/gcc/arm-none-eabi/9.2.1/../../../arm-none-eabi/lib/thumb/v7e-m+fp/hard/libc_nano.a(lib_a-nano-svfscanf.o)
 *fill*         0x0000000000028cb7        0x1 
 .rodata.str1.4
                0x0000000000028cb8       0x25 /usr/lib/gcc/arm-none-eabi/9.2.1/../../../arm-none-eabi/lib/thumb/v7e-m+fp/hard/libc_nano.a(lib_a-nano-vfprintf_i.o)
 *fill*         0x0000000000028cdd        0x3 
 .rodata        0x0000000000028ce0        0xc /usr/lib/gcc/arm-none-eabi/9.2.1/../../../arm-none-eabi/lib/thumb/v7e-m+fp/hard/libc_nano.a(lib_a-nano-vfscanf_i.o)
 .rodata.str1.4
                0x0000000000028cec       0x1f /usr/lib/gcc/arm-none-eabi/9.2.1/../../../arm-none-eabi/lib/thumb/v7e-m+fp/hard/libc_nano.a(lib_a-nano-vfscanf_i.o)
 *fill*         0x0000000000028d0b        0x1 
 .rodata        0x0000000000028d0c       0x60 /usr/lib/gcc/arm-none-eabi/9.2.1/../../../arm-none-eabi/lib/thumb/v7e-m+fp/hard/libc_nano.a(lib_a-findfp.o)
                0x0000000000028d0c                __sf_fake_stderr
                0x0000000000028d2c                __sf_fake_stdout
                0x0000000000028d4c                __sf_fake_stdin
 *fill*         0x0000000000028d6c        0x4 
 .rodata        0x0000000000028d70       0x10 /usr/lib/gcc/arm-none-eabi/9.2.1/../../../arm-none-eabi/lib/thumb/v7e-m+fp/hard/libm.a(lib_a-e_fmod.o)
 *(.eh_frame*)
 .eh_frame      0x0000000000028d80        0x0 /usr/lib/gcc/arm-none-eabi/9.2.1/thumb/v7e-m+fp/hard/crtbegin.o
 .eh_frame      0x0000000000028d80        0x4 /usr/lib/gcc/arm-none-eabi/9.2.1/thumb/v7e-m+fp/hard/crtend.o

.glue_7         0x0000000000028d84        0x0
 .glue_7        0x0000000000028d84        0x0 linker stubs

.glue_7t        0x0000000000028d84        0x0
 .glue_7t       0x0000000000028d84        0x0 linker stubs

.vfp11_veneer   0x0000000000028d84        0x0
 .vfp11_veneer  0x0000000000028d84        0x0 linker stubs

.v4_bx          0x0000000000028d84        0x0
 .v4_bx         0x0000000000028d84        0x0 linker stubs

.iplt           0x0000000000028d84        0x0
 .iplt          0x0000000000028d84        0x0 /usr/lib/gcc/arm-none-eabi/9.2.1/thumb/v7e-m+fp/hard/crtbegin.o

.mem_section_dummy_rom

.log_const_data
                0x0000000000028d84       0x80
                0x0000000000028d84                PROVIDE (__start_log_const_data = .)
 *(SORT_BY_NAME(.log_const_data*))
 .log_const_data_CLOCK
                0x0000000000028d84        0x8 _build/nrf52840_xxaa/nrfx_clock.c.o
                0x0000000000028d84                m_nrf_log_CLOCK_logs_data_const
 .log_const_data_GPIOTE
                0x0000000000028d8c        0x8 _build/nrf52840_xxaa/nrfx_gpiote.c.o
                0x0000000000028d8c                m_nrf_log_GPIOTE_logs_data_const
 .log_const_data_PWM
                0x0000000000028d94        0x8 _build/nrf52840_xxaa/nrfx_pwm.c.o
                0x0000000000028d94                m_nrf_log_PWM_logs_data_const
 .log_const_data_USBD
                0x0000000000028d9c        0x8 _build/nrf52840_xxaa/nrfx_usbd.c.o
                0x0000000000028d9c                m_nrf_log_USBD_logs_data_const
 .log_const_data_app
                0x0000000000028da4        0x8 _build/nrf52840_xxaa/nrf_log_frontend.c.o
                0x0000000000028da4                m_nrf_log_app_logs_data_const
 .log_const_data_app_timer
                0x0000000000028dac        0x8 _build/nrf52840_xxaa/app_timer2.c.o
                0x0000000000028dac                m_nrf_log_app_timer_logs_data_const
 .log_const_data_app_timer_debounce_timer
                0x0000000000028db4        0x8 _build/nrf52840_xxaa/click_manager.c.o
                0x0000000000028db4                m_nrf_log_app_timer_debounce_timer_logs_data_const
 .log_const_data_app_timer_double_click_timer
                0x0000000000028dbc        0x8 _build/nrf52840_xxaa/click_manager.c.o
                0x0000000000028dbc                m_nrf_log_app_timer_double_click_timer_logs_data_const
 .log_const_data_app_usbd
                0x0000000000028dc4        0x8 _build/nrf52840_xxaa/app_usbd.c.o
                0x0000000000028dc4                m_nrf_log_app_usbd_logs_data_const
 .log_const_data_app_usbd_core
                0x0000000000028dcc        0x8 _build/nrf52840_xxaa/app_usbd_core.c.o
                0x0000000000028dcc                m_nrf_log_app_usbd_core_logs_data_const
 .log_const_data_atfifo_m_event_queue
                0x0000000000028dd4        0x8 _build/nrf52840_xxaa/app_usbd.c.o
                0x0000000000028dd4                m_nrf_log_atfifo_m_event_queue_logs_data_const
 .log_const_data_atfifo_m_req_fifo
                0x0000000000028ddc        0x8 _build/nrf52840_xxaa/app_timer2.c.o
                0x0000000000028ddc                m_nrf_log_atfifo_m_req_fifo_logs_data_const
 .log_const_data_balloc_log_mempool
                0x0000000000028de4        0x8 _build/nrf52840_xxaa/nrf_log_frontend.c.o
                0x0000000000028de4                m_nrf_log_balloc_log_mempool_logs_data_const
 .log_const_data_cdc_acm
                0x0000000000028dec        0x8 _build/nrf52840_xxaa/app_usbd_cdc_acm.c.o
                0x0000000000028dec                m_nrf_log_cdc_acm_logs_data_const
 .log_const_data_clock
                0x0000000000028df4        0x8 _build/nrf52840_xxaa/nrf_drv_clock.c.o
                0x0000000000028df4                m_nrf_log_clock_logs_data_const
 .log_const_data_sortlist
                0x0000000000028dfc        0x8 _build/nrf52840_xxaa/nrf_sortlist.c.o
                0x0000000000028dfc                m_nrf_log_sortlist_logs_data_const
                0x0000000000028e04                PROVIDE (__stop_log_const_data = .)

.log_backends   0x0000000000028e04       0x10
                [!provide]                        PROVIDE (__start_log_backends = .)
 *(SORT_BY_NAME(.log_backends*))
 .log_backends  0x0000000000028e04       0x10 _build/nrf52840_xxaa/nrf_log_default_backends.c.o
                [!provide]                        PROVIDE (__stop_log_backends = .)

.nrf_balloc     0x0000000000028e14       0x1c
                [!provide]                        PROVIDE (__start_nrf_balloc = .)
 *(.nrf_balloc)
 .nrf_balloc    0x0000000000028e14       0x1c _build/nrf52840_xxaa/nrf_log_frontend.c.o
                0x0000000000028e14                log_mempool
                [!provide]                        PROVIDE (__stop_nrf_balloc = .)

.ARM.extab
 *(.ARM.extab* .gnu.linkonce.armextab.*)
                0x0000000000028e30                __exidx_start = .

.ARM.exidx      0x0000000000028e30        0x8
 *(.ARM.exidx* .gnu.linkonce.armexidx.*)
 .ARM.exidx     0x0000000000028e30        0x8 /usr/lib/gcc/arm-none-eabi/9.2.1/../../../arm-none-eabi/lib/thumb/v7e-m+fp/hard/crt0.o
                                         0x10 (size before relaxing)
                0x0000000000028e38                __exidx_end = .

.rel.dyn        0x0000000000028e38        0x0
 .rel.iplt      0x0000000000028e38        0x0 /usr/lib/gcc/arm-none-eabi/9.2.1/thumb/v7e-m+fp/hard/crtbegin.o
                0x0000000000028e38                . = ALIGN (0x4)
                0x0000000000028e38                __etext = .

.data           0x0000000020001198      0x130 load address 0x0000000000028e38
                0x0000000020001198                __data_start__ = .
 *(vtable)
 *(.data*)
 .data.usb_cdc_acm_ep
                0x0000000020001198        0x1 _build/nrf52840_xxaa/main.c.o
 *fill*         0x0000000020001199        0x3 
 .data.SystemCoreClock
                0x000000002000119c        0x4 _build/nrf52840_xxaa/system_nrf52840.c.o
                0x000000002000119c                SystemCoreClock
 .data.pwm_config
                0x00000000200011a0        0xc _build/nrf52840_xxaa/pwm.c.o
                0x00000000200011a0                pwm_config
 .data.pwm_inst
                0x00000000200011ac        0x8 _build/nrf52840_xxaa/pwm.c.o
                0x00000000200011ac                pwm_inst
 .data.pwm_sequence
                0x00000000200011b4       0x10 _build/nrf52840_xxaa/pwm.c.o
                0x00000000200011b4                pwm_sequence
 *fill*         0x00000000200011c4        0x4 
 .data.debounce_timer_data
                0x00000000200011c8       0x20 _build/nrf52840_xxaa/click_manager.c.o
 .data.double_click_timer_data
                0x00000000200011e8       0x20 _build/nrf52840_xxaa/click_manager.c.o
 .data.high_value_yellow_led
                0x0000000020001208        0x4 _build/nrf52840_xxaa/set_color.c.o
                0x0000000020001208                high_value_yellow_led
 .data.hsv_color
                0x000000002000120c        0x4 _build/nrf52840_xxaa/set_color.c.o
                0x000000002000120c                hsv_color
 .data.is_increasing
                0x0000000020001210        0x1 _build/nrf52840_xxaa/set_color.c.o
 .data.saturation_increases
                0x0000000020001211        0x1 _build/nrf52840_xxaa/set_color.c.o
                0x0000000020001211                saturation_increases
 .data.value_increases
                0x0000000020001212        0x1 _build/nrf52840_xxaa/set_color.c.o
                0x0000000020001212                value_increases
 *fill*         0x0000000020001213        0x1 
 .data.m_req_fifo_inst
                0x0000000020001214       0x14 _build/nrf52840_xxaa/app_timer2.c.o
 .data.m_rtc_inst
                0x0000000020001228        0x8 _build/nrf52840_xxaa/app_timer2.c.o
 .data.log_backend_cb_usb_log_backend
                0x0000000020001230        0x8 _build/nrf52840_xxaa/nrf_log_default_backends.c.o
 .data.gs_log_usb_cdc_acm_ep
                0x0000000020001238        0x1 _build/nrf52840_xxaa/nrf_log_backend_usb.c.o
 *fill*         0x0000000020001239        0x3 
 .data.clock_handler_item.13808
                0x000000002000123c        0x8 _build/nrf52840_xxaa/app_usbd.c.o
 .data.m_event_queue_inst
                0x0000000020001244       0x14 _build/nrf52840_xxaa/app_usbd.c.o
 .data          0x0000000020001258       0x64 /usr/lib/gcc/arm-none-eabi/9.2.1/../../../arm-none-eabi/lib/thumb/v7e-m+fp/hard/libc_nano.a(lib_a-impure.o)
                0x0000000020001258                _impure_ptr
 .data          0x00000000200012bc        0x1 /usr/lib/gcc/arm-none-eabi/9.2.1/../../../arm-none-eabi/lib/thumb/v7e-m+fp/hard/libm.a(lib_a-s_lib_ver.o)
                0x00000000200012bc                __fdlib_version
                0x00000000200012c0                . = ALIGN (0x4)
 *fill*         0x00000000200012bd        0x3 
                0x00000000200012c0                PROVIDE (__preinit_array_start = .)
 *(.preinit_array)
                0x00000000200012c0                PROVIDE (__preinit_array_end = .)
                0x00000000200012c0                . = ALIGN (0x4)
                0x00000000200012c0                PROVIDE (__init_array_start = .)
 *(SORT_BY_NAME(.init_array.*))
 *(.init_array)
 .init_array    0x00000000200012c0        0x4 /usr/lib/gcc/arm-none-eabi/9.2.1/thumb/v7e-m+fp/hard/crtbegin.o
                0x00000000200012c4                PROVIDE (__init_array_end = .)
                0x00000000200012c4                . = ALIGN (0x4)
                0x00000000200012c4                PROVIDE (__fini_array_start = .)
 *(SORT_BY_NAME(.fini_array.*))
 *(.fini_array)
 .fini_array    0x00000000200012c4        0x4 /usr/lib/gcc/arm-none-eabi/9.2.1/thumb/v7e-m+fp/hard/crtbegin.o
                0x00000000200012c8                PROVIDE (__fini_array_end = .)
 *(.jcr*)
                0x00000000200012c8                . = ALIGN (0x4)
                0x00000000200012c8                __data_end__ = .
LOAD /usr/lib/gcc/arm-none-eabi/9.2.1/thumb/v7e-m+fp/hard/crti.o
LOAD /usr/lib/gcc/arm-none-eabi/9.2.1/thumb/v7e-m+fp/hard/crtbegin.o
LOAD /usr/lib/gcc/arm-none-eabi/9.2.1/../../../arm-none-eabi/lib/thumb/v7e-m+fp/hard/crt0.o
LOAD _build/nrf52840_xxaa/gcc_startup_nrf52840.S.o
LOAD _build/nrf52840_xxaa/nrf_log_frontend.c.o
LOAD _build/nrf52840_xxaa/nrf_log_str_formatter.c.o
LOAD _build/nrf52840_xxaa/boards.c.o
LOAD _build/nrf52840_xxaa/app_error.c.o
LOAD _build/nrf52840_xxaa/app_error_handler_gcc.c.o
LOAD _build/nrf52840_xxaa/app_error_weak.c.o
LOAD _build/nrf52840_xxaa/app_util_platform.c.o
LOAD _build/nrf52840_xxaa/nrf_assert.c.o
LOAD _build/nrf52840_xxaa/nrf_atomic.c.o
LOAD _build/nrf52840_xxaa/nrf_balloc.c.o
LOAD _build/nrf52840_xxaa/nrf_fprintf.c.o
LOAD _build/nrf52840_xxaa/nrf_fprintf_format.c.o
LOAD _build/nrf52840_xxaa/nrf_memobj.c.o
LOAD _build/nrf52840_xxaa/nrf_ringbuf.c.o
LOAD _build/nrf52840_xxaa/nrf_strerror.c.o
LOAD _build/nrf52840_xxaa/nrfx_atomic.c.o
LOAD _build/nrf52840_xxaa/main.c.o
LOAD _build/nrf52840_xxaa/system_nrf52840.c.o
LOAD _build/nrf52840_xxaa/hsv.c.o
LOAD _build/nrf52840_xxaa/my_blink.c.o
LOAD _build/nrf52840_xxaa/pwm.c.o
LOAD _build/nrf52840_xxaa/click_manager.c.o
LOAD _build/nrf52840_xxaa/my_leds.c.o
LOAD _build/nrf52840_xxaa/nvmc.c.o
LOAD _build/nrf52840_xxaa/set_color.c.o
LOAD _build/nrf52840_xxaa/states.c.o
LOAD _build/nrf52840_xxaa/my_button.c.o
LOAD _build/nrf52840_xxaa/nrfx_systick.c.o
LOAD _build/nrf52840_xxaa/nrfx_gpiote.c.o
LOAD _build/nrf52840_xxaa/app_timer2.c.o
LOAD _build/nrf52840_xxaa/drv_rtc.c.o
LOAD _build/nrf52840_xxaa/nrf_sortlist.c.o
LOAD _build/nrf52840_xxaa/nrf_atfifo.c.o
LOAD _build/nrf52840_xxaa/app_scheduler.c.o
LOAD _build/nrf52840_xxaa/nrf_log_default_backends.c.o
LOAD _build/nrf52840_xxaa/nrf_log_backend_usb.c.o
LOAD _build/nrf52840_xxaa/app_usbd.c.o
LOAD _build/nrf52840_xxaa/nrf_drv_clock.c.o
LOAD _build/nrf52840_xxaa/nrfx_usbd.c.o
LOAD _build/nrf52840_xxaa/app_usbd_core.c.o
LOAD _build/nrf52840_xxaa/app_usbd_string_desc.c.o
LOAD _build/nrf52840_xxaa/nrfx_clock.c.o
LOAD _build/nrf52840_xxaa/nrf_log_backend_serial.c.o
LOAD _build/nrf52840_xxaa/app_usbd_cdc_acm.c.o
LOAD _build/nrf52840_xxaa/app_usbd_serial_num.c.o
LOAD _build/nrf52840_xxaa/nrf_drv_power.c.o
LOAD _build/nrf52840_xxaa/nrfx_power.c.o
LOAD _build/nrf52840_xxaa/nrfx_pwm.c.o
LOAD _build/nrf52840_xxaa/nrfx_nvmc.c.o
LOAD /usr/lib/gcc/arm-none-eabi/9.2.1/../../../arm-none-eabi/lib/thumb/v7e-m+fp/hard/libc_nano.a
LOAD /usr/lib/gcc/arm-none-eabi/9.2.1/../../../arm-none-eabi/lib/thumb/v7e-m+fp/hard/libnosys.a
LOAD /usr/lib/gcc/arm-none-eabi/9.2.1/../../../arm-none-eabi/lib/thumb/v7e-m+fp/hard/libm.a
START GROUP
LOAD /usr/lib/gcc/arm-none-eabi/9.2.1/thumb/v7e-m+fp/hard/libgcc.a
LOAD /usr/lib/gcc/arm-none-eabi/9.2.1/../../../arm-none-eabi/lib/thumb/v7e-m+fp/hard/libg_nano.a
LOAD /usr/lib/gcc/arm-none-eabi/9.2.1/../../../arm-none-eabi/lib/thumb/v7e-m+fp/hard/libc_nano.a
END GROUP
START GROUP
LOAD /usr/lib/gcc/arm-none-eabi/9.2.1/thumb/v7e-m+fp/hard/libgcc.a
LOAD /usr/lib/gcc/arm-none-eabi/9.2.1/../../../arm-none-eabi/lib/thumb/v7e-m+fp/hard/libc_nano.a
END GROUP
LOAD /usr/lib/gcc/arm-none-eabi/9.2.1/thumb/v7e-m+fp/hard/crtend.o
LOAD /usr/lib/gcc/arm-none-eabi/9.2.1/thumb/v7e-m+fp/hard/crtn.o
START GROUP
LOAD /usr/lib/gcc/arm-none-eabi/9.2.1/thumb/v7e-m+fp/hard/libgcc.a
LOAD /usr/lib/gcc/arm-none-eabi/9.2.1/../../../arm-none-eabi/lib/thumb/v7e-m+fp/hard/libc.a
LOAD /usr/lib/gcc/arm-none-eabi/9.2.1/../../../arm-none-eabi/lib/thumb/v7e-m+fp/hard/libnosys.a
END GROUP

.tm_clone_table
                0x00000000200012c8        0x0 load address 0x0000000000028f68
 .tm_clone_table
                0x00000000200012c8        0x0 /usr/lib/gcc/arm-none-eabi/9.2.1/thumb/v7e-m+fp/hard/crtbegin.o
 .tm_clone_table
                0x00000000200012c8        0x0 /usr/lib/gcc/arm-none-eabi/9.2.1/thumb/v7e-m+fp/hard/crtend.o

.igot.plt       0x00000000200012c8        0x0 load address 0x0000000000028f68
 .igot.plt      0x00000000200012c8        0x0 /usr/lib/gcc/arm-none-eabi/9.2.1/thumb/v7e-m+fp/hard/crtbegin.o
                0x00000000200012c8                . = ALIGN (0x4)

.mem_section_dummy_ram

.log_dynamic_data
                0x00000000200012c8       0x40 load address 0x0000000000028f68
                0x00000000200012c8                PROVIDE (__start_log_dynamic_data = .)
 *(SORT_BY_NAME(.log_dynamic_data*))
 .log_dynamic_data_CLOCK
                0x00000000200012c8        0x4 _build/nrf52840_xxaa/nrfx_clock.c.o
                0x00000000200012c8                m_nrf_log_CLOCK_logs_data_dynamic
 .log_dynamic_data_GPIOTE
                0x00000000200012cc        0x4 _build/nrf52840_xxaa/nrfx_gpiote.c.o
                0x00000000200012cc                m_nrf_log_GPIOTE_logs_data_dynamic
 .log_dynamic_data_PWM
                0x00000000200012d0        0x4 _build/nrf52840_xxaa/nrfx_pwm.c.o
                0x00000000200012d0                m_nrf_log_PWM_logs_data_dynamic
 .log_dynamic_data_USBD
                0x00000000200012d4        0x4 _build/nrf52840_xxaa/nrfx_usbd.c.o
                0x00000000200012d4                m_nrf_log_USBD_logs_data_dynamic
 .log_dynamic_data_app
                0x00000000200012d8        0x4 _build/nrf52840_xxaa/nrf_log_frontend.c.o
                0x00000000200012d8                m_nrf_log_app_logs_data_dynamic
 .log_dynamic_data_app_timer
                0x00000000200012dc        0x4 _build/nrf52840_xxaa/app_timer2.c.o
                0x00000000200012dc                m_nrf_log_app_timer_logs_data_dynamic
 .log_dynamic_data_app_timer_debounce_timer
                0x00000000200012e0        0x4 _build/nrf52840_xxaa/click_manager.c.o
                0x00000000200012e0                m_nrf_log_app_timer_debounce_timer_logs_data_dynamic
 .log_dynamic_data_app_timer_double_click_timer
                0x00000000200012e4        0x4 _build/nrf52840_xxaa/click_manager.c.o
                0x00000000200012e4                m_nrf_log_app_timer_double_click_timer_logs_data_dynamic
 .log_dynamic_data_app_usbd
                0x00000000200012e8        0x4 _build/nrf52840_xxaa/app_usbd.c.o
                0x00000000200012e8                m_nrf_log_app_usbd_logs_data_dynamic
 .log_dynamic_data_app_usbd_core
                0x00000000200012ec        0x4 _build/nrf52840_xxaa/app_usbd_core.c.o
                0x00000000200012ec                m_nrf_log_app_usbd_core_logs_data_dynamic
 .log_dynamic_data_atfifo_m_event_queue
                0x00000000200012f0        0x4 _build/nrf52840_xxaa/app_usbd.c.o
                0x00000000200012f0                m_nrf_log_atfifo_m_event_queue_logs_data_dynamic
 .log_dynamic_data_atfifo_m_req_fifo
                0x00000000200012f4        0x4 _build/nrf52840_xxaa/app_timer2.c.o
                0x00000000200012f4                m_nrf_log_atfifo_m_req_fifo_logs_data_dynamic
 .log_dynamic_data_balloc_log_mempool
                0x00000000200012f8        0x4 _build/nrf52840_xxaa/nrf_log_frontend.c.o
                0x00000000200012f8                m_nrf_log_balloc_log_mempool_logs_data_dynamic
 .log_dynamic_data_cdc_acm
                0x00000000200012fc        0x4 _build/nrf52840_xxaa/app_usbd_cdc_acm.c.o
                0x00000000200012fc                m_nrf_log_cdc_acm_logs_data_dynamic
 .log_dynamic_data_clock
                0x0000000020001300        0x4 _build/nrf52840_xxaa/nrf_drv_clock.c.o
                0x0000000020001300                m_nrf_log_clock_logs_data_dynamic
 .log_dynamic_data_sortlist
                0x0000000020001304        0x4 _build/nrf52840_xxaa/nrf_sortlist.c.o
                0x0000000020001304                m_nrf_log_sortlist_logs_data_dynamic
                [!provide]                        PROVIDE (__stop_log_dynamic_data = .)

.log_filter_data
                0x0000000020001308       0x40 load address 0x0000000000028fa8
                0x0000000020001308                PROVIDE (__start_log_filter_data = .)
 *(SORT_BY_NAME(.log_filter_data*))
 .log_filter_data_CLOCK
                0x0000000020001308        0x4 _build/nrf52840_xxaa/nrfx_clock.c.o
                0x0000000020001308                m_nrf_log_CLOCK_logs_data_filter
 .log_filter_data_GPIOTE
                0x000000002000130c        0x4 _build/nrf52840_xxaa/nrfx_gpiote.c.o
                0x000000002000130c                m_nrf_log_GPIOTE_logs_data_filter
 .log_filter_data_PWM
                0x0000000020001310        0x4 _build/nrf52840_xxaa/nrfx_pwm.c.o
                0x0000000020001310                m_nrf_log_PWM_logs_data_filter
 .log_filter_data_USBD
                0x0000000020001314        0x4 _build/nrf52840_xxaa/nrfx_usbd.c.o
                0x0000000020001314                m_nrf_log_USBD_logs_data_filter
 .log_filter_data_app
                0x0000000020001318        0x4 _build/nrf52840_xxaa/nrf_log_frontend.c.o
                0x0000000020001318                m_nrf_log_app_logs_data_filter
 .log_filter_data_app_timer
                0x000000002000131c        0x4 _build/nrf52840_xxaa/app_timer2.c.o
                0x000000002000131c                m_nrf_log_app_timer_logs_data_filter
 .log_filter_data_app_timer_debounce_timer
                0x0000000020001320        0x4 _build/nrf52840_xxaa/click_manager.c.o
                0x0000000020001320                m_nrf_log_app_timer_debounce_timer_logs_data_filter
 .log_filter_data_app_timer_double_click_timer
                0x0000000020001324        0x4 _build/nrf52840_xxaa/click_manager.c.o
                0x0000000020001324                m_nrf_log_app_timer_double_click_timer_logs_data_filter
 .log_filter_data_app_usbd
                0x0000000020001328        0x4 _build/nrf52840_xxaa/app_usbd.c.o
                0x0000000020001328                m_nrf_log_app_usbd_logs_data_filter
 .log_filter_data_app_usbd_core
                0x000000002000132c        0x4 _build/nrf52840_xxaa/app_usbd_core.c.o
                0x000000002000132c                m_nrf_log_app_usbd_core_logs_data_filter
 .log_filter_data_atfifo_m_event_queue
                0x0000000020001330        0x4 _build/nrf52840_xxaa/app_usbd.c.o
                0x0000000020001330                m_nrf_log_atfifo_m_event_queue_logs_data_filter
 .log_filter_data_atfifo_m_req_fifo
                0x0000000020001334        0x4 _build/nrf52840_xxaa/app_timer2.c.o
                0x0000000020001334                m_nrf_log_atfifo_m_req_fifo_logs_data_filter
 .log_filter_data_balloc_log_mempool
                0x0000000020001338        0x4 _build/nrf52840_xxaa/nrf_log_frontend.c.o
                0x0000000020001338                m_nrf_log_balloc_log_mempool_logs_data_filter
 .log_filter_data_cdc_acm
                0x000000002000133c        0x4 _build/nrf52840_xxaa/app_usbd_cdc_acm.c.o
                0x000000002000133c                m_nrf_log_cdc_acm_logs_data_filter
 .log_filter_data_clock
                0x0000000020001340        0x4 _build/nrf52840_xxaa/nrf_drv_clock.c.o
                0x0000000020001340                m_nrf_log_clock_logs_data_filter
 .log_filter_data_sortlist
                0x0000000020001344        0x4 _build/nrf52840_xxaa/nrf_sortlist.c.o
                0x0000000020001344                m_nrf_log_sortlist_logs_data_filter
                [!provide]                        PROVIDE (__stop_log_filter_data = .)

.bss            0x0000000020001348      0xda8 load address 0x0000000000028fe8
                0x0000000020001348                . = ALIGN (0x4)
                0x0000000020001348                __bss_start__ = .
 *(.bss*)
 .bss           0x0000000020001348       0x1c /usr/lib/gcc/arm-none-eabi/9.2.1/thumb/v7e-m+fp/hard/crtbegin.o
 .bss.log_mempool_nrf_balloc_cb
                0x0000000020001364        0x8 _build/nrf52840_xxaa/nrf_log_frontend.c.o
 .bss.log_mempool_nrf_balloc_pool_mem
                0x000000002000136c       0xc0 _build/nrf52840_xxaa/nrf_log_frontend.c.o